interactions:
- request:
    body: null
    headers:
      Connection: [keep-alive]
      Content-Length: ['0']
      User-Agent: [Azure-Storage/0.36.0 (Python CPython 2.7.10; Darwin 16.7.0)]
      x-ms-client-request-id: [d1049268-981c-11e7-be22-b8e8564491f6]
      x-ms-date: ['Wed, 13 Sep 2017 00:45:19 GMT']
      x-ms-version: ['2017-04-17']
    method: PUT
    uri: https://storagename.blob.core.windows.net/utcontainerfb751ca3?restype=container
  response:
    body: {string: !!python/unicode ''}
    headers:
      date: ['Wed, 13 Sep 2017 00:45:18 GMT']
      etag: ['"0x8D4FA40B530ECCD"']
      last-modified: ['Wed, 13 Sep 2017 00:45:19 GMT']
      server: [Windows-Azure-Blob/1.0 Microsoft-HTTPAPI/2.0]
      transfer-encoding: [chunked]
      x-ms-request-id: [69757e62-001e-0020-3029-2c3818000000]
      x-ms-version: ['2017-04-17']
    status: {code: 201, message: Created}
- request:
    body: !!python/unicode 'hello world'
    headers:
      Connection: [keep-alive]
      Content-Length: ['11']
      User-Agent: [Azure-Storage/0.36.0 (Python CPython 2.7.10; Darwin 16.7.0)]
      x-ms-blob-type: [BlockBlob]
      x-ms-client-request-id: [d11cf499-981c-11e7-99ec-b8e8564491f6]
      x-ms-date: ['Wed, 13 Sep 2017 00:45:19 GMT']
      x-ms-version: ['2017-04-17']
    method: PUT
    uri: https://storagename.blob.core.windows.net/utcontainerfb751ca3/blob1
  response:
    body: {string: !!python/unicode ''}
    headers:
      content-md5: [XrY7u+Ae7tCTyyK7j1rNww==]
      date: ['Wed, 13 Sep 2017 00:45:18 GMT']
      etag: ['"0x8D4FA40B52FFB89"']
      last-modified: ['Wed, 13 Sep 2017 00:45:19 GMT']
      server: [Windows-Azure-Blob/1.0 Microsoft-HTTPAPI/2.0]
      transfer-encoding: [chunked]
      x-ms-request-id: [69757e7b-001e-0020-4329-2c3818000000]
      x-ms-request-server-encrypted: ['true']
      x-ms-version: ['2017-04-17']
    status: {code: 201, message: Created}
- request:
    body: null
    headers:
      Connection: [keep-alive]
      User-Agent: [Azure-Storage/0.36.0 (Python CPython 2.7.10; Darwin 16.7.0)]
      x-ms-client-request-id: [d1230a5c-981c-11e7-abdf-b8e8564491f6]
      x-ms-date: ['Wed, 13 Sep 2017 00:45:19 GMT']
      x-ms-version: ['2017-04-17']
    method: HEAD
    uri: https://storagename.blob.core.windows.net/utcontainerfb751ca3/blob1
  response:
    body: {string: !!python/unicode ''}
    headers:
      accept-ranges: [bytes]
      content-length: ['11']
      content-md5: [XrY7u+Ae7tCTyyK7j1rNww==]
      content-type: [application/octet-stream]
      date: ['Wed, 13 Sep 2017 00:45:18 GMT']
      etag: ['"0x8D4FA40B52FFB89"']
      last-modified: ['Wed, 13 Sep 2017 00:45:19 GMT']
      server: [Windows-Azure-Blob/1.0 Microsoft-HTTPAPI/2.0]
      vary: [Origin]
      x-ms-blob-type: [BlockBlob]
      x-ms-lease-state: [available]
      x-ms-lease-status: [unlocked]
      x-ms-request-id: [69757e8a-001e-0020-5129-2c3818000000]
      x-ms-server-encrypted: ['true']
      x-ms-version: ['2017-04-17']
    status: {code: 200, message: OK}
- request:
    body: null
    headers:
      Connection: [keep-alive]
      Content-Length: ['0']
      If-None-Match: ['"0x8D4FA40B52FFB89"']
      User-Agent: [Azure-Storage/0.36.0 (Python CPython 2.7.10; Darwin 16.7.0)]
      x-ms-client-request-id: [d12b6f3a-981c-11e7-bc15-b8e8564491f6]
      x-ms-date: ['Wed, 13 Sep 2017 00:45:19 GMT']
      x-ms-version: ['2017-04-17']
    method: PUT
    uri: https://storagename.blob.core.windows.net/utcontainerfb751ca3/blob1?comp=snapshot
  response:
    body: {string: "\uFEFF<?xml version=\"1.0\" encoding=\"utf-8\"?><Error><Code>ConditionNotMet</Code><Message>The\
        \ condition specified using HTTP conditional header(s) is not met.\nRequestId:69757ea2-001e-0020-6629-2c3818000000\n\
        Time:2017-09-13T00:45:19.2166933Z</Message></Error>"}
    headers:
      content-length: ['252']
      content-type: [application/xml]
      date: ['Wed, 13 Sep 2017 00:45:18 GMT']
      server: [Windows-Azure-Blob/1.0 Microsoft-HTTPAPI/2.0]
      x-ms-request-id: [69757ea2-001e-0020-6629-2c3818000000]
      x-ms-version: ['2017-04-17']
    status: {code: 412, message: The condition specified using HTTP conditional header(s)
        is not met.}
version: 1
