interactions:
- request:
    body: null
    headers:
      Connection: [keep-alive]
      Content-Length: ['0']
      User-Agent: [Azure-Storage/1.4.0-2.0.0 (Python CPython 3.7.0; Darwin 18.5.0)]
      x-ms-client-request-id: [bb4866ae-71f8-11e9-a804-acde48001122]
      x-ms-date: ['Thu, 09 May 2019 01:21:11 GMT']
      x-ms-version: ['2018-03-28']
    method: PUT
    uri: https://storagename.queue.core.windows.net/mytestqueue0ab101218
  response:
    body: {string: ''}
    headers:
      Content-Length: ['0']
      Date: ['Thu, 09 May 2019 01:21:11 GMT']
      Server: [Windows-Azure-Queue/1.0 Microsoft-HTTPAPI/2.0]
      x-ms-request-id: [64e50538-7003-0003-6305-06cc2c000000]
      x-ms-version: ['2018-03-28']
    status: {code: 201, message: Created}
- request:
    body: '<?xml version=''1.0'' encoding=''utf-8''?>

      <QueueMessage><MessageText>AQ==</MessageText></QueueMessage>'
    headers:
      Connection: [keep-alive]
      Content-Length: ['99']
      User-Agent: [Azure-Storage/1.4.0-2.0.0 (Python CPython 3.7.0; Darwin 18.5.0)]
      x-ms-client-request-id: [bb5b82de-71f8-11e9-a804-acde48001122]
      x-ms-date: ['Thu, 09 May 2019 01:21:12 GMT']
      x-ms-version: ['2018-03-28']
    method: POST
    uri: https://storagename.queue.core.windows.net/mytestqueue0ab101218/messages
  response:
    body: {string: "\uFEFF<?xml version=\"1.0\" encoding=\"utf-8\"?><QueueMessagesList><QueueMessage><MessageId>a992094a-ca67-4c41-b6ab-b9ca3ae0c5e8</MessageId><InsertionTime>Thu,\
        \ 09 May 2019 01:21:12 GMT</InsertionTime><ExpirationTime>Thu, 16 May 2019\
        \ 01:21:12 GMT</ExpirationTime><PopReceipt>AgAAAAMAAAAAAAAAybUlfQUG1QE=</PopReceipt><TimeNextVisible>Thu,\
        \ 09 May 2019 01:21:12 GMT</TimeNextVisible></QueueMessage></QueueMessagesList>"}
    headers:
      Content-Type: [application/xml]
      Date: ['Thu, 09 May 2019 01:21:11 GMT']
      Server: [Windows-Azure-Queue/1.0 Microsoft-HTTPAPI/2.0]
      Transfer-Encoding: [chunked]
      x-ms-request-id: [e7bee067-0003-0025-1105-065798000000]
      x-ms-version: ['2018-03-28']
    status: {code: 201, message: Created}
- request:
    body: null
    headers:
      Connection: [keep-alive]
      User-Agent: [Azure-Storage/1.4.0-2.0.0 (Python CPython 3.7.0; Darwin 18.5.0)]
      x-ms-client-request-id: [bb6eb93a-71f8-11e9-a804-acde48001122]
      x-ms-date: ['Thu, 09 May 2019 01:21:12 GMT']
      x-ms-version: ['2018-03-28']
    method: GET
    uri: https://storagename.queue.core.windows.net/mytestqueue0ab101218/messages
  response:
    body: {string: "\uFEFF<?xml version=\"1.0\" encoding=\"utf-8\"?><QueueMessagesList><QueueMessage><MessageId>a992094a-ca67-4c41-b6ab-b9ca3ae0c5e8</MessageId><InsertionTime>Thu,\
        \ 09 May 2019 01:21:12 GMT</InsertionTime><ExpirationTime>Thu, 16 May 2019\
        \ 01:21:12 GMT</ExpirationTime><PopReceipt>AgAAAAMAAAAAAAAAK4oMjwUG1QE=</PopReceipt><TimeNextVisible>Thu,\
        \ 09 May 2019 01:21:42 GMT</TimeNextVisible><DequeueCount>1</DequeueCount><MessageText>AQ==</MessageText></QueueMessage></QueueMessagesList>"}
    headers:
      Cache-Control: [no-cache]
      Content-Type: [application/xml]
      Date: ['Thu, 09 May 2019 01:21:11 GMT']
      Server: [Windows-Azure-Queue/1.0 Microsoft-HTTPAPI/2.0]
      Transfer-Encoding: [chunked]
      x-ms-request-id: [e7bee06d-0003-0025-1505-065798000000]
      x-ms-version: ['2018-03-28']
    status: {code: 200, message: OK}
version: 1
