interactions:
- request:
    body: !!python/unicode '{"test3": "3", "test2": "value", "test5": "2017-08-18T23:12:50Z",
      "test4": "1234567890", "PartitionKey": "001", "test5@odata.type": "Edm.DateTime",
      "test3@odata.type": "Edm.Int64", "RowKey": "batch_merge", "test": "true", "test4@odata.type":
      "Edm.Int64"}'
    headers:
      Accept: [application/json;odata=minimalmetadata]
      Connection: [keep-alive]
      Content-Length: ['254']
      Content-Type: [application/json]
      DataServiceVersion: [3.0;NetFx]
      MaxDataServiceVersion: ['3.0']
      Prefer: [return-no-content]
      User-Agent: [Azure-Storage/0.36.0 (Python CPython 2.7.10; Darwin 16.7.0)]
      x-ms-client-request-id: [c16bd445-846a-11e7-bb3f-b8e8564491f6]
      x-ms-date: ['Fri, 18 Aug 2017 23:12:50 GMT']
      x-ms-version: ['2017-04-17']
    method: POST
    uri: https://storagename.table.core.windows.net/tablee2da0d47
  response:
    body: {string: !!python/unicode ''}
    headers:
      cache-control: [no-cache]
      content-length: ['0']
      dataserviceid: ['https://storagename.table.core.windows.net/tablee2da0d47(PartitionKey=''001'',RowKey=''batch_merge'')']
      date: ['Fri, 18 Aug 2017 23:12:50 GMT']
      etag: [W/"datetime'2017-08-18T23%3A12%3A50.3853635Z'"]
      location: ['https://storagename.table.core.windows.net/tablee2da0d47(PartitionKey=''001'',RowKey=''batch_merge'')']
      preference-applied: [return-no-content]
      server: [Windows-Azure-Table/1.0 Microsoft-HTTPAPI/2.0]
      x-content-type-options: [nosniff]
      x-ms-request-id: [c1084e73-0002-0056-2e77-18bca4000000]
      x-ms-version: ['2017-04-17']
    status: {code: 204, message: No Content}
- request:
    body: null
    headers:
      Accept: [application/json;odata=minimalmetadata]
      Connection: [keep-alive]
      DataServiceVersion: [3.0;NetFx]
      MaxDataServiceVersion: ['3.0']
      User-Agent: [Azure-Storage/0.36.0 (Python CPython 2.7.10; Darwin 16.7.0)]
      x-ms-client-request-id: [c1807d17-846a-11e7-9b22-b8e8564491f6]
      x-ms-date: ['Fri, 18 Aug 2017 23:12:50 GMT']
      x-ms-version: ['2017-04-17']
    method: GET
    uri: https://storagename.table.core.windows.net/tablee2da0d47(PartitionKey='001',RowKey='batch_merge')
  response:
    body: {string: !!python/unicode '{"odata.metadata":"https://storagename.table.core.windows.net/$metadata#tablee2da0d47/@Element","odata.etag":"W/\"datetime''2017-08-18T23%3A12%3A50.3853635Z''\"","PartitionKey":"001","RowKey":"batch_merge","Timestamp":"2017-08-18T23:12:50.3853635Z","test3@odata.type":"Edm.Int64","test3":"3","test2":"value","test5@odata.type":"Edm.DateTime","test5":"2017-08-18T23:12:50Z","test4@odata.type":"Edm.Int64","test4":"1234567890","test":"true"}'}
    headers:
      cache-control: [no-cache]
      content-type: [application/json;odata=minimalmetadata;streaming=true;charset=utf-8]
      date: ['Fri, 18 Aug 2017 23:12:50 GMT']
      etag: [W/"datetime'2017-08-18T23%3A12%3A50.3853635Z'"]
      server: [Windows-Azure-Table/1.0 Microsoft-HTTPAPI/2.0]
      transfer-encoding: [chunked]
      x-content-type-options: [nosniff]
      x-ms-request-id: [c1084e77-0002-0056-3077-18bca4000000]
      x-ms-version: ['2017-04-17']
    status: {code: 200, message: OK}
- request:
    body: !!python/unicode '--batch_c185e0d1-846a-11e7-94a9-b8e8564491f6

      Content-Type: multipart/mixed; boundary=changeset_c185e199-846a-11e7-b9ed-b8e8564491f6


      --changeset_c185e199-846a-11e7-b9ed-b8e8564491f6

      Content-Type: application/http

      Content-Transfer-Encoding: binary


      MERGE /tablee2da0d47(PartitionKey=''001'',RowKey=''batch_merge'') HTTP/1.1

      Content-ID: 1

      Accept: application/json;odata=minimalmetadata

      If-Match: *

      Content-Type: application/json

      Content-Length: 67


      {"PartitionKey": "001", "test2": "value1", "RowKey": "batch_merge"}


      --changeset_c185e199-846a-11e7-b9ed-b8e8564491f6--

      --batch_c185e0d1-846a-11e7-94a9-b8e8564491f6--'
    headers:
      Connection: [keep-alive]
      Content-Length: ['609']
      Content-Type: [!!python/unicode 'multipart/mixed; boundary=batch_c185e0d1-846a-11e7-94a9-b8e8564491f6']
      DataServiceVersion: [3.0;NetFx]
      MaxDataServiceVersion: ['3.0']
      User-Agent: [Azure-Storage/0.36.0 (Python CPython 2.7.10; Darwin 16.7.0)]
      x-ms-client-request-id: [c185e457-846a-11e7-8e38-b8e8564491f6]
      x-ms-date: ['Fri, 18 Aug 2017 23:12:50 GMT']
      x-ms-version: ['2017-04-17']
    method: POST
    uri: https://storagename.table.core.windows.net/$batch
  response:
    body: {string: !!python/unicode "--batchresponse_6f3fec75-5568-4ab6-987b-cd32d31deac9\r\
        \nContent-Type: multipart/mixed; boundary=changesetresponse_cfe93cbb-f335-423c-9fe1-560db7d0ec5c\r\
        \n\r\n--changesetresponse_cfe93cbb-f335-423c-9fe1-560db7d0ec5c\r\nContent-Type:\
        \ application/http\r\nContent-Transfer-Encoding: binary\r\n\r\nHTTP/1.1 204\
        \ No Content\r\nContent-ID: 1\r\nX-Content-Type-Options: nosniff\r\nCache-Control:\
        \ no-cache\r\nDataServiceVersion: 1.0;\r\nETag: W/\"datetime'2017-08-18T23%3A12%3A50.3863635Z'\"\
        \r\n\r\n\r\n--changesetresponse_cfe93cbb-f335-423c-9fe1-560db7d0ec5c--\r\n\
        --batchresponse_6f3fec75-5568-4ab6-987b-cd32d31deac9--\r\n"}
    headers:
      cache-control: [no-cache]
      content-type: [multipart/mixed; boundary=batchresponse_6f3fec75-5568-4ab6-987b-cd32d31deac9]
      date: ['Fri, 18 Aug 2017 23:12:50 GMT']
      server: [Windows-Azure-Table/1.0 Microsoft-HTTPAPI/2.0]
      transfer-encoding: [chunked]
      x-content-type-options: [nosniff]
      x-ms-request-id: [c1084e7d-0002-0056-3677-18bca4000000]
      x-ms-version: ['2017-04-17']
    status: {code: 202, message: Accepted}
- request:
    body: null
    headers:
      Accept: [application/json;odata=minimalmetadata]
      Connection: [keep-alive]
      DataServiceVersion: [3.0;NetFx]
      MaxDataServiceVersion: ['3.0']
      User-Agent: [Azure-Storage/0.36.0 (Python CPython 2.7.10; Darwin 16.7.0)]
      x-ms-client-request-id: [c18c7d97-846a-11e7-a855-b8e8564491f6]
      x-ms-date: ['Fri, 18 Aug 2017 23:12:50 GMT']
      x-ms-version: ['2017-04-17']
    method: GET
    uri: https://storagename.table.core.windows.net/tablee2da0d47(PartitionKey='001',RowKey='batch_merge')
  response:
    body: {string: !!python/unicode '{"odata.metadata":"https://storagename.table.core.windows.net/$metadata#tablee2da0d47/@Element","odata.etag":"W/\"datetime''2017-08-18T23%3A12%3A50.3863635Z''\"","PartitionKey":"001","RowKey":"batch_merge","Timestamp":"2017-08-18T23:12:50.3863635Z","test":"true","test2":"value1","test3@odata.type":"Edm.Int64","test3":"3","test4@odata.type":"Edm.Int64","test4":"1234567890","test5@odata.type":"Edm.DateTime","test5":"2017-08-18T23:12:50Z"}'}
    headers:
      cache-control: [no-cache]
      content-type: [application/json;odata=minimalmetadata;streaming=true;charset=utf-8]
      date: ['Fri, 18 Aug 2017 23:12:50 GMT']
      etag: [W/"datetime'2017-08-18T23%3A12%3A50.3863635Z'"]
      server: [Windows-Azure-Table/1.0 Microsoft-HTTPAPI/2.0]
      transfer-encoding: [chunked]
      x-content-type-options: [nosniff]
      x-ms-request-id: [c1084e83-0002-0056-3c77-18bca4000000]
      x-ms-version: ['2017-04-17']
    status: {code: 200, message: OK}
version: 1
