interactions:
- request:
    body: '{"TableName": "table358619d2"}'
    headers:
      Accept: [application/json;odata=minimalmetadata]
      Connection: [keep-alive]
      Content-Length: ['30']
      Content-Type: [application/json]
      DataServiceVersion: [3.0;NetFx]
      MaxDataServiceVersion: ['3.0']
      Prefer: [return-no-content]
      User-Agent: [Azure-Storage/0.33.0 (Python CPython 3.4.4rc1; Windows 10)]
      x-ms-client-request-id: [779f57f6-5f29-11e6-8bb9-0050b66b38e2]
      x-ms-date: ['Wed, 10 Aug 2016 18:37:18 GMT']
      x-ms-version: ['2015-07-08']
    method: POST
    uri: https://storagename.table.core.windows.net/Tables
  response:
    body: {string: ''}
    headers:
      Cache-Control: [no-cache]
      Content-Length: ['0']
      DataServiceId: ['https://storagename.table.core.windows.net/Tables(''table358619d2'')']
      Date: ['Wed, 10 Aug 2016 18:37:16 GMT']
      Location: ['https://storagename.table.core.windows.net/Tables(''table358619d2'')']
      Preference-Applied: [return-no-content]
      Server: [Windows-Azure-Table/1.0 Microsoft-HTTPAPI/2.0]
      X-Content-Type-Options: [nosniff]
      x-ms-request-id: [3b68c5ee-0002-006c-3236-f354d9000000]
      x-ms-version: ['2015-07-08']
    status: {code: 204, message: No Content}
- request:
    body: null
    headers:
      Accept: [application/json;odata=minimalmetadata]
      Connection: [keep-alive]
      Content-Length: ['0']
      DataServiceVersion: [3.0;NetFx]
      MaxDataServiceVersion: ['3.0']
      User-Agent: [Azure-Storage/0.33.0 (Python CPython 3.4.4rc1; Windows 10)]
      x-ms-client-request-id: [77e81c7a-5f29-11e6-a110-0050b66b38e2]
      x-ms-date: ['Wed, 10 Aug 2016 18:37:19 GMT']
      x-ms-version: ['2015-07-08']
    method: DELETE
    uri: https://storagename.table.core.windows.net/Tables('table358619d2')
  response:
    body: {string: ''}
    headers:
      Cache-Control: [no-cache]
      Content-Length: ['0']
      Date: ['Wed, 10 Aug 2016 18:37:17 GMT']
      Server: [Windows-Azure-Table/1.0 Microsoft-HTTPAPI/2.0]
      X-Content-Type-Options: [nosniff]
      x-ms-request-id: [3b68c5fa-0002-006c-3c36-f354d9000000]
      x-ms-version: ['2015-07-08']
    status: {code: 204, message: No Content}
- request:
    body: null
    headers:
      Accept: [application/json;odata=nometadata]
      Connection: [keep-alive]
      DataServiceVersion: [3.0;NetFx]
      MaxDataServiceVersion: ['3.0']
      User-Agent: [Azure-Storage/0.33.0 (Python CPython 3.4.4rc1; Windows 10)]
      x-ms-client-request-id: [77ef0e6c-5f29-11e6-adc6-0050b66b38e2]
      x-ms-date: ['Wed, 10 Aug 2016 18:37:19 GMT']
      x-ms-version: ['2015-07-08']
    method: GET
    uri: https://storagename.table.core.windows.net/Tables('table358619d2')
  response:
    body: {string: '{"odata.error":{"code":"ResourceNotFound","message":{"lang":"en-US","value":"The
        specified resource does not exist.\nRequestId:3b68c605-0002-006c-4736-f354d9000000\nTime:2016-08-10T18:37:17.7432387Z"}}}'}
    headers:
      Cache-Control: [no-cache]
      Content-Type: [application/json;odata=nometadata;streaming=true;charset=utf-8]
      Date: ['Wed, 10 Aug 2016 18:37:17 GMT']
      Server: [Windows-Azure-Table/1.0 Microsoft-HTTPAPI/2.0]
      Transfer-Encoding: [chunked]
      X-Content-Type-Options: [nosniff]
      x-ms-request-id: [3b68c605-0002-006c-4736-f354d9000000]
      x-ms-version: ['2015-07-08']
    status: {code: 404, message: Not Found}
version: 1
