interactions:
- request:
    body: null
    headers:
      Connection: [keep-alive]
      Content-Length: ['0']
      User-Agent: [Azure-Storage/0.36.0 (Python CPython 2.7.10; Darwin 16.7.0)]
      x-ms-client-request-id: [c5502a17-8469-11e7-82d0-b8e8564491f6]
      x-ms-date: ['Fri, 18 Aug 2017 23:05:47 GMT']
      x-ms-version: ['2017-04-17']
    method: PUT
    uri: https://storagename.blob.core.windows.net/container3851155b?restype=container
  response:
    body: {string: !!python/unicode ''}
    headers:
      date: ['Fri, 18 Aug 2017 23:05:47 GMT']
      etag: ['"0x8D4E68DA9976E2C"']
      last-modified: ['Fri, 18 Aug 2017 23:05:47 GMT']
      server: [Windows-Azure-Blob/1.0 Microsoft-HTTPAPI/2.0]
      transfer-encoding: [chunked]
      x-ms-request-id: [35dba9bf-0001-005b-4076-1853a8000000]
      x-ms-version: ['2017-04-17']
    status: {code: 201, message: Created}
- request:
    body: !!python/unicode 'hello world'
    headers:
      Connection: [keep-alive]
      Content-Length: ['11']
      User-Agent: [Azure-Storage/0.36.0 (Python CPython 2.7.10; Darwin 16.7.0)]
      x-ms-blob-type: [BlockBlob]
      x-ms-client-request-id: [c568510c-8469-11e7-9297-b8e8564491f6]
      x-ms-date: ['Fri, 18 Aug 2017 23:05:47 GMT']
      x-ms-meta-name: [bob]
      x-ms-meta-number: ['1']
      x-ms-version: ['2017-04-17']
    method: PUT
    uri: https://storagename.blob.core.windows.net/container3851155b/blob1
  response:
    body: {string: !!python/unicode ''}
    headers:
      content-md5: [XrY7u+Ae7tCTyyK7j1rNww==]
      date: ['Fri, 18 Aug 2017 23:05:47 GMT']
      etag: ['"0x8D4E68DA97CA04F"']
      last-modified: ['Fri, 18 Aug 2017 23:05:47 GMT']
      server: [Windows-Azure-Blob/1.0 Microsoft-HTTPAPI/2.0]
      transfer-encoding: [chunked]
      x-ms-request-id: [35dba9e3-0001-005b-6276-1853a8000000]
      x-ms-request-server-encrypted: ['true']
      x-ms-version: ['2017-04-17']
    status: {code: 201, message: Created}
- request:
    body: !!python/unicode 'hello world'
    headers:
      Connection: [keep-alive]
      Content-Length: ['11']
      User-Agent: [Azure-Storage/0.36.0 (Python CPython 2.7.10; Darwin 16.7.0)]
      x-ms-blob-type: [BlockBlob]
      x-ms-client-request-id: [c570cf00-8469-11e7-a782-b8e8564491f6]
      x-ms-date: ['Fri, 18 Aug 2017 23:05:47 GMT']
      x-ms-meta-name: [car]
      x-ms-meta-number: ['2']
      x-ms-version: ['2017-04-17']
    method: PUT
    uri: https://storagename.blob.core.windows.net/container3851155b/blob2
  response:
    body: {string: !!python/unicode ''}
    headers:
      content-md5: [XrY7u+Ae7tCTyyK7j1rNww==]
      date: ['Fri, 18 Aug 2017 23:05:47 GMT']
      etag: ['"0x8D4E68DA982E300"']
      last-modified: ['Fri, 18 Aug 2017 23:05:47 GMT']
      server: [Windows-Azure-Blob/1.0 Microsoft-HTTPAPI/2.0]
      transfer-encoding: [chunked]
      x-ms-request-id: [35dbaa00-0001-005b-7a76-1853a8000000]
      x-ms-request-server-encrypted: ['true']
      x-ms-version: ['2017-04-17']
    status: {code: 201, message: Created}
- request:
    body: null
    headers:
      Connection: [keep-alive]
      Content-Length: ['0']
      User-Agent: [Azure-Storage/0.36.0 (Python CPython 2.7.10; Darwin 16.7.0)]
      x-ms-client-request-id: [c576c391-8469-11e7-bbd0-b8e8564491f6]
      x-ms-date: ['Fri, 18 Aug 2017 23:05:47 GMT']
      x-ms-version: ['2017-04-17']
    method: PUT
    uri: https://storagename.blob.core.windows.net/container3851155b/blob1?comp=snapshot
  response:
    body: {string: !!python/unicode ''}
    headers:
      date: ['Fri, 18 Aug 2017 23:05:47 GMT']
      etag: ['"0x8D4E68DA97CA04F"']
      last-modified: ['Fri, 18 Aug 2017 23:05:47 GMT']
      server: [Windows-Azure-Blob/1.0 Microsoft-HTTPAPI/2.0]
      transfer-encoding: [chunked]
      x-ms-request-id: [35dbaa0e-0001-005b-0676-1853a8000000]
      x-ms-snapshot: ['2017-08-18T23:05:47.5167340Z']
      x-ms-version: ['2017-04-17']
    status: {code: 201, message: Created}
- request:
    body: null
    headers:
      Connection: [keep-alive]
      User-Agent: [Azure-Storage/0.36.0 (Python CPython 2.7.10; Darwin 16.7.0)]
      x-ms-client-request-id: [c57cb0e1-8469-11e7-b210-b8e8564491f6]
      x-ms-date: ['Fri, 18 Aug 2017 23:05:47 GMT']
      x-ms-version: ['2017-04-17']
    method: GET
    uri: https://storagename.blob.core.windows.net/container3851155b?comp=list&include=metadata&restype=container
  response:
    body: {string: "\uFEFF<?xml version=\"1.0\" encoding=\"utf-8\"?><EnumerationResults\
        \ ServiceEndpoint=\"https://storagename.blob.core.windows.net/\" ContainerName=\"\
        container3851155b\"><Blobs><Blob><Name>blob1</Name><Properties><Last-Modified>Fri,\
        \ 18 Aug 2017 23:05:47 GMT</Last-Modified><Etag>0x8D4E68DA97CA04F</Etag><Content-Length>11</Content-Length><Content-Type>application/octet-stream</Content-Type><Content-Encoding\
        \ /><Content-Language /><Content-MD5>XrY7u+Ae7tCTyyK7j1rNww==</Content-MD5><Cache-Control\
        \ /><Content-Disposition /><BlobType>BlockBlob</BlobType><LeaseStatus>unlocked</LeaseStatus><LeaseState>available</LeaseState><ServerEncrypted>true</ServerEncrypted></Properties><Metadata><number>1</number><name>bob</name></Metadata></Blob><Blob><Name>blob2</Name><Properties><Last-Modified>Fri,\
        \ 18 Aug 2017 23:05:47 GMT</Last-Modified><Etag>0x8D4E68DA982E300</Etag><Content-Length>11</Content-Length><Content-Type>application/octet-stream</Content-Type><Content-Encoding\
        \ /><Content-Language /><Content-MD5>XrY7u+Ae7tCTyyK7j1rNww==</Content-MD5><Cache-Control\
        \ /><Content-Disposition /><BlobType>BlockBlob</BlobType><LeaseStatus>unlocked</LeaseStatus><LeaseState>available</LeaseState><ServerEncrypted>true</ServerEncrypted></Properties><Metadata><number>2</number><name>car</name></Metadata></Blob></Blobs><NextMarker\
        \ /></EnumerationResults>"}
    headers:
      content-type: [application/xml]
      date: ['Fri, 18 Aug 2017 23:05:47 GMT']
      server: [Windows-Azure-Blob/1.0 Microsoft-HTTPAPI/2.0]
      transfer-encoding: [chunked]
      vary: [Origin]
      x-ms-request-id: [35dbaa18-0001-005b-0f76-1853a8000000]
      x-ms-version: ['2017-04-17']
    status: {code: 200, message: OK}
version: 1
