interactions:
- request:
    body: null
    headers:
      Connection: [keep-alive]
      Content-Length: ['0']
      User-Agent: [Azure-Storage/0.36.0 (Python CPython 2.7.10; Darwin 16.7.0)]
      x-ms-client-request-id: [62de27ae-846a-11e7-88e9-b8e8564491f6]
      x-ms-content-length: ['1030']
      x-ms-date: ['Fri, 18 Aug 2017 23:10:11 GMT']
      x-ms-type: [file]
      x-ms-version: ['2017-04-17']
    method: PUT
    uri: https://storagename.file.core.windows.net/utshare5ebc10c9/utdir5ebc10c9/file5ebc10c9
  response:
    body: {string: !!python/unicode ''}
    headers:
      date: ['Fri, 18 Aug 2017 23:10:10 GMT']
      etag: ['"0x8D4E68E47178EFA"']
      last-modified: ['Fri, 18 Aug 2017 23:10:11 GMT']
      server: [Windows-Azure-File/1.0 Microsoft-HTTPAPI/2.0]
      transfer-encoding: [chunked]
      x-ms-request-id: [412b7482-001a-0000-1f77-1854d4000000]
      x-ms-request-server-encrypted: ['false']
      x-ms-version: ['2017-04-17']
    status: {code: 201, message: Created}
- request:
    body: !!python/unicode ' hello world hello python world hello world python hello
      python world python python hello python hello hello hello python hello python
      hello python hello python world hello python world world world hello python
      world python python hello python hello python hello world world python world
      world hello hello python hello world python hello python hello python world
      hello python world world hello python world python world hello world world python
      world hello hello world python python world hello world python python python
      hello hello world python python python hello hello hello hello python world
      world world world python hello python hello python hello python hello world
      python hello hello python hello world hello hello world hello world python hello
      python world python python hello hello hello hello world python world hello
      hello python world world world python python world world hello world world python
      python world world world python python hello python python python world world
      python world world python world python'
    headers:
      Connection: [keep-alive]
      Content-Length: ['1030']
      User-Agent: [Azure-Storage/0.36.0 (Python CPython 2.7.10; Darwin 16.7.0)]
      x-ms-client-request-id: [62f31219-846a-11e7-b291-b8e8564491f6]
      x-ms-date: ['Fri, 18 Aug 2017 23:10:11 GMT']
      x-ms-range: [bytes=0-1029]
      x-ms-version: ['2017-04-17']
      x-ms-write: [update]
    method: PUT
    uri: https://storagename.file.core.windows.net/utshare5ebc10c9/utdir5ebc10c9/file5ebc10c9?comp=range
  response:
    body: {string: !!python/unicode ''}
    headers:
      content-md5: [+GLdeO8f37aHpsMHX7khcw==]
      date: ['Fri, 18 Aug 2017 23:10:10 GMT']
      etag: ['"0x8D4E68E471D5C6D"']
      last-modified: ['Fri, 18 Aug 2017 23:10:11 GMT']
      server: [Windows-Azure-File/1.0 Microsoft-HTTPAPI/2.0]
      transfer-encoding: [chunked]
      x-ms-request-id: [412b7484-001a-0000-2077-1854d4000000]
      x-ms-request-server-encrypted: ['false']
      x-ms-version: ['2017-04-17']
    status: {code: 201, message: Created}
- request:
    body: null
    headers:
      Connection: [keep-alive]
      User-Agent: [Azure-Storage/0.36.0 (Python CPython 2.7.10; Darwin 16.7.0)]
      x-ms-client-request-id: [62f8d2b8-846a-11e7-9485-b8e8564491f6]
      x-ms-date: ['Fri, 18 Aug 2017 23:10:11 GMT']
      x-ms-range: [bytes=0-32767]
      x-ms-version: ['2017-04-17']
    method: GET
    uri: https://storagename.file.core.windows.net/utshare5ebc10c9/utdir5ebc10c9/file5ebc10c9
  response:
    body: {string: !!python/unicode ' hello world hello python world hello world python
        hello python world python python hello python hello hello hello python hello
        python hello python hello python world hello python world world world hello
        python world python python hello python hello python hello world world python
        world world hello hello python hello world python hello python hello python
        world hello python world world hello python world python world hello world
        world python world hello hello world python python world hello world python
        python python hello hello world python python python hello hello hello hello
        python world world world world python hello python hello python hello python
        hello world python hello hello python hello world hello hello world hello
        world python hello python world python python hello hello hello hello world
        python world hello hello python world world world python python world world
        hello world world python python world world world python python hello python
        python python world world python world world python world python'}
    headers:
      accept-ranges: [bytes]
      content-length: ['1030']
      content-range: [bytes 0-1029/1030]
      content-type: [application/octet-stream]
      date: ['Fri, 18 Aug 2017 23:10:10 GMT']
      etag: ['"0x8D4E68E471D5C6D"']
      last-modified: ['Fri, 18 Aug 2017 23:10:11 GMT']
      server: [Windows-Azure-File/1.0 Microsoft-HTTPAPI/2.0]
      x-ms-request-id: [412b7485-001a-0000-2177-1854d4000000]
      x-ms-server-encrypted: ['false']
      x-ms-type: [File]
      x-ms-version: ['2017-04-17']
    status: {code: 206, message: Partial Content}
version: 1
