interactions:
- request:
    body: null
    headers:
      Connection: [keep-alive]
      Content-Length: ['0']
      User-Agent: [Azure-Storage/0.36.0 (Python CPython 2.7.10; Darwin 16.7.0)]
      x-ms-client-request-id: [bfd1f347-981c-11e7-b6f3-b8e8564491f6]
      x-ms-date: ['Wed, 13 Sep 2017 00:44:50 GMT']
      x-ms-version: ['2017-04-17']
    method: PUT
    uri: https://storagename.blob.core.windows.net/utcontainera13d1b3d?restype=container
  response:
    body: {string: !!python/unicode ''}
    headers:
      date: ['Wed, 13 Sep 2017 00:44:50 GMT']
      etag: ['"0x8D4FA40A3FAF361"']
      last-modified: ['Wed, 13 Sep 2017 00:44:50 GMT']
      server: [Windows-Azure-Blob/1.0 Microsoft-HTTPAPI/2.0]
      transfer-encoding: [chunked]
      x-ms-request-id: [5cbcb173-001e-00c1-4529-2cdf6d000000]
      x-ms-version: ['2017-04-17']
    status: {code: 201, message: Created}
- request:
    body: !!python/unicode 'hello world'
    headers:
      Connection: [keep-alive]
      Content-Length: ['11']
      User-Agent: [Azure-Storage/0.36.0 (Python CPython 2.7.10; Darwin 16.7.0)]
      x-ms-blob-type: [BlockBlob]
      x-ms-client-request-id: [bfe6cc2e-981c-11e7-bfbc-b8e8564491f6]
      x-ms-date: ['Wed, 13 Sep 2017 00:44:50 GMT']
      x-ms-version: ['2017-04-17']
    method: PUT
    uri: https://storagename.blob.core.windows.net/utcontainera13d1b3d/blob1
  response:
    body: {string: !!python/unicode ''}
    headers:
      content-md5: [XrY7u+Ae7tCTyyK7j1rNww==]
      date: ['Wed, 13 Sep 2017 00:44:50 GMT']
      etag: ['"0x8D4FA40A3FA11A3"']
      last-modified: ['Wed, 13 Sep 2017 00:44:50 GMT']
      server: [Windows-Azure-Blob/1.0 Microsoft-HTTPAPI/2.0]
      transfer-encoding: [chunked]
      x-ms-request-id: [5cbcb185-001e-00c1-5229-2cdf6d000000]
      x-ms-request-server-encrypted: ['true']
      x-ms-version: ['2017-04-17']
    status: {code: 201, message: Created}
- request:
    body: null
    headers:
      Connection: [keep-alive]
      User-Agent: [Azure-Storage/0.36.0 (Python CPython 2.7.10; Darwin 16.7.0)]
      x-ms-client-request-id: [bfecb5b3-981c-11e7-84b9-b8e8564491f6]
      x-ms-date: ['Wed, 13 Sep 2017 00:44:50 GMT']
      x-ms-version: ['2017-04-17']
    method: HEAD
    uri: https://storagename.blob.core.windows.net/utcontainera13d1b3d/blob1
  response:
    body: {string: !!python/unicode ''}
    headers:
      accept-ranges: [bytes]
      content-length: ['11']
      content-md5: [XrY7u+Ae7tCTyyK7j1rNww==]
      content-type: [application/octet-stream]
      date: ['Wed, 13 Sep 2017 00:44:50 GMT']
      etag: ['"0x8D4FA40A3FA11A3"']
      last-modified: ['Wed, 13 Sep 2017 00:44:50 GMT']
      server: [Windows-Azure-Blob/1.0 Microsoft-HTTPAPI/2.0]
      vary: [Origin]
      x-ms-blob-type: [BlockBlob]
      x-ms-lease-state: [available]
      x-ms-lease-status: [unlocked]
      x-ms-request-id: [5cbcb192-001e-00c1-5e29-2cdf6d000000]
      x-ms-server-encrypted: ['true']
      x-ms-version: ['2017-04-17']
    status: {code: 200, message: OK}
- request:
    body: null
    headers:
      Connection: [keep-alive]
      Content-Length: ['0']
      If-None-Match: ['"0x8D4FA40A3FA11A3"']
      User-Agent: [Azure-Storage/0.36.0 (Python CPython 2.7.10; Darwin 16.7.0)]
      x-ms-client-request-id: [bff226a3-981c-11e7-b69b-b8e8564491f6]
      x-ms-date: ['Wed, 13 Sep 2017 00:44:50 GMT']
      x-ms-lease-action: [acquire]
      x-ms-lease-duration: ['-1']
      x-ms-version: ['2017-04-17']
    method: PUT
    uri: https://storagename.blob.core.windows.net/utcontainera13d1b3d/blob1?comp=lease
  response:
    body: {string: "\uFEFF<?xml version=\"1.0\" encoding=\"utf-8\"?><Error><Code>ConditionNotMet</Code><Message>The\
        \ condition specified using HTTP conditional header(s) is not met.\nRequestId:5cbcb1a4-001e-00c1-7029-2cdf6d000000\n\
        Time:2017-09-13T00:44:50.3186801Z</Message></Error>"}
    headers:
      content-length: ['252']
      content-type: [application/xml]
      date: ['Wed, 13 Sep 2017 00:44:50 GMT']
      server: [Windows-Azure-Blob/1.0 Microsoft-HTTPAPI/2.0]
      x-ms-request-id: [5cbcb1a4-001e-00c1-7029-2cdf6d000000]
      x-ms-version: ['2017-04-17']
    status: {code: 412, message: The condition specified using HTTP conditional header(s)
        is not met.}
version: 1
