interactions:
- request:
    body: null
    headers:
      Connection: [keep-alive]
      Content-Length: ['0']
      User-Agent: [Azure-Storage/1.4.0-2.0.0 (Python CPython 3.7.0; Darwin 18.5.0)]
      x-ms-client-request-id: [2e6a088c-71f3-11e9-b134-acde48001122]
      x-ms-date: ['Thu, 09 May 2019 00:41:28 GMT']
      x-ms-version: ['2018-11-09']
    method: PUT
    uri: https://storagename.blob.core.windows.net/utcontainer6b421e13?restype=container
  response:
    body: {string: ''}
    headers:
      Content-Length: ['0']
      Date: ['Thu, 09 May 2019 00:41:28 GMT']
      ETag: ['"0x8D6D41712D38791"']
      Last-Modified: ['Thu, 09 May 2019 00:41:28 GMT']
      Server: [Windows-Azure-Blob/1.0 Microsoft-HTTPAPI/2.0]
      x-ms-request-id: [853759a4-101e-0013-1dff-05faca000000]
      x-ms-version: ['2018-11-09']
    status: {code: 201, message: Created}
- request:
    body: hello world
    headers:
      Connection: [keep-alive]
      Content-Length: ['11']
      User-Agent: [Azure-Storage/1.4.0-2.0.0 (Python CPython 3.7.0; Darwin 18.5.0)]
      x-ms-blob-type: [BlockBlob]
      x-ms-client-request-id: [2ea51954-71f3-11e9-b134-acde48001122]
      x-ms-date: ['Thu, 09 May 2019 00:41:28 GMT']
      x-ms-version: ['2018-11-09']
    method: PUT
    uri: https://storagename.blob.core.windows.net/utcontainer6b421e13/blob1
  response:
    body: {string: ''}
    headers:
      Content-Length: ['0']
      Content-MD5: [XrY7u+Ae7tCTyyK7j1rNww==]
      Date: ['Thu, 09 May 2019 00:41:28 GMT']
      ETag: ['"0x8D6D41712D95E0E"']
      Last-Modified: ['Thu, 09 May 2019 00:41:28 GMT']
      Server: [Windows-Azure-Blob/1.0 Microsoft-HTTPAPI/2.0]
      x-ms-request-id: [853759c0-101e-0013-36ff-05faca000000]
      x-ms-request-server-encrypted: ['true']
      x-ms-version: ['2018-11-09']
    status: {code: 201, message: Created}
- request:
    body: null
    headers:
      Connection: [keep-alive]
      User-Agent: [Azure-Storage/1.4.0-2.0.0 (Python CPython 3.7.0; Darwin 18.5.0)]
      x-ms-client-request-id: [2eaa86f0-71f3-11e9-b134-acde48001122]
      x-ms-date: ['Thu, 09 May 2019 00:41:28 GMT']
      x-ms-version: ['2018-11-09']
    method: HEAD
    uri: https://storagename.blob.core.windows.net/utcontainer6b421e13/blob1
  response:
    body: {string: ''}
    headers:
      Accept-Ranges: [bytes]
      Content-Length: ['11']
      Content-MD5: [XrY7u+Ae7tCTyyK7j1rNww==]
      Content-Type: [application/octet-stream]
      Date: ['Thu, 09 May 2019 00:41:28 GMT']
      ETag: ['"0x8D6D41712D95E0E"']
      Last-Modified: ['Thu, 09 May 2019 00:41:28 GMT']
      Server: [Windows-Azure-Blob/1.0 Microsoft-HTTPAPI/2.0]
      Vary: [Origin]
      x-ms-access-tier: [Hot]
      x-ms-access-tier-inferred: ['true']
      x-ms-blob-type: [BlockBlob]
      x-ms-creation-time: ['Thu, 09 May 2019 00:41:28 GMT']
      x-ms-lease-state: [available]
      x-ms-lease-status: [unlocked]
      x-ms-request-id: [853759dd-101e-0013-51ff-05faca000000]
      x-ms-server-encrypted: ['true']
      x-ms-tag-count: ['0']
      x-ms-version: ['2018-11-09']
    status: {code: 200, message: OK}
- request:
    body: null
    headers:
      Connection: [keep-alive]
      If-None-Match: ['"0x8D6D41712D95E0E"']
      User-Agent: [Azure-Storage/1.4.0-2.0.0 (Python CPython 3.7.0; Darwin 18.5.0)]
      x-ms-client-request-id: [2eafdb6e-71f3-11e9-b134-acde48001122]
      x-ms-date: ['Thu, 09 May 2019 00:41:28 GMT']
      x-ms-version: ['2018-11-09']
    method: GET
    uri: https://storagename.blob.core.windows.net/utcontainer6b421e13/blob1?comp=metadata
  response:
    body: {string: ''}
    headers:
      Date: ['Thu, 09 May 2019 00:41:28 GMT']
      Server: [Windows-Azure-Blob/1.0 Microsoft-HTTPAPI/2.0]
      Vary: [Origin]
      x-ms-error-code: [ConditionNotMet]
      x-ms-request-id: [853759f3-101e-0013-66ff-05faca000000]
      x-ms-version: ['2018-11-09']
    status: {code: 304, message: The condition specified using HTTP conditional header(s)
        is not met.}
version: 1
