interactions:
- request:
    body: null
    headers:
      Connection: [keep-alive]
      Content-Length: ['0']
      User-Agent: [Azure-Storage/1.4.0-1.4.0 (Python CPython 3.7.0; Darwin 18.2.0)]
      x-ms-client-request-id: [2646f712-e474-11e8-9ac5-acde48001122]
      x-ms-date: ['Fri, 09 Nov 2018 23:06:54 GMT']
      x-ms-version: ['2018-03-28']
    method: PUT
    uri: https://storagename.blob.core.windows.net/containerf19d18cc?restype=container
  response:
    body: {string: ''}
    headers:
      Date: ['Fri, 09 Nov 2018 23:06:54 GMT']
      ETag: ['"0x8D646980A8F8A38"']
      Last-Modified: ['Fri, 09 Nov 2018 23:06:54 GMT']
      Server: [Windows-Azure-Blob/1.0 Microsoft-HTTPAPI/2.0]
      Transfer-Encoding: [chunked]
      x-ms-request-id: [c2a53b45-a01e-0028-7680-78b894000000]
      x-ms-version: ['2018-03-28']
    status: {code: 201, message: Created}
- request:
    body: null
    headers:
      Connection: [keep-alive]
      Content-Length: ['0']
      User-Agent: [Azure-Storage/1.4.0-1.4.0 (Python CPython 3.7.0; Darwin 18.2.0)]
      x-ms-client-request-id: [265efc04-e474-11e8-9ac5-acde48001122]
      x-ms-date: ['Fri, 09 Nov 2018 23:06:54 GMT']
      x-ms-version: ['2018-03-28']
    method: DELETE
    uri: https://storagename.blob.core.windows.net/containerf19d18cc?restype=container
  response:
    body: {string: ''}
    headers:
      Date: ['Fri, 09 Nov 2018 23:07:00 GMT']
      Server: [Windows-Azure-Blob/1.0 Microsoft-HTTPAPI/2.0]
      Transfer-Encoding: [chunked]
      x-ms-request-id: [c2a54e92-a01e-0028-6380-78b894000000]
      x-ms-version: ['2018-03-28']
    status: {code: 202, message: Accepted}
- request:
    body: null
    headers:
      Connection: [keep-alive]
      User-Agent: [Azure-Storage/1.4.0-1.4.0 (Python CPython 3.7.0; Darwin 18.2.0)]
      x-ms-client-request-id: [2a36ab92-e474-11e8-9ac5-acde48001122]
      x-ms-date: ['Fri, 09 Nov 2018 23:07:01 GMT']
      x-ms-version: ['2018-03-28']
    method: GET
    uri: https://storagename.blob.core.windows.net/containerf19d18cc?restype=container
  response:
    body: {string: "\uFEFF<?xml version=\"1.0\" encoding=\"utf-8\"?><Error><Code>ContainerNotFound</Code><Message>The\
        \ specified container does not exist.\nRequestId:c2a54eda-a01e-0028-2780-78b894000000\n\
        Time:2018-11-09T23:07:01.0578079Z</Message></Error>"}
    headers:
      Content-Length: ['225']
      Content-Type: [application/xml]
      Date: ['Fri, 09 Nov 2018 23:07:00 GMT']
      Server: [Windows-Azure-Blob/1.0 Microsoft-HTTPAPI/2.0]
      Vary: [Origin]
      x-ms-error-code: [ContainerNotFound]
      x-ms-request-id: [c2a54eda-a01e-0028-2780-78b894000000]
      x-ms-version: ['2018-03-28']
    status: {code: 404, message: The specified container does not exist.}
version: 1
