interactions:
- request:
    body: null
    headers:
      Accept-Encoding: [identity]
      Connection: [keep-alive]
      Content-Length: ['0']
      User-Agent: [Azure-Storage/0.31.0 (Python CPython 3.4.2; Windows 8)]
      x-ms-date: ['Thu, 07 Apr 2016 21:17:06 GMT']
      x-ms-version: ['2015-07-08']
    method: PUT
    uri: https://storagename.blob.core.windows.net/utcontainerdd531c3f?restype=container
  response:
    body: {string: ''}
    headers:
      Date: ['Thu, 07 Apr 2016 21:17:05 GMT']
      ETag: ['"0x8D35F29F8BADFAA"']
      Last-Modified: ['Thu, 07 Apr 2016 21:17:06 GMT']
      Server: [Windows-Azure-Blob/1.0 Microsoft-HTTPAPI/2.0]
      Transfer-Encoding: [chunked]
      x-ms-request-id: [02d453b3-0001-0061-1f12-91bbd5000000]
      x-ms-version: ['2015-07-08']
    status: {code: 201, message: Created}
- request:
    body: null
    headers:
      Accept-Encoding: [identity]
      Connection: [keep-alive]
      Content-Length: ['0']
      If-Unmodified-Since: ['Thu, 07 Apr 2016 21:32:06 GMT']
      User-Agent: [Azure-Storage/0.31.0 (Python CPython 3.4.2; Windows 8)]
      x-ms-date: ['Thu, 07 Apr 2016 21:17:06 GMT']
      x-ms-version: ['2015-07-08']
    method: PUT
    uri: https://storagename.blob.core.windows.net/utcontainerdd531c3f?restype=container&comp=acl
  response:
    body: {string: ''}
    headers:
      Date: ['Thu, 07 Apr 2016 21:17:05 GMT']
      ETag: ['"0x8D35F29F8BADFAB"']
      Last-Modified: ['Thu, 07 Apr 2016 21:17:06 GMT']
      Server: [Windows-Azure-Blob/1.0 Microsoft-HTTPAPI/2.0]
      Transfer-Encoding: [chunked]
      x-ms-request-id: [02d453de-0001-0061-4812-91bbd5000000]
      x-ms-version: ['2015-07-08']
    status: {code: 200, message: OK}
- request:
    body: null
    headers:
      Accept-Encoding: [identity]
      Connection: [keep-alive]
      User-Agent: [Azure-Storage/0.31.0 (Python CPython 3.4.2; Windows 8)]
      x-ms-date: ['Thu, 07 Apr 2016 21:17:06 GMT']
      x-ms-version: ['2015-07-08']
    method: GET
    uri: https://storagename.blob.core.windows.net/utcontainerdd531c3f?restype=container&comp=acl
  response:
    body: {string: "\uFEFF<?xml version=\"1.0\" encoding=\"utf-8\"?><SignedIdentifiers\
        \ />"}
    headers:
      Content-Type: [application/xml]
      Date: ['Thu, 07 Apr 2016 21:17:05 GMT']
      ETag: ['"0x8D35F29F8BADFAB"']
      Last-Modified: ['Thu, 07 Apr 2016 21:17:06 GMT']
      Server: [Windows-Azure-Blob/1.0 Microsoft-HTTPAPI/2.0]
      Transfer-Encoding: [chunked]
      x-ms-request-id: [02d45402-0001-0061-6812-91bbd5000000]
      x-ms-version: ['2015-07-08']
    status: {code: 200, message: OK}
version: 1
