interactions:
- request:
    body: null
    headers:
      Connection: [keep-alive]
      Content-Length: ['0']
      User-Agent: [Azure-Storage/0.36.0 (Python CPython 2.7.10; Darwin 16.7.0)]
      x-ms-client-request-id: [d87b68fd-981d-11e7-98a4-b8e8564491f6]
      x-ms-content-length: ['11']
      x-ms-date: ['Wed, 13 Sep 2017 00:52:41 GMT']
      x-ms-type: [file]
      x-ms-version: ['2017-04-17']
    method: PUT
    uri: https://storagename.file.core.windows.net/utshare927511d8/%E5%95%8A%E9%BD%84%E4%B8%82%E7%8B%9B%E7%8B%9C
  response:
    body: {string: !!python/unicode ''}
    headers:
      date: ['Wed, 13 Sep 2017 00:52:40 GMT']
      etag: ['"0x8D4FA41BCA181B8"']
      last-modified: ['Wed, 13 Sep 2017 00:52:41 GMT']
      server: [Windows-Azure-File/1.0 Microsoft-HTTPAPI/2.0]
      transfer-encoding: [chunked]
      x-ms-request-id: [a9ed7107-001a-0078-562a-2c3c63000000]
      x-ms-request-server-encrypted: ['false']
      x-ms-version: ['2017-04-17']
    status: {code: 201, message: Created}
- request:
    body: !!python/unicode 'hello world'
    headers:
      Connection: [keep-alive]
      Content-Length: ['11']
      User-Agent: [Azure-Storage/0.36.0 (Python CPython 2.7.10; Darwin 16.7.0)]
      x-ms-client-request-id: [d88f8528-981d-11e7-82cb-b8e8564491f6]
      x-ms-date: ['Wed, 13 Sep 2017 00:52:41 GMT']
      x-ms-range: [bytes=0-10]
      x-ms-version: ['2017-04-17']
      x-ms-write: [update]
    method: PUT
    uri: https://storagename.file.core.windows.net/utshare927511d8/%E5%95%8A%E9%BD%84%E4%B8%82%E7%8B%9B%E7%8B%9C?comp=range
  response:
    body: {string: !!python/unicode ''}
    headers:
      content-md5: [XrY7u+Ae7tCTyyK7j1rNww==]
      date: ['Wed, 13 Sep 2017 00:52:40 GMT']
      etag: ['"0x8D4FA41BCA8129B"']
      last-modified: ['Wed, 13 Sep 2017 00:52:41 GMT']
      server: [Windows-Azure-File/1.0 Microsoft-HTTPAPI/2.0]
      transfer-encoding: [chunked]
      x-ms-request-id: [a9ed7109-001a-0078-572a-2c3c63000000]
      x-ms-request-server-encrypted: ['false']
      x-ms-version: ['2017-04-17']
    status: {code: 201, message: Created}
- request:
    body: null
    headers:
      Connection: [keep-alive]
      User-Agent: [Azure-Storage/0.36.0 (Python CPython 2.7.10; Darwin 16.7.0)]
      x-ms-client-request-id: [d89533f5-981d-11e7-b962-b8e8564491f6]
      x-ms-date: ['Wed, 13 Sep 2017 00:52:41 GMT']
      x-ms-range: [bytes=0-33554431]
      x-ms-version: ['2017-04-17']
    method: GET
    uri: https://storagename.file.core.windows.net/utshare927511d8/%E5%95%8A%E9%BD%84%E4%B8%82%E7%8B%9B%E7%8B%9C
  response:
    body: {string: !!python/unicode 'hello world'}
    headers:
      accept-ranges: [bytes]
      content-length: ['11']
      content-range: [bytes 0-10/11]
      content-type: [application/octet-stream]
      date: ['Wed, 13 Sep 2017 00:52:40 GMT']
      etag: ['"0x8D4FA41BCA8129B"']
      last-modified: ['Wed, 13 Sep 2017 00:52:41 GMT']
      server: [Windows-Azure-File/1.0 Microsoft-HTTPAPI/2.0]
      x-ms-request-id: [a9ed710a-001a-0078-582a-2c3c63000000]
      x-ms-server-encrypted: ['false']
      x-ms-type: [File]
      x-ms-version: ['2017-04-17']
    status: {code: 206, message: Partial Content}
version: 1
