interactions:
- request:
    body: null
    headers:
      Connection: [keep-alive]
      Content-Length: ['0']
      User-Agent: [Azure-Storage/1.4.0-2.0.0 (Python CPython 3.7.0; Darwin 18.5.0)]
      x-ms-client-request-id: [268050fe-71f3-11e9-b134-acde48001122]
      x-ms-date: ['Thu, 09 May 2019 00:41:14 GMT']
      x-ms-version: ['2018-11-09']
    method: PUT
    uri: https://storagename.blob.core.windows.net/utcontainerbcf71ba6?restype=container
  response:
    body: {string: ''}
    headers:
      Content-Length: ['0']
      Date: ['Thu, 09 May 2019 00:41:14 GMT']
      ETag: ['"0x8D6D4170AE912F5"']
      Last-Modified: ['Thu, 09 May 2019 00:41:15 GMT']
      Server: [Windows-Azure-Blob/1.0 Microsoft-HTTPAPI/2.0]
      x-ms-request-id: [5a423625-f01e-005d-4fff-053f2f000000]
      x-ms-version: ['2018-11-09']
    status: {code: 201, message: Created}
- request:
    body: hello world
    headers:
      Connection: [keep-alive]
      Content-Length: ['11']
      User-Agent: [Azure-Storage/1.4.0-2.0.0 (Python CPython 3.7.0; Darwin 18.5.0)]
      x-ms-blob-type: [BlockBlob]
      x-ms-client-request-id: [26ba82c4-71f3-11e9-b134-acde48001122]
      x-ms-date: ['Thu, 09 May 2019 00:41:15 GMT']
      x-ms-version: ['2018-11-09']
    method: PUT
    uri: https://storagename.blob.core.windows.net/utcontainerbcf71ba6/blob1
  response:
    body: {string: ''}
    headers:
      Content-Length: ['0']
      Content-MD5: [XrY7u+Ae7tCTyyK7j1rNww==]
      Date: ['Thu, 09 May 2019 00:41:14 GMT']
      ETag: ['"0x8D6D4170AEEE3FA"']
      Last-Modified: ['Thu, 09 May 2019 00:41:15 GMT']
      Server: [Windows-Azure-Blob/1.0 Microsoft-HTTPAPI/2.0]
      x-ms-request-id: [5a423647-f01e-005d-6cff-053f2f000000]
      x-ms-request-server-encrypted: ['true']
      x-ms-version: ['2018-11-09']
    status: {code: 201, message: Created}
- request:
    body: null
    headers:
      Connection: [keep-alive]
      User-Agent: [Azure-Storage/1.4.0-2.0.0 (Python CPython 3.7.0; Darwin 18.5.0)]
      x-ms-client-request-id: [26c082d2-71f3-11e9-b134-acde48001122]
      x-ms-date: ['Thu, 09 May 2019 00:41:15 GMT']
      x-ms-version: ['2018-11-09']
    method: HEAD
    uri: https://storagename.blob.core.windows.net/utcontainerbcf71ba6/blob1
  response:
    body: {string: ''}
    headers:
      Accept-Ranges: [bytes]
      Content-Length: ['11']
      Content-MD5: [XrY7u+Ae7tCTyyK7j1rNww==]
      Content-Type: [application/octet-stream]
      Date: ['Thu, 09 May 2019 00:41:14 GMT']
      ETag: ['"0x8D6D4170AEEE3FA"']
      Last-Modified: ['Thu, 09 May 2019 00:41:15 GMT']
      Server: [Windows-Azure-Blob/1.0 Microsoft-HTTPAPI/2.0]
      Vary: [Origin]
      x-ms-access-tier: [Hot]
      x-ms-access-tier-inferred: ['true']
      x-ms-blob-type: [BlockBlob]
      x-ms-creation-time: ['Thu, 09 May 2019 00:41:15 GMT']
      x-ms-lease-state: [available]
      x-ms-lease-status: [unlocked]
      x-ms-request-id: [5a423665-f01e-005d-07ff-053f2f000000]
      x-ms-server-encrypted: ['true']
      x-ms-tag-count: ['0']
      x-ms-version: ['2018-11-09']
    status: {code: 200, message: OK}
- request:
    body: null
    headers:
      Connection: [keep-alive]
      Content-Length: ['0']
      If-None-Match: ['"0x8D6D4170AEEE3FA"']
      User-Agent: [Azure-Storage/1.4.0-2.0.0 (Python CPython 3.7.0; Darwin 18.5.0)]
      x-ms-client-request-id: [26c634fc-71f3-11e9-b134-acde48001122]
      x-ms-date: ['Thu, 09 May 2019 00:41:15 GMT']
      x-ms-version: ['2018-11-09']
    method: DELETE
    uri: https://storagename.blob.core.windows.net/utcontainerbcf71ba6/blob1
  response:
    body: {string: "\uFEFF<?xml version=\"1.0\" encoding=\"utf-8\"?><Error><Code>ConditionNotMet</Code><Message>The\
        \ condition specified using HTTP conditional header(s) is not met.\nRequestId:5a423681-f01e-005d-20ff-053f2f000000\n\
        Time:2019-05-09T00:41:15.3008164Z</Message></Error>"}
    headers:
      Content-Length: ['252']
      Content-Type: [application/xml]
      Date: ['Thu, 09 May 2019 00:41:14 GMT']
      Server: [Windows-Azure-Blob/1.0 Microsoft-HTTPAPI/2.0]
      x-ms-error-code: [ConditionNotMet]
      x-ms-request-id: [5a423681-f01e-005d-20ff-053f2f000000]
      x-ms-version: ['2018-11-09']
    status: {code: 412, message: The condition specified using HTTP conditional header(s)
        is not met.}
version: 1
