interactions:
- request:
    body: null
    headers:
      Connection: [keep-alive]
      Content-Length: ['0']
      User-Agent: [Azure-Storage/0.36.0 (Python CPython 2.7.10; Darwin 16.7.0)]
      x-ms-blob-type: [AppendBlob]
      x-ms-client-request-id: [ac043854-981c-11e7-8e57-b8e8564491f6]
      x-ms-date: ['Wed, 13 Sep 2017 00:44:17 GMT']
      x-ms-version: ['2017-04-17']
    method: PUT
    uri: https://storagename.blob.core.windows.net/utcontainerf23c0dc5/blobf23c0dc5
  response:
    body: {string: !!python/unicode ''}
    headers:
      date: ['Wed, 13 Sep 2017 00:44:16 GMT']
      etag: ['"0x8D4FA40902630EF"']
      last-modified: ['Wed, 13 Sep 2017 00:44:16 GMT']
      server: [Windows-Azure-Blob/1.0 Microsoft-HTTPAPI/2.0]
      transfer-encoding: [chunked]
      x-ms-request-id: [c537114a-001e-0017-6a29-2c94b7000000]
      x-ms-request-server-encrypted: ['true']
      x-ms-version: ['2017-04-17']
    status: {code: 201, message: Created}
- request:
    body: !!python/unicode 'block 0'
    headers:
      Connection: [keep-alive]
      Content-Length: ['7']
      User-Agent: [Azure-Storage/0.36.0 (Python CPython 2.7.10; Darwin 16.7.0)]
      x-ms-client-request-id: [ac184094-981c-11e7-b1f9-b8e8564491f6]
      x-ms-date: ['Wed, 13 Sep 2017 00:44:17 GMT']
      x-ms-version: ['2017-04-17']
    method: PUT
    uri: https://storagename.blob.core.windows.net/utcontainerf23c0dc5/blobf23c0dc5?comp=appendblock
  response:
    body: {string: !!python/unicode ''}
    headers:
      content-md5: [TjjhPkKeLS6Els52i6m9Bg==]
      date: ['Wed, 13 Sep 2017 00:44:16 GMT']
      etag: ['"0x8D4FA40902C4C7E"']
      last-modified: ['Wed, 13 Sep 2017 00:44:16 GMT']
      server: [Windows-Azure-Blob/1.0 Microsoft-HTTPAPI/2.0]
      transfer-encoding: [chunked]
      x-ms-blob-append-offset: ['0']
      x-ms-blob-committed-block-count: ['1']
      x-ms-request-id: [c5371157-001e-0017-7429-2c94b7000000]
      x-ms-request-server-encrypted: ['true']
      x-ms-version: ['2017-04-17']
    status: {code: 201, message: Created}
- request:
    body: !!python/unicode 'block 1'
    headers:
      Connection: [keep-alive]
      Content-Length: ['7']
      User-Agent: [Azure-Storage/0.36.0 (Python CPython 2.7.10; Darwin 16.7.0)]
      x-ms-client-request-id: [ac1e3061-981c-11e7-8d83-b8e8564491f6]
      x-ms-date: ['Wed, 13 Sep 2017 00:44:17 GMT']
      x-ms-version: ['2017-04-17']
    method: PUT
    uri: https://storagename.blob.core.windows.net/utcontainerf23c0dc5/blobf23c0dc5?comp=appendblock
  response:
    body: {string: !!python/unicode ''}
    headers:
      content-md5: [ZOnmAD+J5F2p66g8NFSefA==]
      date: ['Wed, 13 Sep 2017 00:44:16 GMT']
      etag: ['"0x8D4FA409031F29A"']
      last-modified: ['Wed, 13 Sep 2017 00:44:17 GMT']
      server: [Windows-Azure-Blob/1.0 Microsoft-HTTPAPI/2.0]
      transfer-encoding: [chunked]
      x-ms-blob-append-offset: ['7']
      x-ms-blob-committed-block-count: ['2']
      x-ms-request-id: [c5371162-001e-0017-7e29-2c94b7000000]
      x-ms-request-server-encrypted: ['true']
      x-ms-version: ['2017-04-17']
    status: {code: 201, message: Created}
- request:
    body: !!python/unicode 'block 2'
    headers:
      Connection: [keep-alive]
      Content-Length: ['7']
      User-Agent: [Azure-Storage/0.36.0 (Python CPython 2.7.10; Darwin 16.7.0)]
      x-ms-client-request-id: [ac23e9a8-981c-11e7-bcf5-b8e8564491f6]
      x-ms-date: ['Wed, 13 Sep 2017 00:44:17 GMT']
      x-ms-version: ['2017-04-17']
    method: PUT
    uri: https://storagename.blob.core.windows.net/utcontainerf23c0dc5/blobf23c0dc5?comp=appendblock
  response:
    body: {string: !!python/unicode ''}
    headers:
      content-md5: [giBgEwOK96+T6eqweyrlNg==]
      date: ['Wed, 13 Sep 2017 00:44:16 GMT']
      etag: ['"0x8D4FA409039BC01"']
      last-modified: ['Wed, 13 Sep 2017 00:44:17 GMT']
      server: [Windows-Azure-Blob/1.0 Microsoft-HTTPAPI/2.0]
      transfer-encoding: [chunked]
      x-ms-blob-append-offset: ['14']
      x-ms-blob-committed-block-count: ['3']
      x-ms-request-id: [c5371173-001e-0017-0e29-2c94b7000000]
      x-ms-request-server-encrypted: ['true']
      x-ms-version: ['2017-04-17']
    status: {code: 201, message: Created}
- request:
    body: !!python/unicode 'block 3'
    headers:
      Connection: [keep-alive]
      Content-Length: ['7']
      User-Agent: [Azure-Storage/0.36.0 (Python CPython 2.7.10; Darwin 16.7.0)]
      x-ms-client-request-id: [ac2c3dba-981c-11e7-86af-b8e8564491f6]
      x-ms-date: ['Wed, 13 Sep 2017 00:44:17 GMT']
      x-ms-version: ['2017-04-17']
    method: PUT
    uri: https://storagename.blob.core.windows.net/utcontainerf23c0dc5/blobf23c0dc5?comp=appendblock
  response:
    body: {string: !!python/unicode ''}
    headers:
      content-md5: [FDhv5/Vy34Z9KKvEnjH2lQ==]
      date: ['Wed, 13 Sep 2017 00:44:16 GMT']
      etag: ['"0x8D4FA4090449322"']
      last-modified: ['Wed, 13 Sep 2017 00:44:17 GMT']
      server: [Windows-Azure-Blob/1.0 Microsoft-HTTPAPI/2.0]
      transfer-encoding: [chunked]
      x-ms-blob-append-offset: ['21']
      x-ms-blob-committed-block-count: ['4']
      x-ms-request-id: [c5371188-001e-0017-1f29-2c94b7000000]
      x-ms-request-server-encrypted: ['true']
      x-ms-version: ['2017-04-17']
    status: {code: 201, message: Created}
- request:
    body: !!python/unicode 'block 4'
    headers:
      Connection: [keep-alive]
      Content-Length: ['7']
      User-Agent: [Azure-Storage/0.36.0 (Python CPython 2.7.10; Darwin 16.7.0)]
      x-ms-client-request-id: [ac36d3eb-981c-11e7-89c3-b8e8564491f6]
      x-ms-date: ['Wed, 13 Sep 2017 00:44:17 GMT']
      x-ms-version: ['2017-04-17']
    method: PUT
    uri: https://storagename.blob.core.windows.net/utcontainerf23c0dc5/blobf23c0dc5?comp=appendblock
  response:
    body: {string: !!python/unicode ''}
    headers:
      content-md5: [jkC3Z8KTocewrRQF+tkxeA==]
      date: ['Wed, 13 Sep 2017 00:44:16 GMT']
      etag: ['"0x8D4FA40904AD5AC"']
      last-modified: ['Wed, 13 Sep 2017 00:44:17 GMT']
      server: [Windows-Azure-Blob/1.0 Microsoft-HTTPAPI/2.0]
      transfer-encoding: [chunked]
      x-ms-blob-append-offset: ['28']
      x-ms-blob-committed-block-count: ['5']
      x-ms-request-id: [c5371191-001e-0017-2729-2c94b7000000]
      x-ms-request-server-encrypted: ['true']
      x-ms-version: ['2017-04-17']
    status: {code: 201, message: Created}
- request:
    body: null
    headers:
      Connection: [keep-alive]
      User-Agent: [Azure-Storage/0.36.0 (Python CPython 2.7.10; Darwin 16.7.0)]
      x-ms-client-request-id: [ac3f5c4a-981c-11e7-9966-b8e8564491f6]
      x-ms-date: ['Wed, 13 Sep 2017 00:44:17 GMT']
      x-ms-range: [bytes=0-33554431]
      x-ms-version: ['2017-04-17']
    method: GET
    uri: https://storagename.blob.core.windows.net/utcontainerf23c0dc5/blobf23c0dc5
  response:
    body: {string: !!python/unicode 'block 0block 1block 2block 3block 4'}
    headers:
      accept-ranges: [bytes]
      content-length: ['35']
      content-range: [bytes 0-34/35]
      content-type: [application/octet-stream]
      date: ['Wed, 13 Sep 2017 00:44:16 GMT']
      etag: ['"0x8D4FA40904AD5AC"']
      last-modified: ['Wed, 13 Sep 2017 00:44:17 GMT']
      server: [Windows-Azure-Blob/1.0 Microsoft-HTTPAPI/2.0]
      vary: [Origin]
      x-ms-blob-committed-block-count: ['5']
      x-ms-blob-type: [AppendBlob]
      x-ms-lease-state: [available]
      x-ms-lease-status: [unlocked]
      x-ms-request-id: [c537119e-001e-0017-3029-2c94b7000000]
      x-ms-server-encrypted: ['true']
      x-ms-version: ['2017-04-17']
    status: {code: 206, message: Partial Content}
version: 1
