interactions:
- request:
    body: null
    headers:
      Connection: [keep-alive]
      Content-Length: ['0']
      User-Agent: [Azure-Storage/1.4.0-2.0.0 (Python CPython 3.7.0; Darwin 18.5.0)]
      x-ms-client-request-id: [5ac2be4a-71f5-11e9-b134-acde48001122]
      x-ms-date: ['Thu, 09 May 2019 00:57:01 GMT']
      x-ms-version: ['2018-11-09']
    method: PUT
    uri: https://storagename.blob.core.windows.net/container1ea014b6?restype=container
  response:
    body: {string: ''}
    headers:
      Content-Length: ['0']
      Date: ['Thu, 09 May 2019 00:57:02 GMT']
      ETag: ['"0x8D6D4193F508F46"']
      Last-Modified: ['Thu, 09 May 2019 00:57:02 GMT']
      Server: [Windows-Azure-Blob/1.0 Microsoft-HTTPAPI/2.0]
      x-ms-request-id: [a87c80e1-401e-0044-7d02-061347000000]
      x-ms-version: ['2018-11-09']
    status: {code: 201, message: Created}
- request:
    body: null
    headers:
      Connection: [keep-alive]
      Content-Length: ['0']
      User-Agent: [Azure-Storage/1.4.0-2.0.0 (Python CPython 3.7.0; Darwin 18.5.0)]
      x-ms-client-request-id: [5b1fcfc2-71f5-11e9-b134-acde48001122]
      x-ms-date: ['Thu, 09 May 2019 00:57:02 GMT']
      x-ms-lease-action: [acquire]
      x-ms-lease-duration: ['-1']
      x-ms-version: ['2018-11-09']
    method: PUT
    uri: https://storagename.blob.core.windows.net/container1ea014b6?restype=container&comp=lease
  response:
    body: {string: ''}
    headers:
      Content-Length: ['0']
      Date: ['Thu, 09 May 2019 00:57:02 GMT']
      ETag: ['"0x8D6D4193F508F46"']
      Last-Modified: ['Thu, 09 May 2019 00:57:02 GMT']
      Server: [Windows-Azure-Blob/1.0 Microsoft-HTTPAPI/2.0]
      x-ms-lease-id: [648d8bd4-d534-4560-82f5-6b3f5fdd952d]
      x-ms-request-id: [a87c80fa-401e-0044-1102-061347000000]
      x-ms-version: ['2018-11-09']
    status: {code: 201, message: Created}
- request:
    body: null
    headers:
      Connection: [keep-alive]
      Content-Length: ['0']
      User-Agent: [Azure-Storage/1.4.0-2.0.0 (Python CPython 3.7.0; Darwin 18.5.0)]
      x-ms-client-request-id: [5b2526ca-71f5-11e9-b134-acde48001122]
      x-ms-date: ['Thu, 09 May 2019 00:57:02 GMT']
      x-ms-lease-action: [change]
      x-ms-lease-id: [648d8bd4-d534-4560-82f5-6b3f5fdd952d]
      x-ms-proposed-lease-id: [29e0b239-ecda-4f69-bfa3-95f6af91464c]
      x-ms-version: ['2018-11-09']
    method: PUT
    uri: https://storagename.blob.core.windows.net/container1ea014b6?restype=container&comp=lease
  response:
    body: {string: ''}
    headers:
      Content-Length: ['0']
      Date: ['Thu, 09 May 2019 00:57:02 GMT']
      ETag: ['"0x8D6D4193F508F46"']
      Last-Modified: ['Thu, 09 May 2019 00:57:02 GMT']
      Server: [Windows-Azure-Blob/1.0 Microsoft-HTTPAPI/2.0]
      x-ms-lease-id: [29e0b239-ecda-4f69-bfa3-95f6af91464c]
      x-ms-request-id: [a87c810b-401e-0044-2102-061347000000]
      x-ms-version: ['2018-11-09']
    status: {code: 200, message: OK}
- request:
    body: null
    headers:
      Connection: [keep-alive]
      Content-Length: ['0']
      User-Agent: [Azure-Storage/1.4.0-2.0.0 (Python CPython 3.7.0; Darwin 18.5.0)]
      x-ms-client-request-id: [5b520c3a-71f5-11e9-b134-acde48001122]
      x-ms-date: ['Thu, 09 May 2019 00:57:02 GMT']
      x-ms-lease-action: [renew]
      x-ms-lease-id: [29e0b239-ecda-4f69-bfa3-95f6af91464c]
      x-ms-version: ['2018-11-09']
    method: PUT
    uri: https://storagename.blob.core.windows.net/container1ea014b6?restype=container&comp=lease
  response:
    body: {string: ''}
    headers:
      Content-Length: ['0']
      Date: ['Thu, 09 May 2019 00:57:02 GMT']
      ETag: ['"0x8D6D4193F508F46"']
      Last-Modified: ['Thu, 09 May 2019 00:57:02 GMT']
      Server: [Windows-Azure-Blob/1.0 Microsoft-HTTPAPI/2.0]
      x-ms-lease-id: [29e0b239-ecda-4f69-bfa3-95f6af91464c]
      x-ms-request-id: [a87c81bd-401e-0044-4702-061347000000]
      x-ms-version: ['2018-11-09']
    status: {code: 200, message: OK}
version: 1
