interactions:
- request:
    body: null
    headers:
      Connection: [keep-alive]
      Content-Length: ['0']
      User-Agent: [Azure-Storage/1.4.0-1.4.0 (Python CPython 3.7.0; Darwin 18.2.0)]
      x-ms-client-request-id: [a8c01b56-e474-11e8-9ac5-acde48001122]
      x-ms-date: ['Fri, 09 Nov 2018 23:10:33 GMT']
      x-ms-version: ['2018-03-28']
    method: PUT
    uri: https://storagename.blob.core.windows.net/447f1027?restype=container
  response:
    body: {string: ''}
    headers:
      Date: ['Fri, 09 Nov 2018 23:10:33 GMT']
      ETag: ['"0x8D646988D0A8D06"']
      Last-Modified: ['Fri, 09 Nov 2018 23:10:33 GMT']
      Server: [Windows-Azure-Blob/1.0 Microsoft-HTTPAPI/2.0]
      Transfer-Encoding: [chunked]
      x-ms-request-id: [2ce7dd57-a01e-0045-1881-7812ba000000]
      x-ms-version: ['2018-03-28']
    status: {code: 201, message: Created}
- request:
    body: null
    headers:
      Connection: [keep-alive]
      User-Agent: [Azure-Storage/1.4.0-1.4.0 (Python CPython 3.7.0; Darwin 18.2.0)]
      x-ms-client-request-id: [a8d93e74-e474-11e8-9ac5-acde48001122]
      x-ms-date: ['Fri, 09 Nov 2018 23:10:33 GMT']
      x-ms-version: ['2018-03-28']
    method: GET
    uri: https://storagename-secondary.blob.core.windows.net/447f1027?restype=container&comp=metadata
  response:
    body: {string: "\uFEFF<?xml version=\"1.0\" encoding=\"utf-8\"?><Error><Code>ContainerNotFound</Code><Message>The\
        \ specified container does not exist.\nRequestId:95d556f1-d01e-0018-7181-78942c000000\n\
        Time:2018-11-09T23:10:33.8328040Z</Message></Error>"}
    headers:
      Content-Length: ['225']
      Content-Type: [application/xml]
      Date: ['Fri, 09 Nov 2018 23:10:33 GMT']
      Server: [Windows-Azure-Blob/1.0 Microsoft-HTTPAPI/2.0]
      Vary: [Origin]
      x-ms-error-code: [ContainerNotFound]
      x-ms-request-id: [95d556f1-d01e-0018-7181-78942c000000]
      x-ms-version: ['2018-03-28']
    status: {code: 404, message: The specified container does not exist.}
- request:
    body: null
    headers:
      Connection: [keep-alive]
      Content-Length: ['0']
      User-Agent: [Azure-Storage/1.4.0-1.4.0 (Python CPython 3.7.0; Darwin 18.2.0)]
      x-ms-client-request-id: [a91593b0-e474-11e8-9ac5-acde48001122]
      x-ms-date: ['Fri, 09 Nov 2018 23:10:33 GMT']
      x-ms-version: ['2018-03-28']
    method: DELETE
    uri: https://storagename.blob.core.windows.net/447f1027?restype=container
  response:
    body: {string: ''}
    headers:
      Date: ['Fri, 09 Nov 2018 23:10:33 GMT']
      Server: [Windows-Azure-Blob/1.0 Microsoft-HTTPAPI/2.0]
      Transfer-Encoding: [chunked]
      x-ms-request-id: [2ce7ddf6-a01e-0045-2681-7812ba000000]
      x-ms-version: ['2018-03-28']
    status: {code: 202, message: Accepted}
version: 1
