interactions:
- request:
    body: null
    headers:
      Connection: [keep-alive]
      Content-Length: ['0']
      User-Agent: [Azure-Storage/1.4.0-1.4.0 (Python CPython 3.7.0; Darwin 18.2.0)]
      x-ms-client-request-id: [2b9ff060-e474-11e8-9ac5-acde48001122]
      x-ms-date: ['Fri, 09 Nov 2018 23:07:03 GMT']
      x-ms-version: ['2018-03-28']
    method: PUT
    uri: https://storagename.blob.core.windows.net/container202c14d1?restype=container
  response:
    body: {string: ''}
    headers:
      Date: ['Fri, 09 Nov 2018 23:07:03 GMT']
      ETag: ['"0x8D646980FE5B6FB"']
      Last-Modified: ['Fri, 09 Nov 2018 23:07:03 GMT']
      Server: [Windows-Azure-Blob/1.0 Microsoft-HTTPAPI/2.0]
      Transfer-Encoding: [chunked]
      x-ms-request-id: [876cc1fa-c01e-001a-7980-78e044000000]
      x-ms-version: ['2018-03-28']
    status: {code: 201, message: Created}
- request:
    body: null
    headers:
      Connection: [keep-alive]
      Content-Length: ['0']
      User-Agent: [Azure-Storage/1.4.0-1.4.0 (Python CPython 3.7.0; Darwin 18.2.0)]
      x-ms-client-request-id: [301f0b8a-e474-11e8-9ac5-acde48001122]
      x-ms-date: ['Fri, 09 Nov 2018 23:07:10 GMT']
      x-ms-lease-action: [acquire]
      x-ms-lease-duration: ['-1']
      x-ms-version: ['2018-03-28']
    method: PUT
    uri: https://storagename.blob.core.windows.net/container202c14d1?restype=container&comp=lease
  response:
    body: {string: ''}
    headers:
      Date: ['Fri, 09 Nov 2018 23:07:10 GMT']
      ETag: ['"0x8D646980FE5B6FB"']
      Last-Modified: ['Fri, 09 Nov 2018 23:07:03 GMT']
      Server: [Windows-Azure-Blob/1.0 Microsoft-HTTPAPI/2.0]
      Transfer-Encoding: [chunked]
      x-ms-lease-id: [e23ef7be-5516-43c9-88a1-759a922cb5d9]
      x-ms-request-id: [876cce0c-c01e-001a-3e80-78e044000000]
      x-ms-version: ['2018-03-28']
    status: {code: 201, message: Created}
- request:
    body: null
    headers:
      Connection: [keep-alive]
      User-Agent: [Azure-Storage/1.4.0-1.4.0 (Python CPython 3.7.0; Darwin 18.2.0)]
      x-ms-client-request-id: [30267906-e474-11e8-9ac5-acde48001122]
      x-ms-date: ['Fri, 09 Nov 2018 23:07:10 GMT']
      x-ms-lease-id: [e23ef7be-5516-43c9-88a1-759a922cb5d9]
      x-ms-version: ['2018-03-28']
    method: GET
    uri: https://storagename.blob.core.windows.net/container202c14d1?restype=container&comp=acl
  response:
    body: {string: "\uFEFF<?xml version=\"1.0\" encoding=\"utf-8\"?><SignedIdentifiers\
        \ />"}
    headers:
      Content-Type: [application/xml]
      Date: ['Fri, 09 Nov 2018 23:07:10 GMT']
      ETag: ['"0x8D646980FE5B6FB"']
      Last-Modified: ['Fri, 09 Nov 2018 23:07:03 GMT']
      Server: [Windows-Azure-Blob/1.0 Microsoft-HTTPAPI/2.0]
      Transfer-Encoding: [chunked]
      Vary: [Origin]
      x-ms-request-id: [876cce35-c01e-001a-6380-78e044000000]
      x-ms-version: ['2018-03-28']
    status: {code: 200, message: OK}
version: 1
