interactions:
- request:
    body: null
    headers:
      Connection: [keep-alive]
      Content-Length: ['0']
      User-Agent: [Azure-Storage/1.4.0-1.4.0 (Python CPython 3.7.0; Darwin 18.2.0)]
      x-ms-blob-type: [AppendBlob]
      x-ms-client-request-id: [07409640-5781-11e9-8f47-acde48001122]
      x-ms-date: ['Fri, 05 Apr 2019 08:58:49 GMT']
      x-ms-version: ['2018-11-09']
    method: PUT
    uri: https://storagename.blob.core.windows.net/utcontainere44d0d55/blobe44d0d55
  response:
    body: {string: ''}
    headers:
      Content-Length: ['0']
      Date: ['Fri, 05 Apr 2019 08:58:49 GMT']
      ETag: ['"0x8D6B9A4EB8B18E1"']
      Last-Modified: ['Fri, 05 Apr 2019 08:58:49 GMT']
      Server: [Windows-Azure-Blob/1.0 Microsoft-HTTPAPI/2.0]
      x-ms-request-id: [5709fafd-701e-0028-518d-eb46dc000000]
      x-ms-request-server-encrypted: ['true']
      x-ms-version: ['2018-11-09']
    status: {code: 201, message: Created}
- request:
    body: null
    headers:
      Connection: [keep-alive]
      User-Agent: [Azure-Storage/1.4.0-1.4.0 (Python CPython 3.7.0; Darwin 18.2.0)]
      x-ms-client-request-id: [075a0800-5781-11e9-8f47-acde48001122]
      x-ms-date: ['Fri, 05 Apr 2019 08:58:49 GMT']
      x-ms-version: ['2018-11-09']
    method: HEAD
    uri: https://storagename.blob.core.windows.net/utcontainere44d0d55/blobe44d0d55
  response:
    body: {string: ''}
    headers:
      Accept-Ranges: [bytes]
      Content-Length: ['0']
      Content-Type: [application/octet-stream]
      Date: ['Fri, 05 Apr 2019 08:58:49 GMT']
      ETag: ['"0x8D6B9A4EB8B18E1"']
      Last-Modified: ['Fri, 05 Apr 2019 08:58:49 GMT']
      Server: [Windows-Azure-Blob/1.0 Microsoft-HTTPAPI/2.0]
      x-ms-access-tier: [Hot]
      x-ms-access-tier-inferred: ['true']
      x-ms-blob-committed-block-count: ['0']
      x-ms-blob-type: [AppendBlob]
      x-ms-creation-time: ['Fri, 05 Apr 2019 08:58:49 GMT']
      x-ms-lease-state: [available]
      x-ms-lease-status: [unlocked]
      x-ms-request-id: [5709fb0e-701e-0028-608d-eb46dc000000]
      x-ms-server-encrypted: ['true']
      x-ms-tag-count: ['0']
      x-ms-version: ['2018-11-09']
    status: {code: 200, message: OK}
- request:
    body: null
    headers:
      Connection: [keep-alive]
      User-Agent: [Azure-Storage/1.4.0-1.4.0 (Python CPython 3.7.0; Darwin 18.2.0)]
      x-ms-client-request-id: [076089b4-5781-11e9-8f47-acde48001122]
      x-ms-date: ['Fri, 05 Apr 2019 08:58:49 GMT']
      x-ms-version: ['2018-11-09']
    method: HEAD
    uri: https://storagename.blob.core.windows.net/utcontainere44d0d55/blobe44d0d55
  response:
    body: {string: ''}
    headers:
      Accept-Ranges: [bytes]
      Content-Length: ['0']
      Content-Type: [application/octet-stream]
      Date: ['Fri, 05 Apr 2019 08:58:49 GMT']
      ETag: ['"0x8D6B9A4EB8B18E1"']
      Last-Modified: ['Fri, 05 Apr 2019 08:58:49 GMT']
      Server: [Windows-Azure-Blob/1.0 Microsoft-HTTPAPI/2.0]
      x-ms-access-tier: [Hot]
      x-ms-access-tier-inferred: ['true']
      x-ms-blob-committed-block-count: ['0']
      x-ms-blob-type: [AppendBlob]
      x-ms-creation-time: ['Fri, 05 Apr 2019 08:58:49 GMT']
      x-ms-lease-state: [available]
      x-ms-lease-status: [unlocked]
      x-ms-request-id: [5709fb1f-701e-0028-6c8d-eb46dc000000]
      x-ms-server-encrypted: ['true']
      x-ms-tag-count: ['0']
      x-ms-version: ['2018-11-09']
    status: {code: 200, message: OK}
version: 1
