interactions:
- request:
    body: null
    headers:
      Connection: [keep-alive]
      Content-Length: ['0']
      User-Agent: [Azure-Storage/0.36.0 (Python CPython 2.7.10; Darwin 16.7.0)]
      x-ms-client-request-id: [c6b4a25e-8469-11e7-9684-b8e8564491f6]
      x-ms-date: ['Fri, 18 Aug 2017 23:05:49 GMT']
      x-ms-version: ['2017-04-17']
    method: PUT
    uri: https://storagename.blob.core.windows.net/containerd2991398?restype=container
  response:
    body: {string: !!python/unicode ''}
    headers:
      date: ['Fri, 18 Aug 2017 23:05:50 GMT']
      etag: ['"0x8D4E68DAB2B6E38"']
      last-modified: ['Fri, 18 Aug 2017 23:05:50 GMT']
      server: [Windows-Azure-Blob/1.0 Microsoft-HTTPAPI/2.0]
      transfer-encoding: [chunked]
      x-ms-request-id: [3bbb1a6a-0001-003a-1276-181777000000]
      x-ms-version: ['2017-04-17']
    status: {code: 201, message: Created}
- request:
    body: !!python/unicode 'hello world'
    headers:
      Connection: [keep-alive]
      Content-Length: ['11']
      User-Agent: [Azure-Storage/0.36.0 (Python CPython 2.7.10; Darwin 16.7.0)]
      x-ms-blob-type: [BlockBlob]
      x-ms-client-request-id: [c6cf646b-8469-11e7-879f-b8e8564491f6]
      x-ms-date: ['Fri, 18 Aug 2017 23:05:50 GMT']
      x-ms-version: ['2017-04-17']
    method: PUT
    uri: https://storagename.blob.core.windows.net/containerd2991398/bloba1
  response:
    body: {string: !!python/unicode ''}
    headers:
      content-md5: [XrY7u+Ae7tCTyyK7j1rNww==]
      date: ['Fri, 18 Aug 2017 23:05:50 GMT']
      etag: ['"0x8D4E68DAAEC2A17"']
      last-modified: ['Fri, 18 Aug 2017 23:05:49 GMT']
      server: [Windows-Azure-Blob/1.0 Microsoft-HTTPAPI/2.0]
      transfer-encoding: [chunked]
      x-ms-request-id: [3bbb1a85-0001-003a-2b76-181777000000]
      x-ms-request-server-encrypted: ['true']
      x-ms-version: ['2017-04-17']
    status: {code: 201, message: Created}
- request:
    body: !!python/unicode 'hello world'
    headers:
      Connection: [keep-alive]
      Content-Length: ['11']
      User-Agent: [Azure-Storage/0.36.0 (Python CPython 2.7.10; Darwin 16.7.0)]
      x-ms-blob-type: [BlockBlob]
      x-ms-client-request-id: [c6e2e6ca-8469-11e7-b200-b8e8564491f6]
      x-ms-date: ['Fri, 18 Aug 2017 23:05:50 GMT']
      x-ms-version: ['2017-04-17']
    method: PUT
    uri: https://storagename.blob.core.windows.net/containerd2991398/bloba2
  response:
    body: {string: !!python/unicode ''}
    headers:
      content-md5: [XrY7u+Ae7tCTyyK7j1rNww==]
      date: ['Fri, 18 Aug 2017 23:05:50 GMT']
      etag: ['"0x8D4E68DAAF52C68"']
      last-modified: ['Fri, 18 Aug 2017 23:05:49 GMT']
      server: [Windows-Azure-Blob/1.0 Microsoft-HTTPAPI/2.0]
      transfer-encoding: [chunked]
      x-ms-request-id: [3bbb1abb-0001-003a-5576-181777000000]
      x-ms-request-server-encrypted: ['true']
      x-ms-version: ['2017-04-17']
    status: {code: 201, message: Created}
- request:
    body: !!python/unicode 'hello world'
    headers:
      Connection: [keep-alive]
      Content-Length: ['11']
      User-Agent: [Azure-Storage/0.36.0 (Python CPython 2.7.10; Darwin 16.7.0)]
      x-ms-blob-type: [BlockBlob]
      x-ms-client-request-id: [c6e9724c-8469-11e7-b28e-b8e8564491f6]
      x-ms-date: ['Fri, 18 Aug 2017 23:05:50 GMT']
      x-ms-version: ['2017-04-17']
    method: PUT
    uri: https://storagename.blob.core.windows.net/containerd2991398/bloba3
  response:
    body: {string: !!python/unicode ''}
    headers:
      content-md5: [XrY7u+Ae7tCTyyK7j1rNww==]
      date: ['Fri, 18 Aug 2017 23:05:50 GMT']
      etag: ['"0x8D4E68DAAFB9630"']
      last-modified: ['Fri, 18 Aug 2017 23:05:49 GMT']
      server: [Windows-Azure-Blob/1.0 Microsoft-HTTPAPI/2.0]
      transfer-encoding: [chunked]
      x-ms-request-id: [3bbb1ac4-0001-003a-5c76-181777000000]
      x-ms-request-server-encrypted: ['true']
      x-ms-version: ['2017-04-17']
    status: {code: 201, message: Created}
- request:
    body: !!python/unicode 'hello world'
    headers:
      Connection: [keep-alive]
      Content-Length: ['11']
      User-Agent: [Azure-Storage/0.36.0 (Python CPython 2.7.10; Darwin 16.7.0)]
      x-ms-blob-type: [BlockBlob]
      x-ms-client-request-id: [c6ef7502-8469-11e7-af86-b8e8564491f6]
      x-ms-date: ['Fri, 18 Aug 2017 23:05:50 GMT']
      x-ms-version: ['2017-04-17']
    method: PUT
    uri: https://storagename.blob.core.windows.net/containerd2991398/blobb1
  response:
    body: {string: !!python/unicode ''}
    headers:
      content-md5: [XrY7u+Ae7tCTyyK7j1rNww==]
      date: ['Fri, 18 Aug 2017 23:05:50 GMT']
      etag: ['"0x8D4E68DAB01639C"']
      last-modified: ['Fri, 18 Aug 2017 23:05:49 GMT']
      server: [Windows-Azure-Blob/1.0 Microsoft-HTTPAPI/2.0]
      transfer-encoding: [chunked]
      x-ms-request-id: [3bbb1ad2-0001-003a-6976-181777000000]
      x-ms-request-server-encrypted: ['true']
      x-ms-version: ['2017-04-17']
    status: {code: 201, message: Created}
- request:
    body: null
    headers:
      Connection: [keep-alive]
      User-Agent: [Azure-Storage/0.36.0 (Python CPython 2.7.10; Darwin 16.7.0)]
      x-ms-client-request-id: [c6f5562b-8469-11e7-b246-b8e8564491f6]
      x-ms-date: ['Fri, 18 Aug 2017 23:05:50 GMT']
      x-ms-version: ['2017-04-17']
    method: GET
    uri: https://storagename.blob.core.windows.net/containerd2991398?comp=list&restype=container&maxresults=2
  response:
    body: {string: "\uFEFF<?xml version=\"1.0\" encoding=\"utf-8\"?><EnumerationResults\
        \ ServiceEndpoint=\"https://storagename.blob.core.windows.net/\" ContainerName=\"\
        containerd2991398\"><MaxResults>2</MaxResults><Blobs><Blob><Name>bloba1</Name><Properties><Last-Modified>Fri,\
        \ 18 Aug 2017 23:05:49 GMT</Last-Modified><Etag>0x8D4E68DAAEC2A17</Etag><Content-Length>11</Content-Length><Content-Type>application/octet-stream</Content-Type><Content-Encoding\
        \ /><Content-Language /><Content-MD5>XrY7u+Ae7tCTyyK7j1rNww==</Content-MD5><Cache-Control\
        \ /><Content-Disposition /><BlobType>BlockBlob</BlobType><LeaseStatus>unlocked</LeaseStatus><LeaseState>available</LeaseState><ServerEncrypted>true</ServerEncrypted></Properties></Blob><Blob><Name>bloba2</Name><Properties><Last-Modified>Fri,\
        \ 18 Aug 2017 23:05:49 GMT</Last-Modified><Etag>0x8D4E68DAAF52C68</Etag><Content-Length>11</Content-Length><Content-Type>application/octet-stream</Content-Type><Content-Encoding\
        \ /><Content-Language /><Content-MD5>XrY7u+Ae7tCTyyK7j1rNww==</Content-MD5><Cache-Control\
        \ /><Content-Disposition /><BlobType>BlockBlob</BlobType><LeaseStatus>unlocked</LeaseStatus><LeaseState>available</LeaseState><ServerEncrypted>true</ServerEncrypted></Properties></Blob></Blobs><NextMarker>2!68!MDAwMDA2IWJsb2JhMyEwMDAwMjghOTk5OS0xMi0zMVQyMzo1OTo1OS45OTk5OTk5WiE-</NextMarker></EnumerationResults>"}
    headers:
      content-type: [application/xml]
      date: ['Fri, 18 Aug 2017 23:05:50 GMT']
      server: [Windows-Azure-Blob/1.0 Microsoft-HTTPAPI/2.0]
      transfer-encoding: [chunked]
      vary: [Origin]
      x-ms-request-id: [3bbb1ada-0001-003a-7176-181777000000]
      x-ms-version: ['2017-04-17']
    status: {code: 200, message: OK}
version: 1
