interactions:
- request:
    body: null
    headers:
      Connection: [keep-alive]
      Content-Length: ['0']
      User-Agent: [Azure-Storage/1.4.0-1.4.0 (Python CPython 3.7.0; Darwin 18.2.0)]
      x-ms-client-request-id: [4f1a10c4-e475-11e8-9ac5-acde48001122]
      x-ms-date: ['Fri, 09 Nov 2018 23:15:12 GMT']
      x-ms-version: ['2018-03-28']
    method: PUT
    uri: https://storagename.file.core.windows.net/shared5714c8?restype=share
  response:
    body: {string: ''}
    headers:
      Date: ['Fri, 09 Nov 2018 23:15:12 GMT']
      ETag: ['"0x8D6469933617C2B"']
      Last-Modified: ['Fri, 09 Nov 2018 23:15:12 GMT']
      Server: [Windows-Azure-File/1.0 Microsoft-HTTPAPI/2.0]
      Transfer-Encoding: [chunked]
      x-ms-request-id: [27e37c33-301a-004b-5282-78feb1000000]
      x-ms-version: ['2018-03-28']
    status: {code: 201, message: Created}
- request:
    body: null
    headers:
      Connection: [keep-alive]
      Content-Length: ['0']
      User-Agent: [Azure-Storage/1.4.0-1.4.0 (Python CPython 3.7.0; Darwin 18.2.0)]
      x-ms-client-request-id: [4f348d00-e475-11e8-9ac5-acde48001122]
      x-ms-date: ['Fri, 09 Nov 2018 23:15:12 GMT']
      x-ms-meta-hello: [world]
      x-ms-meta-number: ['42']
      x-ms-version: ['2018-03-28']
    method: PUT
    uri: https://storagename.file.core.windows.net/shared5714c8?restype=share&comp=metadata
  response:
    body: {string: ''}
    headers:
      Date: ['Fri, 09 Nov 2018 23:15:12 GMT']
      ETag: ['"0x8D6469933B023A2"']
      Last-Modified: ['Fri, 09 Nov 2018 23:15:13 GMT']
      Server: [Windows-Azure-File/1.0 Microsoft-HTTPAPI/2.0]
      Transfer-Encoding: [chunked]
      x-ms-request-id: [27e37c36-301a-004b-5382-78feb1000000]
      x-ms-version: ['2018-03-28']
    status: {code: 200, message: OK}
- request:
    body: null
    headers:
      Connection: [keep-alive]
      Content-Length: ['0']
      User-Agent: [Azure-Storage/1.4.0-1.4.0 (Python CPython 3.7.0; Darwin 18.2.0)]
      x-ms-client-request-id: [4f9d9386-e475-11e8-9ac5-acde48001122]
      x-ms-date: ['Fri, 09 Nov 2018 23:15:13 GMT']
      x-ms-version: ['2018-03-28']
    method: PUT
    uri: https://storagename.file.core.windows.net/shared5714c8?restype=share&comp=snapshot
  response:
    body: {string: ''}
    headers:
      Date: ['Fri, 09 Nov 2018 23:15:13 GMT']
      ETag: ['"0x8D6469933B023A2"']
      Last-Modified: ['Fri, 09 Nov 2018 23:15:13 GMT']
      Server: [Windows-Azure-File/1.0 Microsoft-HTTPAPI/2.0]
      Transfer-Encoding: [chunked]
      x-ms-request-id: [27e37c38-301a-004b-5482-78feb1000000]
      x-ms-snapshot: ['2018-11-09T23:15:13.0000000Z']
      x-ms-version: ['2018-03-28']
    status: {code: 201, message: Created}
- request:
    body: null
    headers:
      Connection: [keep-alive]
      Content-Length: ['0']
      User-Agent: [Azure-Storage/1.4.0-1.4.0 (Python CPython 3.7.0; Darwin 18.2.0)]
      x-ms-client-request-id: [4fdbfdce-e475-11e8-9ac5-acde48001122]
      x-ms-date: ['Fri, 09 Nov 2018 23:15:13 GMT']
      x-ms-meta-hello: [world]
      x-ms-meta-number: ['42']
      x-ms-meta-testy: [goodbye]
      x-ms-version: ['2018-03-28']
    method: PUT
    uri: https://storagename.file.core.windows.net/shared5714c8?restype=share&comp=metadata
  response:
    body: {string: ''}
    headers:
      Date: ['Fri, 09 Nov 2018 23:15:13 GMT']
      ETag: ['"0x8D646993411E32C"']
      Last-Modified: ['Fri, 09 Nov 2018 23:15:13 GMT']
      Server: [Windows-Azure-File/1.0 Microsoft-HTTPAPI/2.0]
      Transfer-Encoding: [chunked]
      x-ms-request-id: [27e37c39-301a-004b-5582-78feb1000000]
      x-ms-version: ['2018-03-28']
    status: {code: 200, message: OK}
- request:
    body: null
    headers:
      Connection: [keep-alive]
      User-Agent: [Azure-Storage/1.4.0-1.4.0 (Python CPython 3.7.0; Darwin 18.2.0)]
      x-ms-client-request-id: [4fe48b56-e475-11e8-9ac5-acde48001122]
      x-ms-date: ['Fri, 09 Nov 2018 23:15:13 GMT']
      x-ms-version: ['2018-03-28']
    method: GET
    uri: https://storagename.file.core.windows.net/shared5714c8?restype=share&sharesnapshot=2018-11-09T23%3A15%3A13.0000000Z
  response:
    body: {string: ''}
    headers:
      Date: ['Fri, 09 Nov 2018 23:15:13 GMT']
      ETag: ['"0x8D6469933B023A2"']
      Last-Modified: ['Fri, 09 Nov 2018 23:15:13 GMT']
      Server: [Windows-Azure-File/1.0 Microsoft-HTTPAPI/2.0]
      Transfer-Encoding: [chunked]
      x-ms-has-immutability-policy: ['false']
      x-ms-has-legal-hold: ['false']
      x-ms-meta-hello: [world]
      x-ms-meta-number: ['42']
      x-ms-request-id: [27e37c3a-301a-004b-5682-78feb1000000]
      x-ms-share-quota: ['5120']
      x-ms-version: ['2018-03-28']
    status: {code: 200, message: OK}
version: 1
