interactions:
- request:
    body: null
    headers:
      Accept-Encoding: [identity]
      Connection: [keep-alive]
      Content-Length: ['0']
      User-Agent: [Azure-Storage/0.31.0 (Python CPython 3.4.2; Windows 8)]
      x-ms-date: ['Thu, 07 Apr 2016 21:10:26 GMT']
      x-ms-version: ['2015-07-08']
    method: PUT
    uri: https://storagename.blob.core.windows.net/container9840123e?restype=container
  response:
    body: {string: ''}
    headers:
      Date: ['Thu, 07 Apr 2016 21:10:26 GMT']
      ETag: ['"0x8D35F290AD0C208"']
      Last-Modified: ['Thu, 07 Apr 2016 21:10:26 GMT']
      Server: [Windows-Azure-Blob/1.0 Microsoft-HTTPAPI/2.0]
      Transfer-Encoding: [chunked]
      x-ms-request-id: [520e3b63-0001-0042-3c11-91d41e000000]
      x-ms-version: ['2015-07-08']
    status: {code: 201, message: Created}
- request:
    body: null
    headers:
      Accept-Encoding: [identity]
      Connection: [keep-alive]
      Content-Length: ['0']
      User-Agent: [Azure-Storage/0.31.0 (Python CPython 3.4.2; Windows 8)]
      x-ms-date: ['Thu, 07 Apr 2016 21:10:27 GMT']
      x-ms-meta-hello: [world]
      x-ms-meta-number: ['42']
      x-ms-version: ['2015-07-08']
    method: PUT
    uri: https://storagename.blob.core.windows.net/container9840123e?restype=container&comp=metadata
  response:
    body: {string: ''}
    headers:
      Date: ['Thu, 07 Apr 2016 21:10:26 GMT']
      ETag: ['"0x8D35F290AD0C209"']
      Last-Modified: ['Thu, 07 Apr 2016 21:10:26 GMT']
      Server: [Windows-Azure-Blob/1.0 Microsoft-HTTPAPI/2.0]
      Transfer-Encoding: [chunked]
      x-ms-request-id: [520e3b7f-0001-0042-5611-91d41e000000]
      x-ms-version: ['2015-07-08']
    status: {code: 200, message: OK}
- request:
    body: null
    headers:
      Accept-Encoding: [identity]
      Connection: [keep-alive]
      Content-Length: ['0']
      User-Agent: [Azure-Storage/0.31.0 (Python CPython 3.4.2; Windows 8)]
      x-ms-date: ['Thu, 07 Apr 2016 21:10:27 GMT']
      x-ms-lease-action: [acquire]
      x-ms-lease-duration: ['-1']
      x-ms-version: ['2015-07-08']
    method: PUT
    uri: https://storagename.blob.core.windows.net/container9840123e?restype=container&comp=lease
  response:
    body: {string: ''}
    headers:
      Date: ['Thu, 07 Apr 2016 21:10:26 GMT']
      ETag: ['"0x8D35F290AD0C209"']
      Last-Modified: ['Thu, 07 Apr 2016 21:10:26 GMT']
      Server: [Windows-Azure-Blob/1.0 Microsoft-HTTPAPI/2.0]
      Transfer-Encoding: [chunked]
      x-ms-lease-id: [84f20d3e-094d-46ea-be8f-105deb457f06]
      x-ms-request-id: [520e3b9c-0001-0042-7311-91d41e000000]
      x-ms-version: ['2015-07-08']
    status: {code: 201, message: Created}
- request:
    body: null
    headers:
      Accept-Encoding: [identity]
      Connection: [keep-alive]
      User-Agent: [Azure-Storage/0.31.0 (Python CPython 3.4.2; Windows 8)]
      x-ms-date: ['Thu, 07 Apr 2016 21:10:27 GMT']
      x-ms-version: ['2015-07-08']
    method: GET
    uri: https://storagename.blob.core.windows.net/container9840123e?restype=container
  response:
    body: {string: ''}
    headers:
      Date: ['Thu, 07 Apr 2016 21:10:26 GMT']
      ETag: ['"0x8D35F290AD0C209"']
      Last-Modified: ['Thu, 07 Apr 2016 21:10:26 GMT']
      Server: [Windows-Azure-Blob/1.0 Microsoft-HTTPAPI/2.0]
      Transfer-Encoding: [chunked]
      x-ms-lease-duration: [infinite]
      x-ms-lease-state: [leased]
      x-ms-lease-status: [locked]
      x-ms-meta-hello: [world]
      x-ms-meta-number: ['42']
      x-ms-request-id: [520e3bc1-0001-0042-1211-91d41e000000]
      x-ms-version: ['2015-07-08']
    status: {code: 200, message: OK}
version: 1
