interactions:
- request:
    body: null
    headers:
      Connection: [keep-alive]
      Content-Length: ['0']
      User-Agent: [Azure-Storage/1.4.0-2.0.0 (Python CPython 3.7.0; Darwin 18.5.0)]
      x-ms-client-request-id: [38d279b2-71f3-11e9-b134-acde48001122]
      x-ms-date: ['Thu, 09 May 2019 00:41:45 GMT']
      x-ms-version: ['2018-11-09']
    method: PUT
    uri: https://storagename.blob.core.windows.net/utcontainer6bc41a73?restype=container
  response:
    body: {string: ''}
    headers:
      Content-Length: ['0']
      Date: ['Thu, 09 May 2019 00:41:48 GMT']
      ETag: ['"0x8D6D4171EE0F647"']
      Last-Modified: ['Thu, 09 May 2019 00:41:48 GMT']
      Server: [Windows-Azure-Blob/1.0 Microsoft-HTTPAPI/2.0]
      x-ms-request-id: [35423c12-c01e-0011-1dff-05f830000000]
      x-ms-version: ['2018-11-09']
    status: {code: 201, message: Created}
- request:
    body: hello world
    headers:
      Connection: [keep-alive]
      Content-Length: ['11']
      User-Agent: [Azure-Storage/1.4.0-2.0.0 (Python CPython 3.7.0; Darwin 18.5.0)]
      x-ms-blob-type: [BlockBlob]
      x-ms-client-request-id: [3ab29794-71f3-11e9-b134-acde48001122]
      x-ms-date: ['Thu, 09 May 2019 00:41:48 GMT']
      x-ms-version: ['2018-11-09']
    method: PUT
    uri: https://storagename.blob.core.windows.net/utcontainer6bc41a73/blob1
  response:
    body: {string: ''}
    headers:
      Content-Length: ['0']
      Content-MD5: [XrY7u+Ae7tCTyyK7j1rNww==]
      Date: ['Thu, 09 May 2019 00:41:48 GMT']
      ETag: ['"0x8D6D4171EE6E773"']
      Last-Modified: ['Thu, 09 May 2019 00:41:48 GMT']
      Server: [Windows-Azure-Blob/1.0 Microsoft-HTTPAPI/2.0]
      x-ms-request-id: [35423c2e-c01e-0011-36ff-05f830000000]
      x-ms-request-server-encrypted: ['true']
      x-ms-version: ['2018-11-09']
    status: {code: 201, message: Created}
- request:
    body: null
    headers:
      Connection: [keep-alive]
      User-Agent: [Azure-Storage/1.4.0-2.0.0 (Python CPython 3.7.0; Darwin 18.5.0)]
      x-ms-client-request-id: [3ab855ee-71f3-11e9-b134-acde48001122]
      x-ms-date: ['Thu, 09 May 2019 00:41:48 GMT']
      x-ms-version: ['2018-11-09']
    method: HEAD
    uri: https://storagename.blob.core.windows.net/utcontainer6bc41a73/blob1
  response:
    body: {string: ''}
    headers:
      Accept-Ranges: [bytes]
      Content-Length: ['11']
      Content-MD5: [XrY7u+Ae7tCTyyK7j1rNww==]
      Content-Type: [application/octet-stream]
      Date: ['Thu, 09 May 2019 00:41:48 GMT']
      ETag: ['"0x8D6D4171EE6E773"']
      Last-Modified: ['Thu, 09 May 2019 00:41:48 GMT']
      Server: [Windows-Azure-Blob/1.0 Microsoft-HTTPAPI/2.0]
      Vary: [Origin]
      x-ms-access-tier: [Hot]
      x-ms-access-tier-inferred: ['true']
      x-ms-blob-type: [BlockBlob]
      x-ms-creation-time: ['Thu, 09 May 2019 00:41:48 GMT']
      x-ms-lease-state: [available]
      x-ms-lease-status: [unlocked]
      x-ms-request-id: [35423c47-c01e-0011-4dff-05f830000000]
      x-ms-server-encrypted: ['true']
      x-ms-tag-count: ['0']
      x-ms-version: ['2018-11-09']
    status: {code: 200, message: OK}
- request:
    body: null
    headers:
      Connection: [keep-alive]
      If-None-Match: ['"0x8D6D4171EE6E773"']
      User-Agent: [Azure-Storage/1.4.0-2.0.0 (Python CPython 3.7.0; Darwin 18.5.0)]
      x-ms-client-request-id: [3abdd014-71f3-11e9-b134-acde48001122]
      x-ms-date: ['Thu, 09 May 2019 00:41:48 GMT']
      x-ms-range: [bytes=0-33554431]
      x-ms-version: ['2018-11-09']
    method: GET
    uri: https://storagename.blob.core.windows.net/utcontainer6bc41a73/blob1
  response:
    body: {string: ''}
    headers:
      Date: ['Thu, 09 May 2019 00:41:48 GMT']
      Server: [Windows-Azure-Blob/1.0 Microsoft-HTTPAPI/2.0]
      Vary: [Origin]
      x-ms-error-code: [ConditionNotMet]
      x-ms-request-id: [35423c5f-c01e-0011-61ff-05f830000000]
      x-ms-version: ['2018-11-09']
    status: {code: 304, message: The condition specified using HTTP conditional header(s)
        is not met.}
version: 1
