interactions:
- request:
    body: null
    headers:
      Connection: [keep-alive]
      Content-Length: ['0']
      User-Agent: [Azure-Storage/0.36.0 (Python CPython 2.7.10; Darwin 16.7.0)]
      x-ms-client-request-id: [f295b7d9-981d-11e7-88ca-b8e8564491f6]
      x-ms-date: ['Wed, 13 Sep 2017 00:53:24 GMT']
      x-ms-version: ['2017-04-17']
    method: PUT
    uri: https://storagename.queue.core.windows.net/queuea7c20b89
  response:
    body: {string: !!python/unicode ''}
    headers:
      date: ['Wed, 13 Sep 2017 00:53:24 GMT']
      server: [Windows-Azure-Queue/1.0 Microsoft-HTTPAPI/2.0]
      transfer-encoding: [chunked]
      x-ms-request-id: [3bac5992-0003-010e-2d2a-2cfe8a000000]
      x-ms-version: ['2017-04-17']
    status: {code: 201, message: Created}
- request:
    body: !!python/unicode '<?xml version=''1.0'' encoding=''utf-8''?>

      <QueueMessage><MessageText>message1</MessageText></QueueMessage>'
    headers:
      Connection: [keep-alive]
      Content-Length: ['103']
      User-Agent: [Azure-Storage/0.36.0 (Python CPython 2.7.10; Darwin 16.7.0)]
      x-ms-client-request-id: [f2a94002-981d-11e7-b881-b8e8564491f6]
      x-ms-date: ['Wed, 13 Sep 2017 00:53:25 GMT']
      x-ms-version: ['2017-04-17']
    method: POST
    uri: https://storagename.queue.core.windows.net/queuea7c20b89/messages
  response:
    body: {string: "\uFEFF<?xml version=\"1.0\" encoding=\"utf-8\"?><QueueMessagesList><QueueMessage><MessageId>4628cd0d-5b02-49cb-b537-b5e5c766f571</MessageId><InsertionTime>Wed,\
        \ 13 Sep 2017 00:53:24 GMT</InsertionTime><ExpirationTime>Wed, 20 Sep 2017\
        \ 00:53:24 GMT</ExpirationTime><PopReceipt>AgAAAAMAAAAAAAAARGNMtCos0wE=</PopReceipt><TimeNextVisible>Wed,\
        \ 13 Sep 2017 00:53:24 GMT</TimeNextVisible></QueueMessage></QueueMessagesList>"}
    headers:
      content-type: [application/xml]
      date: ['Wed, 13 Sep 2017 00:53:24 GMT']
      server: [Windows-Azure-Queue/1.0 Microsoft-HTTPAPI/2.0]
      transfer-encoding: [chunked]
      x-ms-request-id: [3bac599a-0003-010e-312a-2cfe8a000000]
      x-ms-version: ['2017-04-17']
    status: {code: 201, message: Created}
- request:
    body: !!python/unicode '<?xml version=''1.0'' encoding=''utf-8''?>

      <QueueMessage><MessageText>message2</MessageText></QueueMessage>'
    headers:
      Connection: [keep-alive]
      Content-Length: ['103']
      User-Agent: [Azure-Storage/0.36.0 (Python CPython 2.7.10; Darwin 16.7.0)]
      x-ms-client-request-id: [f2af600f-981d-11e7-8b35-b8e8564491f6]
      x-ms-date: ['Wed, 13 Sep 2017 00:53:25 GMT']
      x-ms-version: ['2017-04-17']
    method: POST
    uri: https://storagename.queue.core.windows.net/queuea7c20b89/messages
  response:
    body: {string: "\uFEFF<?xml version=\"1.0\" encoding=\"utf-8\"?><QueueMessagesList><QueueMessage><MessageId>8e5c16fb-79ec-43b4-821c-7f0ec1515551</MessageId><InsertionTime>Wed,\
        \ 13 Sep 2017 00:53:24 GMT</InsertionTime><ExpirationTime>Wed, 20 Sep 2017\
        \ 00:53:24 GMT</ExpirationTime><PopReceipt>AgAAAAMAAAAAAAAAmAlStCos0wE=</PopReceipt><TimeNextVisible>Wed,\
        \ 13 Sep 2017 00:53:24 GMT</TimeNextVisible></QueueMessage></QueueMessagesList>"}
    headers:
      content-type: [application/xml]
      date: ['Wed, 13 Sep 2017 00:53:24 GMT']
      server: [Windows-Azure-Queue/1.0 Microsoft-HTTPAPI/2.0]
      transfer-encoding: [chunked]
      x-ms-request-id: [3bac599e-0003-010e-352a-2cfe8a000000]
      x-ms-version: ['2017-04-17']
    status: {code: 201, message: Created}
- request:
    body: !!python/unicode '<?xml version=''1.0'' encoding=''utf-8''?>

      <QueueMessage><MessageText>message3</MessageText></QueueMessage>'
    headers:
      Connection: [keep-alive]
      Content-Length: ['103']
      User-Agent: [Azure-Storage/0.36.0 (Python CPython 2.7.10; Darwin 16.7.0)]
      x-ms-client-request-id: [f2b4dd7a-981d-11e7-bbd3-b8e8564491f6]
      x-ms-date: ['Wed, 13 Sep 2017 00:53:25 GMT']
      x-ms-version: ['2017-04-17']
    method: POST
    uri: https://storagename.queue.core.windows.net/queuea7c20b89/messages
  response:
    body: {string: "\uFEFF<?xml version=\"1.0\" encoding=\"utf-8\"?><QueueMessagesList><QueueMessage><MessageId>83b8b45c-32fa-4262-9170-e499ae0d034a</MessageId><InsertionTime>Wed,\
        \ 13 Sep 2017 00:53:24 GMT</InsertionTime><ExpirationTime>Wed, 20 Sep 2017\
        \ 00:53:24 GMT</ExpirationTime><PopReceipt>AgAAAAMAAAAAAAAAC9dXtCos0wE=</PopReceipt><TimeNextVisible>Wed,\
        \ 13 Sep 2017 00:53:24 GMT</TimeNextVisible></QueueMessage></QueueMessagesList>"}
    headers:
      content-type: [application/xml]
      date: ['Wed, 13 Sep 2017 00:53:24 GMT']
      server: [Windows-Azure-Queue/1.0 Microsoft-HTTPAPI/2.0]
      transfer-encoding: [chunked]
      x-ms-request-id: [3bac59a1-0003-010e-382a-2cfe8a000000]
      x-ms-version: ['2017-04-17']
    status: {code: 201, message: Created}
- request:
    body: !!python/unicode '<?xml version=''1.0'' encoding=''utf-8''?>

      <QueueMessage><MessageText>message4</MessageText></QueueMessage>'
    headers:
      Connection: [keep-alive]
      Content-Length: ['103']
      User-Agent: [Azure-Storage/0.36.0 (Python CPython 2.7.10; Darwin 16.7.0)]
      x-ms-client-request-id: [f2ba9ab5-981d-11e7-a8d4-b8e8564491f6]
      x-ms-date: ['Wed, 13 Sep 2017 00:53:25 GMT']
      x-ms-version: ['2017-04-17']
    method: POST
    uri: https://storagename.queue.core.windows.net/queuea7c20b89/messages
  response:
    body: {string: "\uFEFF<?xml version=\"1.0\" encoding=\"utf-8\"?><QueueMessagesList><QueueMessage><MessageId>25f0f81a-1f81-443c-a867-7637bcf1e051</MessageId><InsertionTime>Wed,\
        \ 13 Sep 2017 00:53:25 GMT</InsertionTime><ExpirationTime>Wed, 20 Sep 2017\
        \ 00:53:25 GMT</ExpirationTime><PopReceipt>AgAAAAMAAAAAAAAAS1ZdtCos0wE=</PopReceipt><TimeNextVisible>Wed,\
        \ 13 Sep 2017 00:53:25 GMT</TimeNextVisible></QueueMessage></QueueMessagesList>"}
    headers:
      content-type: [application/xml]
      date: ['Wed, 13 Sep 2017 00:53:24 GMT']
      server: [Windows-Azure-Queue/1.0 Microsoft-HTTPAPI/2.0]
      transfer-encoding: [chunked]
      x-ms-request-id: [3bac59a3-0003-010e-3a2a-2cfe8a000000]
      x-ms-version: ['2017-04-17']
    status: {code: 201, message: Created}
- request:
    body: null
    headers:
      Connection: [keep-alive]
      User-Agent: [Azure-Storage/0.36.0 (Python CPython 2.7.10; Darwin 16.7.0)]
      x-ms-client-request-id: [f2c0072e-981d-11e7-8774-b8e8564491f6]
      x-ms-date: ['Wed, 13 Sep 2017 00:53:25 GMT']
      x-ms-version: ['2017-04-17']
    method: GET
    uri: https://storagename.queue.core.windows.net/queuea7c20b89/messages
  response:
    body: {string: "\uFEFF<?xml version=\"1.0\" encoding=\"utf-8\"?><QueueMessagesList><QueueMessage><MessageId>4628cd0d-5b02-49cb-b537-b5e5c766f571</MessageId><InsertionTime>Wed,\
        \ 13 Sep 2017 00:53:24 GMT</InsertionTime><ExpirationTime>Wed, 20 Sep 2017\
        \ 00:53:24 GMT</ExpirationTime><PopReceipt>AgAAAAMAAAAAAAAAdVFExios0wE=</PopReceipt><TimeNextVisible>Wed,\
        \ 13 Sep 2017 00:53:55 GMT</TimeNextVisible><DequeueCount>1</DequeueCount><MessageText>message1</MessageText></QueueMessage></QueueMessagesList>"}
    headers:
      cache-control: [no-cache]
      content-type: [application/xml]
      date: ['Wed, 13 Sep 2017 00:53:24 GMT']
      server: [Windows-Azure-Queue/1.0 Microsoft-HTTPAPI/2.0]
      transfer-encoding: [chunked]
      x-ms-request-id: [3bac59a7-0003-010e-3e2a-2cfe8a000000]
      x-ms-version: ['2017-04-17']
    status: {code: 200, message: OK}
version: 1
