interactions:
- request:
    body: null
    headers:
      Connection: [keep-alive]
      Content-Length: ['0']
      User-Agent: [Azure-Storage/0.33.0 (Python CPython 3.4.4rc1; Windows 10)]
      x-ms-client-request-id: [a21a76c2-5f27-11e6-aaf2-0050b66b38e2]
      x-ms-date: ['Wed, 10 Aug 2016 18:24:10 GMT']
      x-ms-version: ['2015-07-08']
    method: PUT
    uri: https://storagename.blob.core.windows.net/utcontainer8e561eb7?restype=container
  response:
    body: {string: ''}
    headers:
      Date: ['Wed, 10 Aug 2016 18:24:09 GMT']
      ETag: ['"0x8D3C14B85AC9D74"']
      Last-Modified: ['Wed, 10 Aug 2016 18:24:09 GMT']
      Server: [Windows-Azure-Blob/1.0 Microsoft-HTTPAPI/2.0]
      Transfer-Encoding: [chunked]
      x-ms-request-id: [37f5118f-0001-0065-7734-f34e57000000]
      x-ms-version: ['2015-07-08']
    status: {code: 201, message: Created}
- request:
    body: null
    headers:
      Connection: [keep-alive]
      Content-Length: ['0']
      If-Unmodified-Since: ['Wed, 10 Aug 2016 18:39:11 GMT']
      User-Agent: [Azure-Storage/0.33.0 (Python CPython 3.4.4rc1; Windows 10)]
      x-ms-client-request-id: [a25d3938-5f27-11e6-a5a4-0050b66b38e2]
      x-ms-date: ['Wed, 10 Aug 2016 18:24:11 GMT']
      x-ms-lease-action: [acquire]
      x-ms-lease-duration: ['-1']
      x-ms-version: ['2015-07-08']
    method: PUT
    uri: https://storagename.blob.core.windows.net/utcontainer8e561eb7?comp=lease&restype=container
  response:
    body: {string: ''}
    headers:
      Date: ['Wed, 10 Aug 2016 18:24:09 GMT']
      ETag: ['"0x8D3C14B85AC9D74"']
      Last-Modified: ['Wed, 10 Aug 2016 18:24:09 GMT']
      Server: [Windows-Azure-Blob/1.0 Microsoft-HTTPAPI/2.0]
      Transfer-Encoding: [chunked]
      x-ms-lease-id: [a341c763-db28-4039-91d8-9a80af880886]
      x-ms-request-id: [37f51199-0001-0065-7f34-f34e57000000]
      x-ms-version: ['2015-07-08']
    status: {code: 201, message: Created}
- request:
    body: null
    headers:
      Connection: [keep-alive]
      Content-Length: ['0']
      User-Agent: [Azure-Storage/0.33.0 (Python CPython 3.4.4rc1; Windows 10)]
      x-ms-client-request-id: [a261fdf8-5f27-11e6-ada9-0050b66b38e2]
      x-ms-date: ['Wed, 10 Aug 2016 18:24:11 GMT']
      x-ms-lease-action: [break]
      x-ms-version: ['2015-07-08']
    method: PUT
    uri: https://storagename.blob.core.windows.net/utcontainer8e561eb7?comp=lease&restype=container
  response:
    body: {string: ''}
    headers:
      Date: ['Wed, 10 Aug 2016 18:24:09 GMT']
      ETag: ['"0x8D3C14B85AC9D74"']
      Last-Modified: ['Wed, 10 Aug 2016 18:24:09 GMT']
      Server: [Windows-Azure-Blob/1.0 Microsoft-HTTPAPI/2.0]
      Transfer-Encoding: [chunked]
      x-ms-lease-time: ['0']
      x-ms-request-id: [37f5119b-0001-0065-0134-f34e57000000]
      x-ms-version: ['2015-07-08']
    status: {code: 202, message: Accepted}
version: 1
