interactions:
- request:
    body: null
    headers:
      Connection: [keep-alive]
      Content-Length: ['0']
      User-Agent: [Azure-Storage/0.36.0 (Python CPython 2.7.10; Darwin 16.7.0)]
      x-ms-client-request-id: [be793ca1-981c-11e7-a727-b8e8564491f6]
      x-ms-date: ['Wed, 13 Sep 2017 00:44:48 GMT']
      x-ms-version: ['2017-04-17']
    method: PUT
    uri: https://storagename.blob.core.windows.net/utcontainera2b21733?restype=container
  response:
    body: {string: !!python/unicode ''}
    headers:
      date: ['Wed, 13 Sep 2017 00:44:47 GMT']
      etag: ['"0x8D4FA40A29E811E"']
      last-modified: ['Wed, 13 Sep 2017 00:44:47 GMT']
      server: [Windows-Azure-Blob/1.0 Microsoft-HTTPAPI/2.0]
      transfer-encoding: [chunked]
      x-ms-request-id: [7f7348ec-001e-012f-1429-2c93bb000000]
      x-ms-version: ['2017-04-17']
    status: {code: 201, message: Created}
- request:
    body: !!python/unicode 'hello world'
    headers:
      Connection: [keep-alive]
      Content-Length: ['11']
      User-Agent: [Azure-Storage/0.36.0 (Python CPython 2.7.10; Darwin 16.7.0)]
      x-ms-blob-type: [BlockBlob]
      x-ms-client-request-id: [be8bb830-981c-11e7-a9e3-b8e8564491f6]
      x-ms-date: ['Wed, 13 Sep 2017 00:44:48 GMT']
      x-ms-version: ['2017-04-17']
    method: PUT
    uri: https://storagename.blob.core.windows.net/utcontainera2b21733/blob1
  response:
    body: {string: !!python/unicode ''}
    headers:
      content-md5: [XrY7u+Ae7tCTyyK7j1rNww==]
      date: ['Wed, 13 Sep 2017 00:44:47 GMT']
      etag: ['"0x8D4FA40A29F2D89"']
      last-modified: ['Wed, 13 Sep 2017 00:44:47 GMT']
      server: [Windows-Azure-Blob/1.0 Microsoft-HTTPAPI/2.0]
      transfer-encoding: [chunked]
      x-ms-request-id: [7f73490c-001e-012f-3129-2c93bb000000]
      x-ms-request-server-encrypted: ['true']
      x-ms-version: ['2017-04-17']
    status: {code: 201, message: Created}
- request:
    body: null
    headers:
      Connection: [keep-alive]
      User-Agent: [Azure-Storage/0.36.0 (Python CPython 2.7.10; Darwin 16.7.0)]
      x-ms-client-request-id: [be91a2a6-981c-11e7-9174-b8e8564491f6]
      x-ms-date: ['Wed, 13 Sep 2017 00:44:48 GMT']
      x-ms-version: ['2017-04-17']
    method: HEAD
    uri: https://storagename.blob.core.windows.net/utcontainera2b21733/blob1
  response:
    body: {string: !!python/unicode ''}
    headers:
      accept-ranges: [bytes]
      content-length: ['11']
      content-md5: [XrY7u+Ae7tCTyyK7j1rNww==]
      content-type: [application/octet-stream]
      date: ['Wed, 13 Sep 2017 00:44:47 GMT']
      etag: ['"0x8D4FA40A29F2D89"']
      last-modified: ['Wed, 13 Sep 2017 00:44:47 GMT']
      server: [Windows-Azure-Blob/1.0 Microsoft-HTTPAPI/2.0]
      vary: [Origin]
      x-ms-blob-type: [BlockBlob]
      x-ms-lease-state: [available]
      x-ms-lease-status: [unlocked]
      x-ms-request-id: [7f734923-001e-012f-4729-2c93bb000000]
      x-ms-server-encrypted: ['true']
      x-ms-version: ['2017-04-17']
    status: {code: 200, message: OK}
- request:
    body: null
    headers:
      Connection: [keep-alive]
      Content-Length: ['0']
      If-Match: ['"0x8D4FA40A29F2D89"']
      User-Agent: [Azure-Storage/0.36.0 (Python CPython 2.7.10; Darwin 16.7.0)]
      x-ms-client-request-id: [be974ec2-981c-11e7-a80a-b8e8564491f6]
      x-ms-date: ['Wed, 13 Sep 2017 00:44:48 GMT']
      x-ms-lease-action: [acquire]
      x-ms-lease-duration: ['-1']
      x-ms-proposed-lease-id: [00000000-1111-2222-3333-444444444444]
      x-ms-version: ['2017-04-17']
    method: PUT
    uri: https://storagename.blob.core.windows.net/utcontainera2b21733/blob1?comp=lease
  response:
    body: {string: !!python/unicode ''}
    headers:
      date: ['Wed, 13 Sep 2017 00:44:47 GMT']
      etag: ['"0x8D4FA40A29F2D89"']
      last-modified: ['Wed, 13 Sep 2017 00:44:47 GMT']
      server: [Windows-Azure-Blob/1.0 Microsoft-HTTPAPI/2.0]
      transfer-encoding: [chunked]
      x-ms-lease-id: [00000000-1111-2222-3333-444444444444]
      x-ms-request-id: [7f734939-001e-012f-5d29-2c93bb000000]
      x-ms-version: ['2017-04-17']
    status: {code: 201, message: Created}
- request:
    body: null
    headers:
      Connection: [keep-alive]
      Content-Length: ['0']
      User-Agent: [Azure-Storage/0.36.0 (Python CPython 2.7.10; Darwin 16.7.0)]
      x-ms-client-request-id: [be9cd982-981c-11e7-aff5-b8e8564491f6]
      x-ms-date: ['Wed, 13 Sep 2017 00:44:48 GMT']
      x-ms-lease-action: [break]
      x-ms-version: ['2017-04-17']
    method: PUT
    uri: https://storagename.blob.core.windows.net/utcontainera2b21733/blob1?comp=lease
  response:
    body: {string: !!python/unicode ''}
    headers:
      date: ['Wed, 13 Sep 2017 00:44:47 GMT']
      etag: ['"0x8D4FA40A29F2D89"']
      last-modified: ['Wed, 13 Sep 2017 00:44:47 GMT']
      server: [Windows-Azure-Blob/1.0 Microsoft-HTTPAPI/2.0]
      transfer-encoding: [chunked]
      x-ms-lease-time: ['0']
      x-ms-request-id: [7f734943-001e-012f-6629-2c93bb000000]
      x-ms-version: ['2017-04-17']
    status: {code: 202, message: Accepted}
version: 1
