interactions:
- request:
    body: !!python/unicode '-'
    headers:
      Connection: [keep-alive]
      Content-Length: ['1']
      User-Agent: [Azure-Storage/0.36.0 (Python CPython 2.7.10; Darwin 16.7.0)]
      x-ms-blob-type: [BlockBlob]
      x-ms-client-request-id: [862115ba-8469-11e7-95dd-b8e8564491f6]
      x-ms-date: ['Fri, 18 Aug 2017 23:04:01 GMT']
      x-ms-version: ['2017-04-17']
    method: PUT
    uri: https://storagename.blob.core.windows.net/utcontainer32bc1531/-a-a-
  response:
    body: {string: !!python/unicode ''}
    headers:
      content-md5: [M21evFQ2U05h0W5j3fyjJw==]
      date: ['Fri, 18 Aug 2017 23:04:00 GMT']
      etag: ['"0x8D4E68D6A411083"']
      last-modified: ['Fri, 18 Aug 2017 23:04:01 GMT']
      server: [Windows-Azure-Blob/1.0 Microsoft-HTTPAPI/2.0]
      transfer-encoding: [chunked]
      x-ms-request-id: [911036c8-0001-00d3-2776-18eb71000000]
      x-ms-request-server-encrypted: ['true']
      x-ms-version: ['2017-04-17']
    status: {code: 201, message: Created}
- request:
    body: null
    headers:
      Connection: [keep-alive]
      User-Agent: [Azure-Storage/0.36.0 (Python CPython 2.7.10; Darwin 16.7.0)]
      x-ms-client-request-id: [8634d782-8469-11e7-b8f9-b8e8564491f6]
      x-ms-date: ['Fri, 18 Aug 2017 23:04:01 GMT']
      x-ms-range: [bytes=0-33554431]
      x-ms-version: ['2017-04-17']
    method: GET
    uri: https://storagename.blob.core.windows.net/utcontainer32bc1531/-a-a-
  response:
    body: {string: !!python/unicode '-'}
    headers:
      accept-ranges: [bytes]
      content-length: ['1']
      content-range: [bytes 0-0/1]
      content-type: [application/octet-stream]
      date: ['Fri, 18 Aug 2017 23:04:00 GMT']
      etag: ['"0x8D4E68D6A411083"']
      last-modified: ['Fri, 18 Aug 2017 23:04:01 GMT']
      server: [Windows-Azure-Blob/1.0 Microsoft-HTTPAPI/2.0]
      vary: [Origin]
      x-ms-blob-content-md5: [M21evFQ2U05h0W5j3fyjJw==]
      x-ms-blob-type: [BlockBlob]
      x-ms-lease-state: [available]
      x-ms-lease-status: [unlocked]
      x-ms-request-id: [911036d6-0001-00d3-3276-18eb71000000]
      x-ms-server-encrypted: ['true']
      x-ms-version: ['2017-04-17']
    status: {code: 206, message: Partial Content}
- request:
    body: !!python/unicode '.'
    headers:
      Connection: [keep-alive]
      Content-Length: ['1']
      User-Agent: [Azure-Storage/0.36.0 (Python CPython 2.7.10; Darwin 16.7.0)]
      x-ms-blob-type: [BlockBlob]
      x-ms-client-request-id: [863ab0d9-8469-11e7-a5fc-b8e8564491f6]
      x-ms-date: ['Fri, 18 Aug 2017 23:04:01 GMT']
      x-ms-version: ['2017-04-17']
    method: PUT
    uri: https://storagename.blob.core.windows.net/utcontainer32bc1531/.a.a.
  response:
    body: {string: !!python/unicode ''}
    headers:
      content-md5: [UFjxr4OIYz9gnK23WnXcnQ==]
      date: ['Fri, 18 Aug 2017 23:04:01 GMT']
      etag: ['"0x8D4E68D6A4C5D2D"']
      last-modified: ['Fri, 18 Aug 2017 23:04:01 GMT']
      server: [Windows-Azure-Blob/1.0 Microsoft-HTTPAPI/2.0]
      transfer-encoding: [chunked]
      x-ms-request-id: [911036e6-0001-00d3-3f76-18eb71000000]
      x-ms-request-server-encrypted: ['true']
      x-ms-version: ['2017-04-17']
    status: {code: 201, message: Created}
- request:
    body: null
    headers:
      Connection: [keep-alive]
      User-Agent: [Azure-Storage/0.36.0 (Python CPython 2.7.10; Darwin 16.7.0)]
      x-ms-client-request-id: [8642d4cc-8469-11e7-8c34-b8e8564491f6]
      x-ms-date: ['Fri, 18 Aug 2017 23:04:01 GMT']
      x-ms-range: [bytes=0-33554431]
      x-ms-version: ['2017-04-17']
    method: GET
    uri: https://storagename.blob.core.windows.net/utcontainer32bc1531/.a.a.
  response:
    body: {string: !!python/unicode '.'}
    headers:
      accept-ranges: [bytes]
      content-length: ['1']
      content-range: [bytes 0-0/1]
      content-type: [application/octet-stream]
      date: ['Fri, 18 Aug 2017 23:04:01 GMT']
      etag: ['"0x8D4E68D6A4C5D2D"']
      last-modified: ['Fri, 18 Aug 2017 23:04:01 GMT']
      server: [Windows-Azure-Blob/1.0 Microsoft-HTTPAPI/2.0]
      vary: [Origin]
      x-ms-blob-content-md5: [UFjxr4OIYz9gnK23WnXcnQ==]
      x-ms-blob-type: [BlockBlob]
      x-ms-lease-state: [available]
      x-ms-lease-status: [unlocked]
      x-ms-request-id: [911036fa-0001-00d3-5376-18eb71000000]
      x-ms-server-encrypted: ['true']
      x-ms-version: ['2017-04-17']
    status: {code: 206, message: Partial Content}
- request:
    body: !!python/unicode '_'
    headers:
      Connection: [keep-alive]
      Content-Length: ['1']
      User-Agent: [Azure-Storage/0.36.0 (Python CPython 2.7.10; Darwin 16.7.0)]
      x-ms-blob-type: [BlockBlob]
      x-ms-client-request-id: [86486770-8469-11e7-b145-b8e8564491f6]
      x-ms-date: ['Fri, 18 Aug 2017 23:04:01 GMT']
      x-ms-version: ['2017-04-17']
    method: PUT
    uri: https://storagename.blob.core.windows.net/utcontainer32bc1531/_a_a_
  response:
    body: {string: !!python/unicode ''}
    headers:
      content-md5: [sUp7gFnZwFWVTJJnTOYAMg==]
      date: ['Fri, 18 Aug 2017 23:04:01 GMT']
      etag: ['"0x8D4E68D6A5A6977"']
      last-modified: ['Fri, 18 Aug 2017 23:04:01 GMT']
      server: [Windows-Azure-Blob/1.0 Microsoft-HTTPAPI/2.0]
      transfer-encoding: [chunked]
      x-ms-request-id: [9110370a-0001-00d3-6376-18eb71000000]
      x-ms-request-server-encrypted: ['true']
      x-ms-version: ['2017-04-17']
    status: {code: 201, message: Created}
- request:
    body: null
    headers:
      Connection: [keep-alive]
      User-Agent: [Azure-Storage/0.36.0 (Python CPython 2.7.10; Darwin 16.7.0)]
      x-ms-client-request-id: [864e2b42-8469-11e7-a690-b8e8564491f6]
      x-ms-date: ['Fri, 18 Aug 2017 23:04:01 GMT']
      x-ms-range: [bytes=0-33554431]
      x-ms-version: ['2017-04-17']
    method: GET
    uri: https://storagename.blob.core.windows.net/utcontainer32bc1531/_a_a_
  response:
    body: {string: !!python/unicode '_'}
    headers:
      accept-ranges: [bytes]
      content-length: ['1']
      content-range: [bytes 0-0/1]
      content-type: [application/octet-stream]
      date: ['Fri, 18 Aug 2017 23:04:01 GMT']
      etag: ['"0x8D4E68D6A5A6977"']
      last-modified: ['Fri, 18 Aug 2017 23:04:01 GMT']
      server: [Windows-Azure-Blob/1.0 Microsoft-HTTPAPI/2.0]
      vary: [Origin]
      x-ms-blob-content-md5: [sUp7gFnZwFWVTJJnTOYAMg==]
      x-ms-blob-type: [BlockBlob]
      x-ms-lease-state: [available]
      x-ms-lease-status: [unlocked]
      x-ms-request-id: [91103713-0001-00d3-6c76-18eb71000000]
      x-ms-server-encrypted: ['true']
      x-ms-version: ['2017-04-17']
    status: {code: 206, message: Partial Content}
- request:
    body: !!python/unicode ' '
    headers:
      Connection: [keep-alive]
      Content-Length: ['1']
      User-Agent: [Azure-Storage/0.36.0 (Python CPython 2.7.10; Darwin 16.7.0)]
      x-ms-blob-type: [BlockBlob]
      x-ms-client-request-id: [8653b7ba-8469-11e7-8fbd-b8e8564491f6]
      x-ms-date: ['Fri, 18 Aug 2017 23:04:01 GMT']
      x-ms-version: ['2017-04-17']
    method: PUT
    uri: https://storagename.blob.core.windows.net/utcontainer32bc1531/%20a%20a%20
  response:
    body: {string: !!python/unicode ''}
    headers:
      content-md5: [chXunH2dwinSkhpA6JnsXw==]
      date: ['Fri, 18 Aug 2017 23:04:01 GMT']
      etag: ['"0x8D4E68D6A65B61C"']
      last-modified: ['Fri, 18 Aug 2017 23:04:01 GMT']
      server: [Windows-Azure-Blob/1.0 Microsoft-HTTPAPI/2.0]
      transfer-encoding: [chunked]
      x-ms-request-id: [91103720-0001-00d3-7776-18eb71000000]
      x-ms-request-server-encrypted: ['true']
      x-ms-version: ['2017-04-17']
    status: {code: 201, message: Created}
- request:
    body: null
    headers:
      Connection: [keep-alive]
      User-Agent: [Azure-Storage/0.36.0 (Python CPython 2.7.10; Darwin 16.7.0)]
      x-ms-client-request-id: [8659ace1-8469-11e7-80a4-b8e8564491f6]
      x-ms-date: ['Fri, 18 Aug 2017 23:04:01 GMT']
      x-ms-range: [bytes=0-33554431]
      x-ms-version: ['2017-04-17']
    method: GET
    uri: https://storagename.blob.core.windows.net/utcontainer32bc1531/%20a%20a%20
  response:
    body: {string: !!python/unicode ' '}
    headers:
      accept-ranges: [bytes]
      content-length: ['1']
      content-range: [bytes 0-0/1]
      content-type: [application/octet-stream]
      date: ['Fri, 18 Aug 2017 23:04:01 GMT']
      etag: ['"0x8D4E68D6A65B61C"']
      last-modified: ['Fri, 18 Aug 2017 23:04:01 GMT']
      server: [Windows-Azure-Blob/1.0 Microsoft-HTTPAPI/2.0]
      vary: [Origin]
      x-ms-blob-content-md5: [chXunH2dwinSkhpA6JnsXw==]
      x-ms-blob-type: [BlockBlob]
      x-ms-lease-state: [available]
      x-ms-lease-status: [unlocked]
      x-ms-request-id: [9110372e-0001-00d3-0476-18eb71000000]
      x-ms-server-encrypted: ['true']
      x-ms-version: ['2017-04-17']
    status: {code: 206, message: Partial Content}
- request:
    body: !!python/unicode '/'
    headers:
      Connection: [keep-alive]
      Content-Length: ['1']
      User-Agent: [Azure-Storage/0.36.0 (Python CPython 2.7.10; Darwin 16.7.0)]
      x-ms-blob-type: [BlockBlob]
      x-ms-client-request-id: [865fea11-8469-11e7-8a32-b8e8564491f6]
      x-ms-date: ['Fri, 18 Aug 2017 23:04:01 GMT']
      x-ms-version: ['2017-04-17']
    method: PUT
    uri: https://storagename.blob.core.windows.net/utcontainer32bc1531//a/a/
  response:
    body: {string: !!python/unicode ''}
    headers:
      content-md5: [ZmbNdvlpVkaee+OddQzH2Q==]
      date: ['Fri, 18 Aug 2017 23:04:01 GMT']
      etag: ['"0x8D4E68D6A71C63E"']
      last-modified: ['Fri, 18 Aug 2017 23:04:01 GMT']
      server: [Windows-Azure-Blob/1.0 Microsoft-HTTPAPI/2.0]
      transfer-encoding: [chunked]
      x-ms-request-id: [9110373c-0001-00d3-1276-18eb71000000]
      x-ms-request-server-encrypted: ['true']
      x-ms-version: ['2017-04-17']
    status: {code: 201, message: Created}
- request:
    body: null
    headers:
      Connection: [keep-alive]
      User-Agent: [Azure-Storage/0.36.0 (Python CPython 2.7.10; Darwin 16.7.0)]
      x-ms-client-request-id: [8665b14a-8469-11e7-8850-b8e8564491f6]
      x-ms-date: ['Fri, 18 Aug 2017 23:04:01 GMT']
      x-ms-range: [bytes=0-33554431]
      x-ms-version: ['2017-04-17']
    method: GET
    uri: https://storagename.blob.core.windows.net/utcontainer32bc1531//a/a/
  response:
    body: {string: !!python/unicode '/'}
    headers:
      accept-ranges: [bytes]
      content-length: ['1']
      content-range: [bytes 0-0/1]
      content-type: [application/octet-stream]
      date: ['Fri, 18 Aug 2017 23:04:01 GMT']
      etag: ['"0x8D4E68D6A71C63E"']
      last-modified: ['Fri, 18 Aug 2017 23:04:01 GMT']
      server: [Windows-Azure-Blob/1.0 Microsoft-HTTPAPI/2.0]
      vary: [Origin]
      x-ms-blob-content-md5: [ZmbNdvlpVkaee+OddQzH2Q==]
      x-ms-blob-type: [BlockBlob]
      x-ms-lease-state: [available]
      x-ms-lease-status: [unlocked]
      x-ms-request-id: [91103757-0001-00d3-2d76-18eb71000000]
      x-ms-server-encrypted: ['true']
      x-ms-version: ['2017-04-17']
    status: {code: 206, message: Partial Content}
- request:
    body: !!python/unicode '('
    headers:
      Connection: [keep-alive]
      Content-Length: ['1']
      User-Agent: [Azure-Storage/0.36.0 (Python CPython 2.7.10; Darwin 16.7.0)]
      x-ms-blob-type: [BlockBlob]
      x-ms-client-request-id: [866db2f8-8469-11e7-a8af-b8e8564491f6]
      x-ms-date: ['Fri, 18 Aug 2017 23:04:01 GMT']
      x-ms-version: ['2017-04-17']
    method: PUT
    uri: https://storagename.blob.core.windows.net/utcontainer32bc1531/(a(a(
  response:
    body: {string: !!python/unicode ''}
    headers:
      content-md5: [hMQEc0FMry7Up7EoPki79A==]
      date: ['Fri, 18 Aug 2017 23:04:01 GMT']
      etag: ['"0x8D4E68D6A7FAB6C"']
      last-modified: ['Fri, 18 Aug 2017 23:04:01 GMT']
      server: [Windows-Azure-Blob/1.0 Microsoft-HTTPAPI/2.0]
      transfer-encoding: [chunked]
      x-ms-request-id: [91103777-0001-00d3-4a76-18eb71000000]
      x-ms-request-server-encrypted: ['true']
      x-ms-version: ['2017-04-17']
    status: {code: 201, message: Created}
- request:
    body: null
    headers:
      Connection: [keep-alive]
      User-Agent: [Azure-Storage/0.36.0 (Python CPython 2.7.10; Darwin 16.7.0)]
      x-ms-client-request-id: [867362b8-8469-11e7-b7cb-b8e8564491f6]
      x-ms-date: ['Fri, 18 Aug 2017 23:04:02 GMT']
      x-ms-range: [bytes=0-33554431]
      x-ms-version: ['2017-04-17']
    method: GET
    uri: https://storagename.blob.core.windows.net/utcontainer32bc1531/(a(a(
  response:
    body: {string: !!python/unicode '('}
    headers:
      accept-ranges: [bytes]
      content-length: ['1']
      content-range: [bytes 0-0/1]
      content-type: [application/octet-stream]
      date: ['Fri, 18 Aug 2017 23:04:01 GMT']
      etag: ['"0x8D4E68D6A7FAB6C"']
      last-modified: ['Fri, 18 Aug 2017 23:04:01 GMT']
      server: [Windows-Azure-Blob/1.0 Microsoft-HTTPAPI/2.0]
      vary: [Origin]
      x-ms-blob-content-md5: [hMQEc0FMry7Up7EoPki79A==]
      x-ms-blob-type: [BlockBlob]
      x-ms-lease-state: [available]
      x-ms-lease-status: [unlocked]
      x-ms-request-id: [91103785-0001-00d3-5776-18eb71000000]
      x-ms-server-encrypted: ['true']
      x-ms-version: ['2017-04-17']
    status: {code: 206, message: Partial Content}
- request:
    body: !!python/unicode ')'
    headers:
      Connection: [keep-alive]
      Content-Length: ['1']
      User-Agent: [Azure-Storage/0.36.0 (Python CPython 2.7.10; Darwin 16.7.0)]
      x-ms-blob-type: [BlockBlob]
      x-ms-client-request-id: [867b5217-8469-11e7-8517-b8e8564491f6]
      x-ms-date: ['Fri, 18 Aug 2017 23:04:02 GMT']
      x-ms-version: ['2017-04-17']
    method: PUT
    uri: https://storagename.blob.core.windows.net/utcontainer32bc1531/)a)a)
  response:
    body: {string: !!python/unicode ''}
    headers:
      content-md5: [k3HXouOuhqAKq0dx450lXQ==]
      date: ['Fri, 18 Aug 2017 23:04:01 GMT']
      etag: ['"0x8D4E68D6A8D90CD"']
      last-modified: ['Fri, 18 Aug 2017 23:04:01 GMT']
      server: [Windows-Azure-Blob/1.0 Microsoft-HTTPAPI/2.0]
      transfer-encoding: [chunked]
      x-ms-request-id: [911037a3-0001-00d3-7076-18eb71000000]
      x-ms-request-server-encrypted: ['true']
      x-ms-version: ['2017-04-17']
    status: {code: 201, message: Created}
- request:
    body: null
    headers:
      Connection: [keep-alive]
      User-Agent: [Azure-Storage/0.36.0 (Python CPython 2.7.10; Darwin 16.7.0)]
      x-ms-client-request-id: [86816119-8469-11e7-a556-b8e8564491f6]
      x-ms-date: ['Fri, 18 Aug 2017 23:04:02 GMT']
      x-ms-range: [bytes=0-33554431]
      x-ms-version: ['2017-04-17']
    method: GET
    uri: https://storagename.blob.core.windows.net/utcontainer32bc1531/)a)a)
  response:
    body: {string: !!python/unicode ')'}
    headers:
      accept-ranges: [bytes]
      content-length: ['1']
      content-range: [bytes 0-0/1]
      content-type: [application/octet-stream]
      date: ['Fri, 18 Aug 2017 23:04:01 GMT']
      etag: ['"0x8D4E68D6A8D90CD"']
      last-modified: ['Fri, 18 Aug 2017 23:04:01 GMT']
      server: [Windows-Azure-Blob/1.0 Microsoft-HTTPAPI/2.0]
      vary: [Origin]
      x-ms-blob-content-md5: [k3HXouOuhqAKq0dx450lXQ==]
      x-ms-blob-type: [BlockBlob]
      x-ms-lease-state: [available]
      x-ms-lease-status: [unlocked]
      x-ms-request-id: [911037b0-0001-00d3-7b76-18eb71000000]
      x-ms-server-encrypted: ['true']
      x-ms-version: ['2017-04-17']
    status: {code: 206, message: Partial Content}
- request:
    body: !!python/unicode '$'
    headers:
      Connection: [keep-alive]
      Content-Length: ['1']
      User-Agent: [Azure-Storage/0.36.0 (Python CPython 2.7.10; Darwin 16.7.0)]
      x-ms-blob-type: [BlockBlob]
      x-ms-client-request-id: [8689558a-8469-11e7-bbd8-b8e8564491f6]
      x-ms-date: ['Fri, 18 Aug 2017 23:04:02 GMT']
      x-ms-version: ['2017-04-17']
    method: PUT
    uri: https://storagename.blob.core.windows.net/utcontainer32bc1531/$a$a$
  response:
    body: {string: !!python/unicode ''}
    headers:
      content-md5: [w+l91ul/tRJWiMl/NnIMvg==]
      date: ['Fri, 18 Aug 2017 23:04:01 GMT']
      etag: ['"0x8D4E68D6A9B27A6"']
      last-modified: ['Fri, 18 Aug 2017 23:04:01 GMT']
      server: [Windows-Azure-Blob/1.0 Microsoft-HTTPAPI/2.0]
      transfer-encoding: [chunked]
      x-ms-request-id: [911037c3-0001-00d3-0d76-18eb71000000]
      x-ms-request-server-encrypted: ['true']
      x-ms-version: ['2017-04-17']
    status: {code: 201, message: Created}
- request:
    body: null
    headers:
      Connection: [keep-alive]
      User-Agent: [Azure-Storage/0.36.0 (Python CPython 2.7.10; Darwin 16.7.0)]
      x-ms-client-request-id: [868f5ba8-8469-11e7-8567-b8e8564491f6]
      x-ms-date: ['Fri, 18 Aug 2017 23:04:02 GMT']
      x-ms-range: [bytes=0-33554431]
      x-ms-version: ['2017-04-17']
    method: GET
    uri: https://storagename.blob.core.windows.net/utcontainer32bc1531/$a$a$
  response:
    body: {string: !!python/unicode '$'}
    headers:
      accept-ranges: [bytes]
      content-length: ['1']
      content-range: [bytes 0-0/1]
      content-type: [application/octet-stream]
      date: ['Fri, 18 Aug 2017 23:04:01 GMT']
      etag: ['"0x8D4E68D6A9B27A6"']
      last-modified: ['Fri, 18 Aug 2017 23:04:01 GMT']
      server: [Windows-Azure-Blob/1.0 Microsoft-HTTPAPI/2.0]
      vary: [Origin]
      x-ms-blob-content-md5: [w+l91ul/tRJWiMl/NnIMvg==]
      x-ms-blob-type: [BlockBlob]
      x-ms-lease-state: [available]
      x-ms-lease-status: [unlocked]
      x-ms-request-id: [911037d3-0001-00d3-1d76-18eb71000000]
      x-ms-server-encrypted: ['true']
      x-ms-version: ['2017-04-17']
    status: {code: 206, message: Partial Content}
- request:
    body: !!python/unicode '='
    headers:
      Connection: [keep-alive]
      Content-Length: ['1']
      User-Agent: [Azure-Storage/0.36.0 (Python CPython 2.7.10; Darwin 16.7.0)]
      x-ms-blob-type: [BlockBlob]
      x-ms-client-request-id: [8694ee0f-8469-11e7-9b89-b8e8564491f6]
      x-ms-date: ['Fri, 18 Aug 2017 23:04:02 GMT']
      x-ms-version: ['2017-04-17']
    method: PUT
    uri: https://storagename.blob.core.windows.net/utcontainer32bc1531/=a=a=
  response:
    body: {string: !!python/unicode ''}
    headers:
      content-md5: [Q+w+Xe5ucGr3dm//6lEnIQ==]
      date: ['Fri, 18 Aug 2017 23:04:01 GMT']
      etag: ['"0x8D4E68D6AA6E992"']
      last-modified: ['Fri, 18 Aug 2017 23:04:02 GMT']
      server: [Windows-Azure-Blob/1.0 Microsoft-HTTPAPI/2.0]
      transfer-encoding: [chunked]
      x-ms-request-id: [911037e7-0001-00d3-3076-18eb71000000]
      x-ms-request-server-encrypted: ['true']
      x-ms-version: ['2017-04-17']
    status: {code: 201, message: Created}
- request:
    body: null
    headers:
      Connection: [keep-alive]
      User-Agent: [Azure-Storage/0.36.0 (Python CPython 2.7.10; Darwin 16.7.0)]
      x-ms-client-request-id: [869afcf5-8469-11e7-9282-b8e8564491f6]
      x-ms-date: ['Fri, 18 Aug 2017 23:04:02 GMT']
      x-ms-range: [bytes=0-33554431]
      x-ms-version: ['2017-04-17']
    method: GET
    uri: https://storagename.blob.core.windows.net/utcontainer32bc1531/=a=a=
  response:
    body: {string: !!python/unicode '='}
    headers:
      accept-ranges: [bytes]
      content-length: ['1']
      content-range: [bytes 0-0/1]
      content-type: [application/octet-stream]
      date: ['Fri, 18 Aug 2017 23:04:01 GMT']
      etag: ['"0x8D4E68D6AA6E992"']
      last-modified: ['Fri, 18 Aug 2017 23:04:02 GMT']
      server: [Windows-Azure-Blob/1.0 Microsoft-HTTPAPI/2.0]
      vary: [Origin]
      x-ms-blob-content-md5: [Q+w+Xe5ucGr3dm//6lEnIQ==]
      x-ms-blob-type: [BlockBlob]
      x-ms-lease-state: [available]
      x-ms-lease-status: [unlocked]
      x-ms-request-id: [911037ff-0001-00d3-4476-18eb71000000]
      x-ms-server-encrypted: ['true']
      x-ms-version: ['2017-04-17']
    status: {code: 206, message: Partial Content}
- request:
    body: !!python/unicode ''''
    headers:
      Connection: [keep-alive]
      Content-Length: ['1']
      User-Agent: [Azure-Storage/0.36.0 (Python CPython 2.7.10; Darwin 16.7.0)]
      x-ms-blob-type: [BlockBlob]
      x-ms-client-request-id: [86a0e3c0-8469-11e7-9cb9-b8e8564491f6]
      x-ms-date: ['Fri, 18 Aug 2017 23:04:02 GMT']
      x-ms-version: ['2017-04-17']
    method: PUT
    uri: https://storagename.blob.core.windows.net/utcontainer32bc1531/'a'a'
  response:
    body: {string: !!python/unicode ''}
    headers:
      content-md5: [NZDLivC7ueeMNDtSuTdzyQ==]
      date: ['Fri, 18 Aug 2017 23:04:01 GMT']
      etag: ['"0x8D4E68D6AB2F9B3"']
      last-modified: ['Fri, 18 Aug 2017 23:04:02 GMT']
      server: [Windows-Azure-Blob/1.0 Microsoft-HTTPAPI/2.0]
      transfer-encoding: [chunked]
      x-ms-request-id: [9110380d-0001-00d3-5076-18eb71000000]
      x-ms-request-server-encrypted: ['true']
      x-ms-version: ['2017-04-17']
    status: {code: 201, message: Created}
- request:
    body: null
    headers:
      Connection: [keep-alive]
      User-Agent: [Azure-Storage/0.36.0 (Python CPython 2.7.10; Darwin 16.7.0)]
      x-ms-client-request-id: [86a6e8c2-8469-11e7-929e-b8e8564491f6]
      x-ms-date: ['Fri, 18 Aug 2017 23:04:02 GMT']
      x-ms-range: [bytes=0-33554431]
      x-ms-version: ['2017-04-17']
    method: GET
    uri: https://storagename.blob.core.windows.net/utcontainer32bc1531/'a'a'
  response:
    body: {string: !!python/unicode ''''}
    headers:
      accept-ranges: [bytes]
      content-length: ['1']
      content-range: [bytes 0-0/1]
      content-type: [application/octet-stream]
      date: ['Fri, 18 Aug 2017 23:04:01 GMT']
      etag: ['"0x8D4E68D6AB2F9B3"']
      last-modified: ['Fri, 18 Aug 2017 23:04:02 GMT']
      server: [Windows-Azure-Blob/1.0 Microsoft-HTTPAPI/2.0]
      vary: [Origin]
      x-ms-blob-content-md5: [NZDLivC7ueeMNDtSuTdzyQ==]
      x-ms-blob-type: [BlockBlob]
      x-ms-lease-state: [available]
      x-ms-lease-status: [unlocked]
      x-ms-request-id: [9110381e-0001-00d3-6076-18eb71000000]
      x-ms-server-encrypted: ['true']
      x-ms-version: ['2017-04-17']
    status: {code: 206, message: Partial Content}
- request:
    body: !!python/unicode ','
    headers:
      Connection: [keep-alive]
      Content-Length: ['1']
      User-Agent: [Azure-Storage/0.36.0 (Python CPython 2.7.10; Darwin 16.7.0)]
      x-ms-blob-type: [BlockBlob]
      x-ms-client-request-id: [86ad5823-8469-11e7-860c-b8e8564491f6]
      x-ms-date: ['Fri, 18 Aug 2017 23:04:02 GMT']
      x-ms-version: ['2017-04-17']
    method: PUT
    uri: https://storagename.blob.core.windows.net/utcontainer32bc1531/,a,a,
  response:
    body: {string: !!python/unicode ''}
    headers:
      content-md5: [wMtfD88jmrPZwfzTH/8e/A==]
      date: ['Fri, 18 Aug 2017 23:04:01 GMT']
      etag: ['"0x8D4E68D6ABF7F12"']
      last-modified: ['Fri, 18 Aug 2017 23:04:02 GMT']
      server: [Windows-Azure-Blob/1.0 Microsoft-HTTPAPI/2.0]
      transfer-encoding: [chunked]
      x-ms-request-id: [9110382d-0001-00d3-6c76-18eb71000000]
      x-ms-request-server-encrypted: ['true']
      x-ms-version: ['2017-04-17']
    status: {code: 201, message: Created}
- request:
    body: null
    headers:
      Connection: [keep-alive]
      User-Agent: [Azure-Storage/0.36.0 (Python CPython 2.7.10; Darwin 16.7.0)]
      x-ms-client-request-id: [86b36607-8469-11e7-8f12-b8e8564491f6]
      x-ms-date: ['Fri, 18 Aug 2017 23:04:02 GMT']
      x-ms-range: [bytes=0-33554431]
      x-ms-version: ['2017-04-17']
    method: GET
    uri: https://storagename.blob.core.windows.net/utcontainer32bc1531/,a,a,
  response:
    body: {string: !!python/unicode ','}
    headers:
      accept-ranges: [bytes]
      content-length: ['1']
      content-range: [bytes 0-0/1]
      content-type: [application/octet-stream]
      date: ['Fri, 18 Aug 2017 23:04:01 GMT']
      etag: ['"0x8D4E68D6ABF7F12"']
      last-modified: ['Fri, 18 Aug 2017 23:04:02 GMT']
      server: [Windows-Azure-Blob/1.0 Microsoft-HTTPAPI/2.0]
      vary: [Origin]
      x-ms-blob-content-md5: [wMtfD88jmrPZwfzTH/8e/A==]
      x-ms-blob-type: [BlockBlob]
      x-ms-lease-state: [available]
      x-ms-lease-status: [unlocked]
      x-ms-request-id: [91103844-0001-00d3-0276-18eb71000000]
      x-ms-server-encrypted: ['true']
      x-ms-version: ['2017-04-17']
    status: {code: 206, message: Partial Content}
- request:
    body: !!python/unicode '~'
    headers:
      Connection: [keep-alive]
      Content-Length: ['1']
      User-Agent: [Azure-Storage/0.36.0 (Python CPython 2.7.10; Darwin 16.7.0)]
      x-ms-blob-type: [BlockBlob]
      x-ms-client-request-id: [86b9410c-8469-11e7-b00a-b8e8564491f6]
      x-ms-date: ['Fri, 18 Aug 2017 23:04:02 GMT']
      x-ms-version: ['2017-04-17']
    method: PUT
    uri: https://storagename.blob.core.windows.net/utcontainer32bc1531/~a~a~
  response:
    body: {string: !!python/unicode ''}
    headers:
      content-md5: [THYfFw4BaDb/hEmCArmYJw==]
      date: ['Fri, 18 Aug 2017 23:04:01 GMT']
      etag: ['"0x8D4E68D6ACB8F33"']
      last-modified: ['Fri, 18 Aug 2017 23:04:02 GMT']
      server: [Windows-Azure-Blob/1.0 Microsoft-HTTPAPI/2.0]
      transfer-encoding: [chunked]
      x-ms-request-id: [9110384e-0001-00d3-0b76-18eb71000000]
      x-ms-request-server-encrypted: ['true']
      x-ms-version: ['2017-04-17']
    status: {code: 201, message: Created}
- request:
    body: null
    headers:
      Connection: [keep-alive]
      User-Agent: [Azure-Storage/0.36.0 (Python CPython 2.7.10; Darwin 16.7.0)]
      x-ms-client-request-id: [86c1af02-8469-11e7-94ae-b8e8564491f6]
      x-ms-date: ['Fri, 18 Aug 2017 23:04:02 GMT']
      x-ms-range: [bytes=0-33554431]
      x-ms-version: ['2017-04-17']
    method: GET
    uri: https://storagename.blob.core.windows.net/utcontainer32bc1531/~a~a~
  response:
    body: {string: !!python/unicode '~'}
    headers:
      accept-ranges: [bytes]
      content-length: ['1']
      content-range: [bytes 0-0/1]
      content-type: [application/octet-stream]
      date: ['Fri, 18 Aug 2017 23:04:01 GMT']
      etag: ['"0x8D4E68D6ACB8F33"']
      last-modified: ['Fri, 18 Aug 2017 23:04:02 GMT']
      server: [Windows-Azure-Blob/1.0 Microsoft-HTTPAPI/2.0]
      vary: [Origin]
      x-ms-blob-content-md5: [THYfFw4BaDb/hEmCArmYJw==]
      x-ms-blob-type: [BlockBlob]
      x-ms-lease-state: [available]
      x-ms-lease-status: [unlocked]
      x-ms-request-id: [91103863-0001-00d3-1c76-18eb71000000]
      x-ms-server-encrypted: ['true']
      x-ms-version: ['2017-04-17']
    status: {code: 206, message: Partial Content}
version: 1
