interactions:
- request:
    body: !!python/unicode 'AAA'
    headers:
      Connection: [keep-alive]
      Content-Length: ['3']
      User-Agent: [Azure-Storage/0.36.0 (Python CPython 2.7.10; Darwin 16.7.0)]
      x-ms-client-request-id: [59b31282-8469-11e7-bb8b-b8e8564491f6]
      x-ms-date: ['Fri, 18 Aug 2017 23:02:46 GMT']
      x-ms-version: ['2017-04-17']
    method: PUT
    uri: https://storagename.blob.core.windows.net/utcontainerfd0e54/blobfd0e54?comp=block&blockid=MQ%3D%3D
  response:
    body: {string: !!python/unicode ''}
    headers:
      content-md5: [4fr/s+YU5sL7p0KWliOGtw==]
      date: ['Fri, 18 Aug 2017 23:02:46 GMT']
      server: [Windows-Azure-Blob/1.0 Microsoft-HTTPAPI/2.0]
      transfer-encoding: [chunked]
      x-ms-request-id: [0e5b0bfb-0001-0090-1976-18c198000000]
      x-ms-request-server-encrypted: ['true']
      x-ms-version: ['2017-04-17']
    status: {code: 201, message: Created}
- request:
    body: !!python/unicode 'BBB'
    headers:
      Connection: [keep-alive]
      Content-Length: ['3']
      User-Agent: [Azure-Storage/0.36.0 (Python CPython 2.7.10; Darwin 16.7.0)]
      x-ms-client-request-id: [59c5f29c-8469-11e7-a21b-b8e8564491f6]
      x-ms-date: ['Fri, 18 Aug 2017 23:02:47 GMT']
      x-ms-version: ['2017-04-17']
    method: PUT
    uri: https://storagename.blob.core.windows.net/utcontainerfd0e54/blobfd0e54?comp=block&blockid=Mg%3D%3D
  response:
    body: {string: !!python/unicode ''}
    headers:
      content-md5: [K7Il8LqaWJMHV6ho7VfZow==]
      date: ['Fri, 18 Aug 2017 23:02:46 GMT']
      server: [Windows-Azure-Blob/1.0 Microsoft-HTTPAPI/2.0]
      transfer-encoding: [chunked]
      x-ms-request-id: [0e5b0c0e-0001-0090-2876-18c198000000]
      x-ms-request-server-encrypted: ['true']
      x-ms-version: ['2017-04-17']
    status: {code: 201, message: Created}
- request:
    body: !!python/unicode 'CCC'
    headers:
      Connection: [keep-alive]
      Content-Length: ['3']
      User-Agent: [Azure-Storage/0.36.0 (Python CPython 2.7.10; Darwin 16.7.0)]
      x-ms-client-request-id: [59cb5cf0-8469-11e7-927c-b8e8564491f6]
      x-ms-date: ['Fri, 18 Aug 2017 23:02:47 GMT']
      x-ms-version: ['2017-04-17']
    method: PUT
    uri: https://storagename.blob.core.windows.net/utcontainerfd0e54/blobfd0e54?comp=block&blockid=Mw%3D%3D
  response:
    body: {string: !!python/unicode ''}
    headers:
      content-md5: [3vuZ5pqfH24G8VAGsfFmrg==]
      date: ['Fri, 18 Aug 2017 23:02:46 GMT']
      server: [Windows-Azure-Blob/1.0 Microsoft-HTTPAPI/2.0]
      transfer-encoding: [chunked]
      x-ms-request-id: [0e5b0c1f-0001-0090-3776-18c198000000]
      x-ms-request-server-encrypted: ['true']
      x-ms-version: ['2017-04-17']
    status: {code: 201, message: Created}
- request:
    body: !!python/unicode '<?xml version=''1.0'' encoding=''utf-8''?>

      <BlockList><Latest>MQ==</Latest><Latest>Mg==</Latest><Latest>Mw==</Latest></BlockList>'
    headers:
      Connection: [keep-alive]
      Content-Length: ['125']
      User-Agent: [Azure-Storage/0.36.0 (Python CPython 2.7.10; Darwin 16.7.0)]
      x-ms-client-request-id: [59d10efd-8469-11e7-aa7c-b8e8564491f6]
      x-ms-date: ['Fri, 18 Aug 2017 23:02:47 GMT']
      x-ms-version: ['2017-04-17']
    method: PUT
    uri: https://storagename.blob.core.windows.net/utcontainerfd0e54/blobfd0e54?comp=blocklist
  response:
    body: {string: !!python/unicode ''}
    headers:
      content-md5: [GD5pABqdSyI51XhMKrkBRA==]
      date: ['Fri, 18 Aug 2017 23:02:46 GMT']
      etag: ['"0x8D4E68D3DE34364"']
      last-modified: ['Fri, 18 Aug 2017 23:02:46 GMT']
      server: [Windows-Azure-Blob/1.0 Microsoft-HTTPAPI/2.0]
      transfer-encoding: [chunked]
      x-ms-request-id: [0e5b0c26-0001-0090-3e76-18c198000000]
      x-ms-request-server-encrypted: ['true']
      x-ms-version: ['2017-04-17']
    status: {code: 201, message: Created}
- request:
    body: null
    headers:
      Connection: [keep-alive]
      User-Agent: [Azure-Storage/0.36.0 (Python CPython 2.7.10; Darwin 16.7.0)]
      x-ms-client-request-id: [59d76c51-8469-11e7-a99e-b8e8564491f6]
      x-ms-date: ['Fri, 18 Aug 2017 23:02:47 GMT']
      x-ms-range: [bytes=0-33554431]
      x-ms-version: ['2017-04-17']
    method: GET
    uri: https://storagename.blob.core.windows.net/utcontainerfd0e54/blobfd0e54
  response:
    body: {string: !!python/unicode 'AAABBBCCC'}
    headers:
      accept-ranges: [bytes]
      content-length: ['9']
      content-range: [bytes 0-8/9]
      content-type: [application/octet-stream]
      date: ['Fri, 18 Aug 2017 23:02:46 GMT']
      etag: ['"0x8D4E68D3DE34364"']
      last-modified: ['Fri, 18 Aug 2017 23:02:46 GMT']
      server: [Windows-Azure-Blob/1.0 Microsoft-HTTPAPI/2.0]
      vary: [Origin]
      x-ms-blob-type: [BlockBlob]
      x-ms-lease-state: [available]
      x-ms-lease-status: [unlocked]
      x-ms-request-id: [0e5b0c36-0001-0090-4d76-18c198000000]
      x-ms-server-encrypted: ['true']
      x-ms-version: ['2017-04-17']
    status: {code: 206, message: Partial Content}
version: 1
