interactions:
- request:
    body: null
    headers:
      Connection: [keep-alive]
      Content-Length: ['0']
      User-Agent: [Azure-Storage/0.36.0 (Python CPython 2.7.10; Darwin 16.7.0)]
      x-ms-client-request-id: [093e2d17-846a-11e7-b552-b8e8564491f6]
      x-ms-date: ['Fri, 18 Aug 2017 23:07:41 GMT']
      x-ms-version: ['2017-04-17']
    method: PUT
    uri: https://storagename.file.core.windows.net/utshare954e1740/dir1?restype=directory
  response:
    body: {string: !!python/unicode ''}
    headers:
      date: ['Fri, 18 Aug 2017 23:07:41 GMT']
      etag: ['"0x8D4E68DED7AB9D0"']
      last-modified: ['Fri, 18 Aug 2017 23:07:41 GMT']
      server: [Windows-Azure-File/1.0 Microsoft-HTTPAPI/2.0]
      transfer-encoding: [chunked]
      x-ms-request-id: [85a4104c-001a-0104-5c76-18e703000000]
      x-ms-request-server-encrypted: ['false']
      x-ms-version: ['2017-04-17']
    status: {code: 201, message: Created}
- request:
    body: null
    headers:
      Connection: [keep-alive]
      Content-Length: ['0']
      User-Agent: [Azure-Storage/0.36.0 (Python CPython 2.7.10; Darwin 16.7.0)]
      x-ms-client-request-id: [0956076b-846a-11e7-a0cd-b8e8564491f6]
      x-ms-date: ['Fri, 18 Aug 2017 23:07:41 GMT']
      x-ms-version: ['2017-04-17']
    method: DELETE
    uri: https://storagename.file.core.windows.net/utshare954e1740/dir1?restype=directory
  response:
    body: {string: !!python/unicode ''}
    headers:
      date: ['Fri, 18 Aug 2017 23:07:41 GMT']
      server: [Windows-Azure-File/1.0 Microsoft-HTTPAPI/2.0]
      transfer-encoding: [chunked]
      x-ms-request-id: [85a4104e-001a-0104-5d76-18e703000000]
      x-ms-version: ['2017-04-17']
    status: {code: 202, message: Accepted}
- request:
    body: null
    headers:
      Connection: [keep-alive]
      User-Agent: [Azure-Storage/0.36.0 (Python CPython 2.7.10; Darwin 16.7.0)]
      x-ms-client-request-id: [095b34b0-846a-11e7-bbe4-b8e8564491f6]
      x-ms-date: ['Fri, 18 Aug 2017 23:07:41 GMT']
      x-ms-version: ['2017-04-17']
    method: GET
    uri: https://storagename.file.core.windows.net/utshare954e1740/dir1?restype=directory
  response:
    body: {string: "\uFEFF<?xml version=\"1.0\" encoding=\"utf-8\"?><Error><Code>ResourceNotFound</Code><Message>The\
        \ specified resource does not exist.\nRequestId:85a4104f-001a-0104-5e76-18e703000000\n\
        Time:2017-08-18T23:07:41.5971692Z</Message></Error>"}
    headers:
      content-length: ['223']
      content-type: [application/xml]
      date: ['Fri, 18 Aug 2017 23:07:41 GMT']
      server: [Windows-Azure-File/1.0 Microsoft-HTTPAPI/2.0]
      x-ms-request-id: [85a4104f-001a-0104-5e76-18e703000000]
      x-ms-version: ['2017-04-17']
    status: {code: 404, message: The specified resource does not exist.}
version: 1
