interactions:
- request:
    body: null
    headers:
      Connection: [keep-alive]
      Content-Length: ['0']
      User-Agent: [Azure-Storage/1.4.0-2.0.0 (Python CPython 3.7.0; Darwin 18.5.0)]
      x-ms-client-request-id: [79d91928-71f5-11e9-b134-acde48001122]
      x-ms-date: ['Thu, 09 May 2019 00:57:53 GMT']
      x-ms-version: ['2018-11-09']
    method: PUT
    uri: https://storagename.blob.core.windows.net/containerf3fe18d5?restype=container
  response:
    body: {string: ''}
    headers:
      Content-Length: ['0']
      Date: ['Thu, 09 May 2019 00:57:53 GMT']
      ETag: ['"0x8D6D4195E51A3EF"']
      Last-Modified: ['Thu, 09 May 2019 00:57:54 GMT']
      Server: [Windows-Azure-Blob/1.0 Microsoft-HTTPAPI/2.0]
      x-ms-request-id: [7261dbc8-001e-000c-6f02-0621da000000]
      x-ms-version: ['2018-11-09']
    status: {code: 201, message: Created}
- request:
    body: AAA
    headers:
      Connection: [keep-alive]
      Content-Length: ['3']
      User-Agent: [Azure-Storage/1.4.0-2.0.0 (Python CPython 3.7.0; Darwin 18.5.0)]
      x-ms-client-request-id: [7a20f0ae-71f5-11e9-b134-acde48001122]
      x-ms-date: ['Thu, 09 May 2019 00:57:54 GMT']
      x-ms-version: ['2018-11-09']
    method: PUT
    uri: https://storagename.blob.core.windows.net/containerf3fe18d5/blob1?comp=block&blockid=MQ%3D%3D
  response:
    body: {string: ''}
    headers:
      Content-Length: ['0']
      Content-MD5: [4fr/s+YU5sL7p0KWliOGtw==]
      Date: ['Thu, 09 May 2019 00:57:53 GMT']
      Server: [Windows-Azure-Blob/1.0 Microsoft-HTTPAPI/2.0]
      x-ms-request-id: [7261dbed-001e-000c-0b02-0621da000000]
      x-ms-request-server-encrypted: ['true']
      x-ms-version: ['2018-11-09']
    status: {code: 201, message: Created}
- request:
    body: BBB
    headers:
      Connection: [keep-alive]
      Content-Length: ['3']
      User-Agent: [Azure-Storage/1.4.0-2.0.0 (Python CPython 3.7.0; Darwin 18.5.0)]
      x-ms-client-request-id: [7a264aa4-71f5-11e9-b134-acde48001122]
      x-ms-date: ['Thu, 09 May 2019 00:57:54 GMT']
      x-ms-version: ['2018-11-09']
    method: PUT
    uri: https://storagename.blob.core.windows.net/containerf3fe18d5/blob1?comp=block&blockid=Mg%3D%3D
  response:
    body: {string: ''}
    headers:
      Content-Length: ['0']
      Content-MD5: [K7Il8LqaWJMHV6ho7VfZow==]
      Date: ['Thu, 09 May 2019 00:57:53 GMT']
      Server: [Windows-Azure-Blob/1.0 Microsoft-HTTPAPI/2.0]
      x-ms-request-id: [7261dc0a-001e-000c-2202-0621da000000]
      x-ms-request-server-encrypted: ['true']
      x-ms-version: ['2018-11-09']
    status: {code: 201, message: Created}
- request:
    body: CCC
    headers:
      Connection: [keep-alive]
      Content-Length: ['3']
      User-Agent: [Azure-Storage/1.4.0-2.0.0 (Python CPython 3.7.0; Darwin 18.5.0)]
      x-ms-client-request-id: [7a2ba4c2-71f5-11e9-b134-acde48001122]
      x-ms-date: ['Thu, 09 May 2019 00:57:54 GMT']
      x-ms-version: ['2018-11-09']
    method: PUT
    uri: https://storagename.blob.core.windows.net/containerf3fe18d5/blob1?comp=block&blockid=Mw%3D%3D
  response:
    body: {string: ''}
    headers:
      Content-Length: ['0']
      Content-MD5: [3vuZ5pqfH24G8VAGsfFmrg==]
      Date: ['Thu, 09 May 2019 00:57:53 GMT']
      Server: [Windows-Azure-Blob/1.0 Microsoft-HTTPAPI/2.0]
      x-ms-request-id: [7261dc1d-001e-000c-3202-0621da000000]
      x-ms-request-server-encrypted: ['true']
      x-ms-version: ['2018-11-09']
    status: {code: 201, message: Created}
- request:
    body: hello world
    headers:
      Connection: [keep-alive]
      Content-Length: ['11']
      User-Agent: [Azure-Storage/1.4.0-2.0.0 (Python CPython 3.7.0; Darwin 18.5.0)]
      x-ms-blob-type: [BlockBlob]
      x-ms-client-request-id: [7a31070a-71f5-11e9-b134-acde48001122]
      x-ms-date: ['Thu, 09 May 2019 00:57:54 GMT']
      x-ms-meta-name: [car]
      x-ms-meta-number: ['2']
      x-ms-version: ['2018-11-09']
    method: PUT
    uri: https://storagename.blob.core.windows.net/containerf3fe18d5/blob2
  response:
    body: {string: ''}
    headers:
      Content-Length: ['0']
      Content-MD5: [XrY7u+Ae7tCTyyK7j1rNww==]
      Date: ['Thu, 09 May 2019 00:57:53 GMT']
      ETag: ['"0x8D6D4195E67BEB5"']
      Last-Modified: ['Thu, 09 May 2019 00:57:54 GMT']
      Server: [Windows-Azure-Blob/1.0 Microsoft-HTTPAPI/2.0]
      x-ms-request-id: [7261dc38-001e-000c-4a02-0621da000000]
      x-ms-request-server-encrypted: ['true']
      x-ms-version: ['2018-11-09']
    status: {code: 201, message: Created}
- request:
    body: null
    headers:
      Connection: [keep-alive]
      User-Agent: [Azure-Storage/1.4.0-2.0.0 (Python CPython 3.7.0; Darwin 18.5.0)]
      x-ms-client-request-id: [7a369260-71f5-11e9-b134-acde48001122]
      x-ms-date: ['Thu, 09 May 2019 00:57:54 GMT']
      x-ms-version: ['2018-11-09']
    method: GET
    uri: https://storagename.blob.core.windows.net/containerf3fe18d5?restype=container&comp=list&include=uncommittedblobs
  response:
    body: {string: "\uFEFF<?xml version=\"1.0\" encoding=\"utf-8\"?><EnumerationResults\
        \ ServiceEndpoint=\"https://storagename.blob.core.windows.net/\" ContainerName=\"\
        containerf3fe18d5\"><Blobs><Blob><Name>blob1</Name><Properties><Content-Length>0</Content-Length><BlobType>BlockBlob</BlobType><AccessTier>Hot</AccessTier><AccessTierInferred>true</AccessTierInferred><LeaseStatus>unlocked</LeaseStatus><LeaseState>available</LeaseState><ServerEncrypted>false</ServerEncrypted><TagCount>0</TagCount></Properties></Blob><Blob><Name>blob2</Name><Properties><Creation-Time>Thu,\
        \ 09 May 2019 00:57:54 GMT</Creation-Time><Last-Modified>Thu, 09 May 2019\
        \ 00:57:54 GMT</Last-Modified><Etag>0x8D6D4195E67BEB5</Etag><Content-Length>11</Content-Length><Content-Type>application/octet-stream</Content-Type><Content-Encoding\
        \ /><Content-Language /><Content-MD5>XrY7u+Ae7tCTyyK7j1rNww==</Content-MD5><Cache-Control\
        \ /><Content-Disposition /><BlobType>BlockBlob</BlobType><AccessTier>Hot</AccessTier><AccessTierInferred>true</AccessTierInferred><LeaseStatus>unlocked</LeaseStatus><LeaseState>available</LeaseState><ServerEncrypted>true</ServerEncrypted><TagCount>0</TagCount></Properties></Blob></Blobs><NextMarker\
        \ /></EnumerationResults>"}
    headers:
      Content-Type: [application/xml]
      Date: ['Thu, 09 May 2019 00:57:53 GMT']
      Server: [Windows-Azure-Blob/1.0 Microsoft-HTTPAPI/2.0]
      Transfer-Encoding: [chunked]
      Vary: [Origin]
      x-ms-request-id: [7261dc4a-001e-000c-5a02-0621da000000]
      x-ms-version: ['2018-11-09']
    status: {code: 200, message: OK}
version: 1
