interactions:
- request:
    body: null
    headers:
      Connection: [keep-alive]
      Content-Length: ['0']
      User-Agent: [Azure-Storage/0.33.0 (Python CPython 3.4.4rc1; Windows 10)]
      x-ms-client-request-id: [a35e0c52-5f26-11e6-b13e-0050b66b38e2]
      x-ms-date: ['Wed, 10 Aug 2016 18:17:03 GMT']
      x-ms-version: ['2015-07-08']
    method: PUT
    uri: https://storagename.blob.core.windows.net/container96311f03?restype=container
  response:
    body: {string: ''}
    headers:
      Date: ['Wed, 10 Aug 2016 18:17:01 GMT']
      ETag: ['"0x8D3C14A86B86422"']
      Last-Modified: ['Wed, 10 Aug 2016 18:17:02 GMT']
      Server: [Windows-Azure-Blob/1.0 Microsoft-HTTPAPI/2.0]
      Transfer-Encoding: [chunked]
      x-ms-request-id: [9785a699-0001-0080-1133-f35ca0000000]
      x-ms-version: ['2015-07-08']
    status: {code: 201, message: Created}
- request:
    body: null
    headers:
      Connection: [keep-alive]
      Content-Length: ['0']
      User-Agent: [Azure-Storage/0.33.0 (Python CPython 3.4.4rc1; Windows 10)]
      x-ms-client-request-id: [a3a7f510-5f26-11e6-b8ca-0050b66b38e2]
      x-ms-date: ['Wed, 10 Aug 2016 18:17:04 GMT']
      x-ms-version: ['2015-07-08']
    method: DELETE
    uri: https://storagename.blob.core.windows.net/container96311f03?restype=container
  response:
    body: {string: ''}
    headers:
      Date: ['Wed, 10 Aug 2016 18:17:01 GMT']
      Server: [Windows-Azure-Blob/1.0 Microsoft-HTTPAPI/2.0]
      Transfer-Encoding: [chunked]
      x-ms-request-id: [9785a6ad-0001-0080-2233-f35ca0000000]
      x-ms-version: ['2015-07-08']
    status: {code: 202, message: Accepted}
- request:
    body: null
    headers:
      Connection: [keep-alive]
      User-Agent: [Azure-Storage/0.33.0 (Python CPython 3.4.4rc1; Windows 10)]
      x-ms-client-request-id: [a3acba30-5f26-11e6-9f39-0050b66b38e2]
      x-ms-date: ['Wed, 10 Aug 2016 18:17:04 GMT']
      x-ms-version: ['2015-07-08']
    method: GET
    uri: https://storagename.blob.core.windows.net/container96311f03?restype=container
  response:
    body: {string: "\uFEFF<?xml version=\"1.0\" encoding=\"utf-8\"?><Error><Code>ContainerNotFound</Code><Message>The\
        \ specified container does not exist.\nRequestId:9785a6ba-0001-0080-2e33-f35ca0000000\n\
        Time:2016-08-10T18:17:02.2063803Z</Message></Error>"}
    headers:
      Content-Length: ['225']
      Content-Type: [application/xml]
      Date: ['Wed, 10 Aug 2016 18:17:01 GMT']
      Server: [Windows-Azure-Blob/1.0 Microsoft-HTTPAPI/2.0]
      x-ms-request-id: [9785a6ba-0001-0080-2e33-f35ca0000000]
      x-ms-version: ['2015-07-08']
    status: {code: 404, message: The specified container does not exist.}
version: 1
