interactions:
- request:
    body: null
    headers:
      Connection: [keep-alive]
      Content-Length: ['0']
      User-Agent: [Azure-Storage/1.4.0-2.0.0 (Python CPython 3.7.0; Darwin 18.5.0)]
      x-ms-client-request-id: [9bd12124-71fa-11e9-aabd-acde48001122]
      x-ms-date: ['Thu, 09 May 2019 01:34:38 GMT']
      x-ms-version: ['2018-11-09']
    method: PUT
    uri: https://storagename.file.core.windows.net/shared84a1877?restype=share
  response:
    body: {string: ''}
    headers:
      Content-Length: ['0']
      Date: ['Thu, 09 May 2019 01:34:37 GMT']
      ETag: ['"0x8D6D41E80144297"']
      Last-Modified: ['Thu, 09 May 2019 01:34:38 GMT']
      Server: [Windows-Azure-File/1.0 Microsoft-HTTPAPI/2.0]
      x-ms-request-id: [06eac7d0-d01a-002c-5907-064d16000000]
      x-ms-version: ['2018-11-09']
    status: {code: 201, message: Created}
- request:
    body: null
    headers:
      Connection: [keep-alive]
      Content-Length: ['0']
      User-Agent: [Azure-Storage/1.4.0-2.0.0 (Python CPython 3.7.0; Darwin 18.5.0)]
      x-ms-client-request-id: [9be3f006-71fa-11e9-aabd-acde48001122]
      x-ms-date: ['Thu, 09 May 2019 01:34:38 GMT']
      x-ms-version: ['2018-11-09']
    method: PUT
    uri: https://storagename.file.core.windows.net/shared84a1877/dir1?restype=directory
  response:
    body: {string: ''}
    headers:
      Content-Length: ['0']
      Date: ['Thu, 09 May 2019 01:34:37 GMT']
      ETag: ['"0x8D6D41E801DB488"']
      Last-Modified: ['Thu, 09 May 2019 01:34:38 GMT']
      Server: [Windows-Azure-File/1.0 Microsoft-HTTPAPI/2.0]
      x-ms-request-id: [06eac7d3-d01a-002c-5a07-064d16000000]
      x-ms-request-server-encrypted: ['true']
      x-ms-version: ['2018-11-09']
    status: {code: 201, message: Created}
- request:
    body: null
    headers:
      Connection: [keep-alive]
      Content-Length: ['0']
      User-Agent: [Azure-Storage/1.4.0-2.0.0 (Python CPython 3.7.0; Darwin 18.5.0)]
      x-ms-client-request-id: [9bed2248-71fa-11e9-aabd-acde48001122]
      x-ms-content-length: ['1024']
      x-ms-date: ['Thu, 09 May 2019 01:34:38 GMT']
      x-ms-type: [file]
      x-ms-version: ['2018-11-09']
    method: PUT
    uri: https://storagename.file.core.windows.net/shared84a1877/filea1
  response:
    body: {string: ''}
    headers:
      Content-Length: ['0']
      Date: ['Thu, 09 May 2019 01:34:37 GMT']
      ETag: ['"0x8D6D41E80235B37"']
      Last-Modified: ['Thu, 09 May 2019 01:34:38 GMT']
      Server: [Windows-Azure-File/1.0 Microsoft-HTTPAPI/2.0]
      x-ms-request-id: [06eac7d4-d01a-002c-5b07-064d16000000]
      x-ms-request-server-encrypted: ['true']
      x-ms-version: ['2018-11-09']
    status: {code: 201, message: Created}
- request:
    body: null
    headers:
      Connection: [keep-alive]
      Content-Length: ['0']
      User-Agent: [Azure-Storage/1.4.0-2.0.0 (Python CPython 3.7.0; Darwin 18.5.0)]
      x-ms-client-request-id: [9bf31284-71fa-11e9-aabd-acde48001122]
      x-ms-content-length: ['1024']
      x-ms-date: ['Thu, 09 May 2019 01:34:38 GMT']
      x-ms-type: [file]
      x-ms-version: ['2018-11-09']
    method: PUT
    uri: https://storagename.file.core.windows.net/shared84a1877/filea2
  response:
    body: {string: ''}
    headers:
      Content-Length: ['0']
      Date: ['Thu, 09 May 2019 01:34:37 GMT']
      ETag: ['"0x8D6D41E802901E6"']
      Last-Modified: ['Thu, 09 May 2019 01:34:38 GMT']
      Server: [Windows-Azure-File/1.0 Microsoft-HTTPAPI/2.0]
      x-ms-request-id: [06eac7d5-d01a-002c-5c07-064d16000000]
      x-ms-request-server-encrypted: ['true']
      x-ms-version: ['2018-11-09']
    status: {code: 201, message: Created}
- request:
    body: null
    headers:
      Connection: [keep-alive]
      Content-Length: ['0']
      User-Agent: [Azure-Storage/1.4.0-2.0.0 (Python CPython 3.7.0; Darwin 18.5.0)]
      x-ms-client-request-id: [9bf8dcdc-71fa-11e9-aabd-acde48001122]
      x-ms-content-length: ['1024']
      x-ms-date: ['Thu, 09 May 2019 01:34:38 GMT']
      x-ms-type: [file]
      x-ms-version: ['2018-11-09']
    method: PUT
    uri: https://storagename.file.core.windows.net/shared84a1877/filea3
  response:
    body: {string: ''}
    headers:
      Content-Length: ['0']
      Date: ['Thu, 09 May 2019 01:34:37 GMT']
      ETag: ['"0x8D6D41E802F1DEB"']
      Last-Modified: ['Thu, 09 May 2019 01:34:38 GMT']
      Server: [Windows-Azure-File/1.0 Microsoft-HTTPAPI/2.0]
      x-ms-request-id: [06eac7d6-d01a-002c-5d07-064d16000000]
      x-ms-request-server-encrypted: ['true']
      x-ms-version: ['2018-11-09']
    status: {code: 201, message: Created}
- request:
    body: null
    headers:
      Connection: [keep-alive]
      Content-Length: ['0']
      User-Agent: [Azure-Storage/1.4.0-2.0.0 (Python CPython 3.7.0; Darwin 18.5.0)]
      x-ms-client-request-id: [9bfeba44-71fa-11e9-aabd-acde48001122]
      x-ms-content-length: ['1024']
      x-ms-date: ['Thu, 09 May 2019 01:34:38 GMT']
      x-ms-type: [file]
      x-ms-version: ['2018-11-09']
    method: PUT
    uri: https://storagename.file.core.windows.net/shared84a1877/fileb1
  response:
    body: {string: ''}
    headers:
      Content-Length: ['0']
      Date: ['Thu, 09 May 2019 01:34:38 GMT']
      ETag: ['"0x8D6D41E8034C49A"']
      Last-Modified: ['Thu, 09 May 2019 01:34:38 GMT']
      Server: [Windows-Azure-File/1.0 Microsoft-HTTPAPI/2.0]
      x-ms-request-id: [06eac7d7-d01a-002c-5e07-064d16000000]
      x-ms-request-server-encrypted: ['true']
      x-ms-version: ['2018-11-09']
    status: {code: 201, message: Created}
- request:
    body: null
    headers:
      Connection: [keep-alive]
      User-Agent: [Azure-Storage/1.4.0-2.0.0 (Python CPython 3.7.0; Darwin 18.5.0)]
      x-ms-client-request-id: [9c044464-71fa-11e9-aabd-acde48001122]
      x-ms-date: ['Thu, 09 May 2019 01:34:38 GMT']
      x-ms-version: ['2018-11-09']
    method: GET
    uri: https://storagename.file.core.windows.net/shared84a1877?restype=directory&comp=list&maxresults=2
  response:
    body: {string: "\uFEFF<?xml version=\"1.0\" encoding=\"utf-8\"?><EnumerationResults\
        \ ServiceEndpoint=\"https://storagename.file.core.windows.net/\" ShareName=\"\
        shared84a1877\" DirectoryPath=\"\"><MaxResults>2</MaxResults><Entries><Directory><Name>dir1</Name><Properties\
        \ /></Directory><File><Name>filea1</Name><Properties><Content-Length>1024</Content-Length></Properties></File></Entries><NextMarker>1!8!ZmlsZWEy</NextMarker></EnumerationResults>"}
    headers:
      Content-Type: [application/xml]
      Date: ['Thu, 09 May 2019 01:34:38 GMT']
      Server: [Windows-Azure-File/1.0 Microsoft-HTTPAPI/2.0]
      Transfer-Encoding: [chunked]
      x-ms-request-id: [06eac7d8-d01a-002c-5f07-064d16000000]
      x-ms-version: ['2018-11-09']
    status: {code: 200, message: OK}
version: 1
