interactions:
- request:
    body: null
    headers:
      Connection: [keep-alive]
      Content-Length: ['0']
      User-Agent: [Azure-Storage/1.4.0-2.0.0 (Python CPython 3.7.0; Darwin 18.5.0)]
      x-ms-client-request-id: [deb18972-71f3-11e9-b134-acde48001122]
      x-ms-copy-source: ['https://zemaintest.blob.core.windows.net/utcontainer740d1e2e/srcblob740d1e2e?se=2019-05-09T01%3A46%3A23Z&sp=r&sv=2018-11-09&sr=b&sig=tamvA6jEXHTFLViyKmxianrTE1rAgr35H44g3axrGMg%3D']
      x-ms-date: ['Thu, 09 May 2019 00:46:23 GMT']
      x-ms-source-content-md5: [QBqKsd3fVdDzKdmcTQsCyA==]
      x-ms-version: ['2018-11-09']
    method: PUT
    uri: https://storagename.blob.core.windows.net/utcontainer740d1e2e/destblob740d1e2e?comp=block&blockid=MQ%3D%3D
  response:
    body: {string: ''}
    headers:
      Content-Length: ['0']
      Content-MD5: [QBqKsd3fVdDzKdmcTQsCyA==]
      Date: ['Thu, 09 May 2019 00:46:24 GMT']
      Server: [Windows-Azure-Blob/1.0 Microsoft-HTTPAPI/2.0]
      x-ms-request-id: [6389b706-101e-003a-6600-068c88000000]
      x-ms-request-server-encrypted: ['true']
      x-ms-version: ['2018-11-09']
    status: {code: 201, message: Created}
- request:
    body: null
    headers:
      Connection: [keep-alive]
      User-Agent: [Azure-Storage/1.4.0-2.0.0 (Python CPython 3.7.0; Darwin 18.5.0)]
      x-ms-client-request-id: [df0aa980-71f3-11e9-b134-acde48001122]
      x-ms-date: ['Thu, 09 May 2019 00:46:24 GMT']
      x-ms-version: ['2018-11-09']
    method: GET
    uri: https://storagename.blob.core.windows.net/utcontainer740d1e2e/destblob740d1e2e?comp=blocklist&blocklisttype=all
  response:
    body: {string: "\uFEFF<?xml version=\"1.0\" encoding=\"utf-8\"?><BlockList><CommittedBlocks\
        \ /><UncommittedBlocks><Block><Name>MQ==</Name><Size>8192</Size></Block></UncommittedBlocks></BlockList>"}
    headers:
      Content-Type: [application/xml]
      Date: ['Thu, 09 May 2019 00:46:24 GMT']
      Server: [Windows-Azure-Blob/1.0 Microsoft-HTTPAPI/2.0]
      Transfer-Encoding: [chunked]
      Vary: [Origin]
      x-ms-request-id: [6389b764-101e-003a-3e00-068c88000000]
      x-ms-version: ['2018-11-09']
    status: {code: 200, message: OK}
- request:
    body: null
    headers:
      Connection: [keep-alive]
      Content-Length: ['0']
      User-Agent: [Azure-Storage/1.4.0-2.0.0 (Python CPython 3.7.0; Darwin 18.5.0)]
      x-ms-client-request-id: [df0f870c-71f3-11e9-b134-acde48001122]
      x-ms-copy-source: ['https://zemaintest.blob.core.windows.net/utcontainer740d1e2e/srcblob740d1e2e?se=2019-05-09T01%3A46%3A23Z&sp=r&sv=2018-11-09&sr=b&sig=tamvA6jEXHTFLViyKmxianrTE1rAgr35H44g3axrGMg%3D']
      x-ms-date: ['Thu, 09 May 2019 00:46:24 GMT']
      x-ms-source-content-md5: [isbyeiguSTgSVIJgfM+1Xw==]
      x-ms-version: ['2018-11-09']
    method: PUT
    uri: https://storagename.blob.core.windows.net/utcontainer740d1e2e/destblob740d1e2e?comp=block&blockid=Mg%3D%3D
  response:
    body: {string: "\uFEFF<?xml version=\"1.0\" encoding=\"utf-8\"?><Error><Code>Md5Mismatch</Code><Message>The\
        \ MD5 value specified in the request did not match with the MD5 value calculated\
        \ by the server.\nRequestId:6389b77a-101e-003a-5100-068c88000000\nTime:2019-05-09T00:46:24.4985894Z</Message><UserSpecifiedMd5>isbyeiguSTgSVIJgfM+1Xw==</UserSpecifiedMd5><ServerCalculatedMd5>QBqKsd3fVdDzKdmcTQsCyA==</ServerCalculatedMd5></Error>"}
    headers:
      Content-Length: ['405']
      Content-Type: [application/xml]
      Date: ['Thu, 09 May 2019 00:46:24 GMT']
      Server: [Windows-Azure-Blob/1.0 Microsoft-HTTPAPI/2.0]
      x-ms-error-code: [Md5Mismatch]
      x-ms-request-id: [6389b77a-101e-003a-5100-068c88000000]
      x-ms-version: ['2018-11-09']
    status: {code: 400, message: The MD5 value specified in the request did not match
        with the MD5 value calculated by the server.}
- request:
    body: null
    headers:
      Connection: [keep-alive]
      User-Agent: [Azure-Storage/1.4.0-2.0.0 (Python CPython 3.7.0; Darwin 18.5.0)]
      x-ms-client-request-id: [df17de84-71f3-11e9-b134-acde48001122]
      x-ms-date: ['Thu, 09 May 2019 00:46:24 GMT']
      x-ms-version: ['2018-11-09']
    method: GET
    uri: https://storagename.blob.core.windows.net/utcontainer740d1e2e/destblob740d1e2e?comp=blocklist&blocklisttype=all
  response:
    body: {string: "\uFEFF<?xml version=\"1.0\" encoding=\"utf-8\"?><BlockList><CommittedBlocks\
        \ /><UncommittedBlocks><Block><Name>MQ==</Name><Size>8192</Size></Block></UncommittedBlocks></BlockList>"}
    headers:
      Content-Type: [application/xml]
      Date: ['Thu, 09 May 2019 00:46:24 GMT']
      Server: [Windows-Azure-Blob/1.0 Microsoft-HTTPAPI/2.0]
      Transfer-Encoding: [chunked]
      Vary: [Origin]
      x-ms-request-id: [6389b7a4-101e-003a-7200-068c88000000]
      x-ms-version: ['2018-11-09']
    status: {code: 200, message: OK}
version: 1
