interactions:
- request:
    body: !!python/unicode '{"sex": "nNbP8CHFJs2EfaYI6d8bcA==", "birthday@odata.type":
      "Edm.DateTime", "evenratio": 3.0, "binary": "YmluYXJ5", "ratio": 3.1, "large@odata.type":
      "Edm.Int64", "Birthday@odata.type": "Edm.DateTime", "Birthday": "1973-10-04T00:00:00Z",
      "clsid": "c9da6455-213d-42c9-9a79-3e9149a57833", "RowKey": "Entity3", "_ClientEncryptionMetadata2@odata.type":
      "Edm.Binary", "name@odata.type": "Edm.Binary", "birthday": "1970-10-04T00:00:00Z",
      "binary@odata.type": "Edm.Binary", "optional": null, "_ClientEncryptionMetadata1":
      "{\"WrappedContentKey\": {\"KeyId\": \"key1\", \"EncryptedKey\": \"U3pnB2fVdkzZLZZGfvtOEgW4/iw6xv0ZMlBqj3kj0ofFMuNobUamfw==\",
      \"Algorithm\": \"A256KW\"}, \"EncryptionAgent\": {\"Protocol\": \"1.0\", \"EncryptionAlgorithm\":
      \"AES_CBC_256\"}, \"ContentEncryptionIV\": \"9HuSQGna97+iwdtsb0bgsw==\", \"KeyWrappingMetadata\":
      {\"EncryptionLibrary\": \"Python 0.36.0\"}}", "_ClientEncryptionMetadata2":
      "wG/WaME4Soj8PApCcRX/jw==", "sex@odata.type": "Edm.Binary", "age@odata.type":
      "Edm.Int64", "name": "DcQgPhHn9KEZ/ZQEtdvvEg==", "clsid@odata.type": "Edm.Guid",
      "married": true, "large": "933311100", "PartitionKey": "pk427b1a22", "other":
      20, "age": "39", "deceased": false}'
    headers:
      Accept: [application/json;odata=minimalmetadata]
      Connection: [keep-alive]
      Content-Length: ['1185']
      Content-Type: [application/json]
      DataServiceVersion: [3.0;NetFx]
      MaxDataServiceVersion: ['3.0']
      Prefer: [return-no-content]
      User-Agent: [Azure-Storage/0.36.0 (Python CPython 2.7.10; Darwin 16.7.0)]
      x-ms-client-request-id: [47cc1919-981e-11e7-bba9-b8e8564491f6]
      x-ms-date: ['Wed, 13 Sep 2017 00:55:47 GMT']
      x-ms-version: ['2017-04-17']
    method: POST
    uri: https://storagename.table.core.windows.net/uttable427b1a22
  response:
    body: {string: !!python/unicode ''}
    headers:
      cache-control: [no-cache]
      content-length: ['0']
      dataserviceid: ['https://storagename.table.core.windows.net/uttable427b1a22(PartitionKey=''pk427b1a22'',RowKey=''Entity3'')']
      date: ['Wed, 13 Sep 2017 00:55:47 GMT']
      etag: [W/"datetime'2017-09-13T00%3A55%3A47.8181387Z'"]
      location: ['https://storagename.table.core.windows.net/uttable427b1a22(PartitionKey=''pk427b1a22'',RowKey=''Entity3'')']
      preference-applied: [return-no-content]
      server: [Windows-Azure-Table/1.0 Microsoft-HTTPAPI/2.0]
      x-content-type-options: [nosniff]
      x-ms-request-id: [99fc2f03-0002-0035-752b-2cfa81000000]
      x-ms-version: ['2017-04-17']
    status: {code: 204, message: No Content}
- request:
    body: !!python/unicode '--batch_47ed9fe1-981e-11e7-a242-b8e8564491f6

      Content-Type: multipart/mixed; boundary=changeset_47eda061-981e-11e7-a5c4-b8e8564491f6


      --changeset_47eda061-981e-11e7-a5c4-b8e8564491f6

      Content-Type: application/http

      Content-Transfer-Encoding: binary


      POST /uttable427b1a22 HTTP/1.1

      Content-ID: 1

      Prefer: return-no-content

      Accept: application/json;odata=minimalmetadata

      Content-Type: application/json

      Content-Length: 1188


      {"sex": "Xw0eBoT1mkC8kzZHjBCJzw==", "birthday@odata.type": "Edm.DateTime", "evenratio":
      3.0, "binary": "YmluYXJ5", "ratio": 3.1, "large@odata.type": "Edm.Int64", "Birthday@odata.type":
      "Edm.DateTime", "Birthday": "1973-10-04T00:00:00Z", "clsid": "c9da6455-213d-42c9-9a79-3e9149a57833",
      "RowKey": "rk427b1a22", "_ClientEncryptionMetadata2@odata.type": "Edm.Binary",
      "name@odata.type": "Edm.Binary", "birthday": "1970-10-04T00:00:00Z", "binary@odata.type":
      "Edm.Binary", "optional": null, "_ClientEncryptionMetadata1": "{\"WrappedContentKey\":
      {\"KeyId\": \"key1\", \"EncryptedKey\": \"sRYofszGy3SK3RyN5Cvn6U6JlQxZmT6Rmm9OHZNzRKdUkyLkVEw4DQ==\",
      \"Algorithm\": \"A256KW\"}, \"EncryptionAgent\": {\"Protocol\": \"1.0\", \"EncryptionAlgorithm\":
      \"AES_CBC_256\"}, \"ContentEncryptionIV\": \"N0XCQkIZBbZchip5CGpRAg==\", \"KeyWrappingMetadata\":
      {\"EncryptionLibrary\": \"Python 0.36.0\"}}", "_ClientEncryptionMetadata2":
      "ungrzkHjb/eGXM1bwA3Kmg==", "sex@odata.type": "Edm.Binary", "age@odata.type":
      "Edm.Int64", "name": "HCkKjfG5RNKjoc07SpV0Cw==", "clsid@odata.type": "Edm.Guid",
      "married": true, "large": "933311100", "PartitionKey": "pk427b1a22", "other":
      20, "age": "39", "deceased": false}


      --changeset_47eda061-981e-11e7-a5c4-b8e8564491f6

      Content-Type: application/http

      Content-Transfer-Encoding: binary


      PUT /uttable427b1a22(PartitionKey=''pk427b1a22'',RowKey=''Entity2'') HTTP/1.1

      Content-ID: 2

      Accept: application/json;odata=minimalmetadata

      Content-Type: application/json

      Content-Length: 1185


      {"sex": "YAvKgltuZGHPYruOxVsYdg==", "birthday@odata.type": "Edm.DateTime", "evenratio":
      3.0, "binary": "YmluYXJ5", "ratio": 3.1, "large@odata.type": "Edm.Int64", "Birthday@odata.type":
      "Edm.DateTime", "Birthday": "1973-10-04T00:00:00Z", "clsid": "c9da6455-213d-42c9-9a79-3e9149a57833",
      "RowKey": "Entity2", "_ClientEncryptionMetadata2@odata.type": "Edm.Binary",
      "name@odata.type": "Edm.Binary", "birthday": "1970-10-04T00:00:00Z", "binary@odata.type":
      "Edm.Binary", "optional": null, "_ClientEncryptionMetadata1": "{\"WrappedContentKey\":
      {\"KeyId\": \"key1\", \"EncryptedKey\": \"8ei3Fb1jQupdZDo8XndxbN4RhNdt+h/S7+LX06EhgKTbrgN/+7QNHQ==\",
      \"Algorithm\": \"A256KW\"}, \"EncryptionAgent\": {\"Protocol\": \"1.0\", \"EncryptionAlgorithm\":
      \"AES_CBC_256\"}, \"ContentEncryptionIV\": \"iPdMCsuZuG34H1nnEgPK5Q==\", \"KeyWrappingMetadata\":
      {\"EncryptionLibrary\": \"Python 0.36.0\"}}", "_ClientEncryptionMetadata2":
      "dSc6Q11POSgNSTtAmCVVYA==", "sex@odata.type": "Edm.Binary", "age@odata.type":
      "Edm.Int64", "name": "opPQ6PUaT23PHRZuyZ1ZNA==", "clsid@odata.type": "Edm.Guid",
      "married": true, "large": "933311100", "PartitionKey": "pk427b1a22", "other":
      20, "age": "39", "deceased": false}


      --changeset_47eda061-981e-11e7-a5c4-b8e8564491f6

      Content-Type: application/http

      Content-Transfer-Encoding: binary


      PUT /uttable427b1a22(PartitionKey=''pk427b1a22'',RowKey=''Entity3'') HTTP/1.1

      Content-ID: 3

      Accept: application/json;odata=minimalmetadata

      If-Match: *

      Content-Type: application/json

      Content-Length: 1185


      {"sex": "ikb8wmZpCvp1I56OtoDQ5w==", "birthday@odata.type": "Edm.DateTime", "evenratio":
      3.0, "binary": "YmluYXJ5", "ratio": 3.1, "large@odata.type": "Edm.Int64", "Birthday@odata.type":
      "Edm.DateTime", "Birthday": "1973-10-04T00:00:00Z", "clsid": "c9da6455-213d-42c9-9a79-3e9149a57833",
      "RowKey": "Entity3", "_ClientEncryptionMetadata2@odata.type": "Edm.Binary",
      "name@odata.type": "Edm.Binary", "birthday": "1970-10-04T00:00:00Z", "binary@odata.type":
      "Edm.Binary", "optional": null, "_ClientEncryptionMetadata1": "{\"WrappedContentKey\":
      {\"KeyId\": \"key1\", \"EncryptedKey\": \"WKQb0d/5+JsIkDrLKH4xB35WB3Ku/MfEBfhV8z6m8smvaCLw+aANzA==\",
      \"Algorithm\": \"A256KW\"}, \"EncryptionAgent\": {\"Protocol\": \"1.0\", \"EncryptionAlgorithm\":
      \"AES_CBC_256\"}, \"ContentEncryptionIV\": \"fcM7/9HqbjQUPioFzAsNlw==\", \"KeyWrappingMetadata\":
      {\"EncryptionLibrary\": \"Python 0.36.0\"}}", "_ClientEncryptionMetadata2":
      "xzbaR8nIuNqV2tPdFsdWqQ==", "sex@odata.type": "Edm.Binary", "age@odata.type":
      "Edm.Int64", "name": "BIq5I2n7F3jIxMCpGmxAiw==", "clsid@odata.type": "Edm.Guid",
      "married": true, "large": "933311100", "PartitionKey": "pk427b1a22", "other":
      20, "age": "39", "deceased": false}


      --changeset_47eda061-981e-11e7-a5c4-b8e8564491f6--

      --batch_47ed9fe1-981e-11e7-a242-b8e8564491f6--'
    headers:
      Connection: [keep-alive]
      Content-Length: ['4698']
      Content-Type: [!!python/unicode 'multipart/mixed; boundary=batch_47ed9fe1-981e-11e7-a242-b8e8564491f6']
      DataServiceVersion: [3.0;NetFx]
      MaxDataServiceVersion: ['3.0']
      User-Agent: [Azure-Storage/0.36.0 (Python CPython 2.7.10; Darwin 16.7.0)]
      x-ms-client-request-id: [47eda40f-981e-11e7-baef-b8e8564491f6]
      x-ms-date: ['Wed, 13 Sep 2017 00:55:48 GMT']
      x-ms-version: ['2017-04-17']
    method: POST
    uri: https://storagename.table.core.windows.net/$batch
  response:
    body: {string: !!python/unicode "--batchresponse_5b05e14f-c0c7-4646-955c-1487e19b9d88\r\
        \nContent-Type: multipart/mixed; boundary=changesetresponse_7d21705a-2efc-4425-8d0b-7f237072cde0\r\
        \n\r\n--changesetresponse_7d21705a-2efc-4425-8d0b-7f237072cde0\r\nContent-Type:\
        \ application/http\r\nContent-Transfer-Encoding: binary\r\n\r\nHTTP/1.1 204\
        \ No Content\r\nContent-ID: 1\r\nX-Content-Type-Options: nosniff\r\nCache-Control:\
        \ no-cache\r\nPreference-Applied: return-no-content\r\nDataServiceVersion:\
        \ 3.0;\r\nLocation: https://storagename.table.core.windows.net/uttable427b1a22(PartitionKey='pk427b1a22',RowKey='rk427b1a22')\r\
        \nDataServiceId: https://storagename.table.core.windows.net/uttable427b1a22(PartitionKey='pk427b1a22',RowKey='rk427b1a22')\r\
        \nETag: W/\"datetime'2017-09-13T00%3A55%3A47.951233Z'\"\r\n\r\n\r\n--changesetresponse_7d21705a-2efc-4425-8d0b-7f237072cde0\r\
        \nContent-Type: application/http\r\nContent-Transfer-Encoding: binary\r\n\r\
        \nHTTP/1.1 204 No Content\r\nContent-ID: 2\r\nX-Content-Type-Options: nosniff\r\
        \nCache-Control: no-cache\r\nDataServiceVersion: 1.0;\r\nETag: W/\"datetime'2017-09-13T00%3A55%3A47.9520951Z'\"\
        \r\n\r\n\r\n--changesetresponse_7d21705a-2efc-4425-8d0b-7f237072cde0\r\nContent-Type:\
        \ application/http\r\nContent-Transfer-Encoding: binary\r\n\r\nHTTP/1.1 204\
        \ No Content\r\nContent-ID: 3\r\nX-Content-Type-Options: nosniff\r\nCache-Control:\
        \ no-cache\r\nDataServiceVersion: 1.0;\r\nETag: W/\"datetime'2017-09-13T00%3A55%3A47.9520951Z'\"\
        \r\n\r\n\r\n--changesetresponse_7d21705a-2efc-4425-8d0b-7f237072cde0--\r\n\
        --batchresponse_5b05e14f-c0c7-4646-955c-1487e19b9d88--\r\n"}
    headers:
      cache-control: [no-cache]
      content-type: [multipart/mixed; boundary=batchresponse_5b05e14f-c0c7-4646-955c-1487e19b9d88]
      date: ['Wed, 13 Sep 2017 00:55:47 GMT']
      server: [Windows-Azure-Table/1.0 Microsoft-HTTPAPI/2.0]
      transfer-encoding: [chunked]
      x-content-type-options: [nosniff]
      x-ms-request-id: [99fc2f1b-0002-0035-082b-2cfa81000000]
      x-ms-version: ['2017-04-17']
    status: {code: 202, message: Accepted}
- request:
    body: null
    headers:
      Accept: [application/json;odata=minimalmetadata]
      Connection: [keep-alive]
      DataServiceVersion: [3.0;NetFx]
      MaxDataServiceVersion: ['3.0']
      User-Agent: [Azure-Storage/0.36.0 (Python CPython 2.7.10; Darwin 16.7.0)]
      x-ms-client-request-id: [47f3921c-981e-11e7-82e6-b8e8564491f6]
      x-ms-date: ['Wed, 13 Sep 2017 00:55:48 GMT']
      x-ms-version: ['2017-04-17']
    method: GET
    uri: https://storagename.table.core.windows.net/uttable427b1a22(PartitionKey='pk427b1a22',RowKey='rk427b1a22')
  response:
    body: {string: !!python/unicode '{"odata.metadata":"https://storagename.table.core.windows.net/$metadata#uttable427b1a22/@Element","odata.etag":"W/\"datetime''2017-09-13T00%3A55%3A47.951233Z''\"","PartitionKey":"pk427b1a22","RowKey":"rk427b1a22","Timestamp":"2017-09-13T00:55:47.951233Z","sex@odata.type":"Edm.Binary","sex":"Xw0eBoT1mkC8kzZHjBCJzw==","evenratio":3.0,"binary@odata.type":"Edm.Binary","binary":"YmluYXJ5","ratio":3.1,"Birthday@odata.type":"Edm.DateTime","Birthday":"1973-10-04T00:00:00Z","clsid@odata.type":"Edm.Guid","clsid":"c9da6455-213d-42c9-9a79-3e9149a57833","birthday@odata.type":"Edm.DateTime","birthday":"1970-10-04T00:00:00Z","_ClientEncryptionMetadata1":"{\"WrappedContentKey\":
        {\"KeyId\": \"key1\", \"EncryptedKey\": \"sRYofszGy3SK3RyN5Cvn6U6JlQxZmT6Rmm9OHZNzRKdUkyLkVEw4DQ==\",
        \"Algorithm\": \"A256KW\"}, \"EncryptionAgent\": {\"Protocol\": \"1.0\", \"EncryptionAlgorithm\":
        \"AES_CBC_256\"}, \"ContentEncryptionIV\": \"N0XCQkIZBbZchip5CGpRAg==\", \"KeyWrappingMetadata\":
        {\"EncryptionLibrary\": \"Python 0.36.0\"}}","_ClientEncryptionMetadata2@odata.type":"Edm.Binary","_ClientEncryptionMetadata2":"ungrzkHjb/eGXM1bwA3Kmg==","name@odata.type":"Edm.Binary","name":"HCkKjfG5RNKjoc07SpV0Cw==","married":true,"large@odata.type":"Edm.Int64","large":"933311100","other":20,"age@odata.type":"Edm.Int64","age":"39","deceased":false}'}
    headers:
      cache-control: [no-cache]
      content-type: [application/json;odata=minimalmetadata;streaming=true;charset=utf-8]
      date: ['Wed, 13 Sep 2017 00:55:47 GMT']
      etag: [W/"datetime'2017-09-13T00%3A55%3A47.951233Z'"]
      server: [Windows-Azure-Table/1.0 Microsoft-HTTPAPI/2.0]
      transfer-encoding: [chunked]
      x-content-type-options: [nosniff]
      x-ms-request-id: [99fc2f27-0002-0035-132b-2cfa81000000]
      x-ms-version: ['2017-04-17']
    status: {code: 200, message: OK}
- request:
    body: null
    headers:
      Accept: [application/json;odata=minimalmetadata]
      Connection: [keep-alive]
      DataServiceVersion: [3.0;NetFx]
      MaxDataServiceVersion: ['3.0']
      User-Agent: [Azure-Storage/0.36.0 (Python CPython 2.7.10; Darwin 16.7.0)]
      x-ms-client-request-id: [47f940ab-981e-11e7-913c-b8e8564491f6]
      x-ms-date: ['Wed, 13 Sep 2017 00:55:48 GMT']
      x-ms-version: ['2017-04-17']
    method: GET
    uri: https://storagename.table.core.windows.net/uttable427b1a22(PartitionKey='pk427b1a22',RowKey='Entity2')
  response:
    body: {string: !!python/unicode '{"odata.metadata":"https://storagename.table.core.windows.net/$metadata#uttable427b1a22/@Element","odata.etag":"W/\"datetime''2017-09-13T00%3A55%3A47.9520951Z''\"","PartitionKey":"pk427b1a22","RowKey":"Entity2","Timestamp":"2017-09-13T00:55:47.9520951Z","Birthday@odata.type":"Edm.DateTime","Birthday":"1973-10-04T00:00:00Z","_ClientEncryptionMetadata1":"{\"WrappedContentKey\":
        {\"KeyId\": \"key1\", \"EncryptedKey\": \"8ei3Fb1jQupdZDo8XndxbN4RhNdt+h/S7+LX06EhgKTbrgN/+7QNHQ==\",
        \"Algorithm\": \"A256KW\"}, \"EncryptionAgent\": {\"Protocol\": \"1.0\", \"EncryptionAlgorithm\":
        \"AES_CBC_256\"}, \"ContentEncryptionIV\": \"iPdMCsuZuG34H1nnEgPK5Q==\", \"KeyWrappingMetadata\":
        {\"EncryptionLibrary\": \"Python 0.36.0\"}}","_ClientEncryptionMetadata2@odata.type":"Edm.Binary","_ClientEncryptionMetadata2":"dSc6Q11POSgNSTtAmCVVYA==","age@odata.type":"Edm.Int64","age":"39","binary@odata.type":"Edm.Binary","binary":"YmluYXJ5","birthday@odata.type":"Edm.DateTime","birthday":"1970-10-04T00:00:00Z","clsid@odata.type":"Edm.Guid","clsid":"c9da6455-213d-42c9-9a79-3e9149a57833","deceased":false,"evenratio":3.0,"large@odata.type":"Edm.Int64","large":"933311100","married":true,"name@odata.type":"Edm.Binary","name":"opPQ6PUaT23PHRZuyZ1ZNA==","other":20,"ratio":3.1,"sex@odata.type":"Edm.Binary","sex":"YAvKgltuZGHPYruOxVsYdg=="}'}
    headers:
      cache-control: [no-cache]
      content-type: [application/json;odata=minimalmetadata;streaming=true;charset=utf-8]
      date: ['Wed, 13 Sep 2017 00:55:47 GMT']
      etag: [W/"datetime'2017-09-13T00%3A55%3A47.9520951Z'"]
      server: [Windows-Azure-Table/1.0 Microsoft-HTTPAPI/2.0]
      transfer-encoding: [chunked]
      x-content-type-options: [nosniff]
      x-ms-request-id: [99fc2f2c-0002-0035-182b-2cfa81000000]
      x-ms-version: ['2017-04-17']
    status: {code: 200, message: OK}
- request:
    body: null
    headers:
      Accept: [application/json;odata=minimalmetadata]
      Connection: [keep-alive]
      DataServiceVersion: [3.0;NetFx]
      MaxDataServiceVersion: ['3.0']
      User-Agent: [Azure-Storage/0.36.0 (Python CPython 2.7.10; Darwin 16.7.0)]
      x-ms-client-request-id: [47fee12e-981e-11e7-8e5d-b8e8564491f6]
      x-ms-date: ['Wed, 13 Sep 2017 00:55:48 GMT']
      x-ms-version: ['2017-04-17']
    method: GET
    uri: https://storagename.table.core.windows.net/uttable427b1a22(PartitionKey='pk427b1a22',RowKey='Entity3')
  response:
    body: {string: !!python/unicode '{"odata.metadata":"https://storagename.table.core.windows.net/$metadata#uttable427b1a22/@Element","odata.etag":"W/\"datetime''2017-09-13T00%3A55%3A47.9520951Z''\"","PartitionKey":"pk427b1a22","RowKey":"Entity3","Timestamp":"2017-09-13T00:55:47.9520951Z","Birthday@odata.type":"Edm.DateTime","Birthday":"1973-10-04T00:00:00Z","_ClientEncryptionMetadata1":"{\"WrappedContentKey\":
        {\"KeyId\": \"key1\", \"EncryptedKey\": \"WKQb0d/5+JsIkDrLKH4xB35WB3Ku/MfEBfhV8z6m8smvaCLw+aANzA==\",
        \"Algorithm\": \"A256KW\"}, \"EncryptionAgent\": {\"Protocol\": \"1.0\", \"EncryptionAlgorithm\":
        \"AES_CBC_256\"}, \"ContentEncryptionIV\": \"fcM7/9HqbjQUPioFzAsNlw==\", \"KeyWrappingMetadata\":
        {\"EncryptionLibrary\": \"Python 0.36.0\"}}","_ClientEncryptionMetadata2@odata.type":"Edm.Binary","_ClientEncryptionMetadata2":"xzbaR8nIuNqV2tPdFsdWqQ==","age@odata.type":"Edm.Int64","age":"39","binary@odata.type":"Edm.Binary","binary":"YmluYXJ5","birthday@odata.type":"Edm.DateTime","birthday":"1970-10-04T00:00:00Z","clsid@odata.type":"Edm.Guid","clsid":"c9da6455-213d-42c9-9a79-3e9149a57833","deceased":false,"evenratio":3.0,"large@odata.type":"Edm.Int64","large":"933311100","married":true,"name@odata.type":"Edm.Binary","name":"BIq5I2n7F3jIxMCpGmxAiw==","other":20,"ratio":3.1,"sex@odata.type":"Edm.Binary","sex":"ikb8wmZpCvp1I56OtoDQ5w=="}'}
    headers:
      cache-control: [no-cache]
      content-type: [application/json;odata=minimalmetadata;streaming=true;charset=utf-8]
      date: ['Wed, 13 Sep 2017 00:55:47 GMT']
      etag: [W/"datetime'2017-09-13T00%3A55%3A47.9520951Z'"]
      server: [Windows-Azure-Table/1.0 Microsoft-HTTPAPI/2.0]
      transfer-encoding: [chunked]
      x-content-type-options: [nosniff]
      x-ms-request-id: [99fc2f32-0002-0035-1e2b-2cfa81000000]
      x-ms-version: ['2017-04-17']
    status: {code: 200, message: OK}
version: 1
