interactions:
- request:
    body: null
    headers:
      Connection: [keep-alive]
      Content-Length: ['0']
      User-Agent: [Azure-Storage/0.33.0 (Python CPython 3.4.4rc1; Windows 10)]
      x-ms-client-request-id: [8752ff22-5f28-11e6-87dd-0050b66b38e2]
      x-ms-date: ['Wed, 10 Aug 2016 18:30:35 GMT']
      x-ms-version: ['2015-07-08']
    method: PUT
    uri: https://storagename.queue.core.windows.net/queuebf740c50
  response:
    body: {string: ''}
    headers:
      Date: ['Wed, 10 Aug 2016 18:30:34 GMT']
      Server: [Windows-Azure-Queue/1.0 Microsoft-HTTPAPI/2.0]
      Transfer-Encoding: [chunked]
      x-ms-request-id: [3c9ad1e4-0003-0084-3735-f3a922000000]
      x-ms-version: ['2015-07-08']
    status: {code: 201, message: Created}
- request:
    body: '<?xml version=''1.0'' encoding=''utf-8''?>

      <QueueMessage><MessageText>message1</MessageText></QueueMessage>'
    headers:
      Connection: [keep-alive]
      Content-Length: ['103']
      User-Agent: [Azure-Storage/0.33.0 (Python CPython 3.4.4rc1; Windows 10)]
      x-ms-client-request-id: [879a4e3e-5f28-11e6-b30c-0050b66b38e2]
      x-ms-date: ['Wed, 10 Aug 2016 18:30:35 GMT']
      x-ms-version: ['2015-07-08']
    method: POST
    uri: https://storagename.queue.core.windows.net/queuebf740c50/messages
  response:
    body: {string: ''}
    headers:
      Date: ['Wed, 10 Aug 2016 18:30:34 GMT']
      Server: [Windows-Azure-Queue/1.0 Microsoft-HTTPAPI/2.0]
      Transfer-Encoding: [chunked]
      x-ms-request-id: [3c9ad1f3-0003-0084-4435-f3a922000000]
      x-ms-version: ['2015-07-08']
    status: {code: 201, message: Created}
- request:
    body: '<?xml version=''1.0'' encoding=''utf-8''?>

      <QueueMessage><MessageText>message2</MessageText></QueueMessage>'
    headers:
      Connection: [keep-alive]
      Content-Length: ['103']
      User-Agent: [Azure-Storage/0.33.0 (Python CPython 3.4.4rc1; Windows 10)]
      x-ms-client-request-id: [879f5834-5f28-11e6-9515-0050b66b38e2]
      x-ms-date: ['Wed, 10 Aug 2016 18:30:36 GMT']
      x-ms-version: ['2015-07-08']
    method: POST
    uri: https://storagename.queue.core.windows.net/queuebf740c50/messages
  response:
    body: {string: ''}
    headers:
      Date: ['Wed, 10 Aug 2016 18:30:34 GMT']
      Server: [Windows-Azure-Queue/1.0 Microsoft-HTTPAPI/2.0]
      Transfer-Encoding: [chunked]
      x-ms-request-id: [3c9ad1fd-0003-0084-4e35-f3a922000000]
      x-ms-version: ['2015-07-08']
    status: {code: 201, message: Created}
- request:
    body: '<?xml version=''1.0'' encoding=''utf-8''?>

      <QueueMessage><MessageText>message3</MessageText></QueueMessage>'
    headers:
      Connection: [keep-alive]
      Content-Length: ['103']
      User-Agent: [Azure-Storage/0.33.0 (Python CPython 3.4.4rc1; Windows 10)]
      x-ms-client-request-id: [87a3ecf0-5f28-11e6-b1eb-0050b66b38e2]
      x-ms-date: ['Wed, 10 Aug 2016 18:30:36 GMT']
      x-ms-version: ['2015-07-08']
    method: POST
    uri: https://storagename.queue.core.windows.net/queuebf740c50/messages
  response:
    body: {string: ''}
    headers:
      Date: ['Wed, 10 Aug 2016 18:30:34 GMT']
      Server: [Windows-Azure-Queue/1.0 Microsoft-HTTPAPI/2.0]
      Transfer-Encoding: [chunked]
      x-ms-request-id: [3c9ad208-0003-0084-5835-f3a922000000]
      x-ms-version: ['2015-07-08']
    status: {code: 201, message: Created}
- request:
    body: '<?xml version=''1.0'' encoding=''utf-8''?>

      <QueueMessage><MessageText>message4</MessageText></QueueMessage>'
    headers:
      Connection: [keep-alive]
      Content-Length: ['103']
      User-Agent: [Azure-Storage/0.33.0 (Python CPython 3.4.4rc1; Windows 10)]
      x-ms-client-request-id: [87a97fbe-5f28-11e6-82d5-0050b66b38e2]
      x-ms-date: ['Wed, 10 Aug 2016 18:30:36 GMT']
      x-ms-version: ['2015-07-08']
    method: POST
    uri: https://storagename.queue.core.windows.net/queuebf740c50/messages
  response:
    body: {string: ''}
    headers:
      Date: ['Wed, 10 Aug 2016 18:30:34 GMT']
      Server: [Windows-Azure-Queue/1.0 Microsoft-HTTPAPI/2.0]
      Transfer-Encoding: [chunked]
      x-ms-request-id: [3c9ad215-0003-0084-6535-f3a922000000]
      x-ms-version: ['2015-07-08']
    status: {code: 201, message: Created}
- request:
    body: null
    headers:
      Connection: [keep-alive]
      Content-Length: ['0']
      User-Agent: [Azure-Storage/0.33.0 (Python CPython 3.4.4rc1; Windows 10)]
      x-ms-client-request-id: [87aed7f0-5f28-11e6-974c-0050b66b38e2]
      x-ms-date: ['Wed, 10 Aug 2016 18:30:36 GMT']
      x-ms-version: ['2015-07-08']
    method: DELETE
    uri: https://storagename.queue.core.windows.net/queuebf740c50/messages
  response:
    body: {string: ''}
    headers:
      Content-Length: ['0']
      Date: ['Wed, 10 Aug 2016 18:30:34 GMT']
      Server: [Windows-Azure-Queue/1.0 Microsoft-HTTPAPI/2.0]
      x-ms-request-id: [3c9ad21f-0003-0084-6f35-f3a922000000]
      x-ms-version: ['2015-07-08']
    status: {code: 204, message: No Content}
- request:
    body: null
    headers:
      Connection: [keep-alive]
      User-Agent: [Azure-Storage/0.33.0 (Python CPython 3.4.4rc1; Windows 10)]
      x-ms-client-request-id: [87b38028-5f28-11e6-af47-0050b66b38e2]
      x-ms-date: ['Wed, 10 Aug 2016 18:30:36 GMT']
      x-ms-version: ['2015-07-08']
    method: GET
    uri: https://storagename.queue.core.windows.net/queuebf740c50/messages?peekonly=true
  response:
    body: {string: "\uFEFF<?xml version=\"1.0\" encoding=\"utf-8\"?><QueueMessagesList\
        \ />"}
    headers:
      Cache-Control: [no-cache]
      Content-Type: [application/xml]
      Date: ['Wed, 10 Aug 2016 18:30:34 GMT']
      Server: [Windows-Azure-Queue/1.0 Microsoft-HTTPAPI/2.0]
      Transfer-Encoding: [chunked]
      x-ms-request-id: [3c9ad229-0003-0084-7935-f3a922000000]
      x-ms-version: ['2015-07-08']
    status: {code: 200, message: OK}
version: 1
