interactions:
- request:
    body: null
    headers:
      Connection: [keep-alive]
      Content-Length: ['0']
      User-Agent: [Azure-Storage/1.4.0-1.4.0 (Python CPython 3.7.0; Darwin 18.2.0)]
      x-ms-client-request-id: [fb4dbb78-e472-11e8-9ac5-acde48001122]
      x-ms-date: ['Fri, 09 Nov 2018 22:58:32 GMT']
      x-ms-version: ['2018-03-28']
    method: PUT
    uri: https://storagename.blob.core.windows.net/utcontaineraf8e1f1f?restype=container
  response:
    body: {string: ''}
    headers:
      Date: ['Fri, 09 Nov 2018 22:58:32 GMT']
      ETag: ['"0x8D64696DF946773"']
      Last-Modified: ['Fri, 09 Nov 2018 22:58:32 GMT']
      Server: [Windows-Azure-Blob/1.0 Microsoft-HTTPAPI/2.0]
      Transfer-Encoding: [chunked]
      x-ms-request-id: [1db74d32-001e-0043-657f-78e5c2000000]
      x-ms-version: ['2018-03-28']
    status: {code: 201, message: Created}
- request:
    body: hello world
    headers:
      Connection: [keep-alive]
      Content-Length: ['11']
      User-Agent: [Azure-Storage/1.4.0-1.4.0 (Python CPython 3.7.0; Darwin 18.2.0)]
      x-ms-blob-type: [BlockBlob]
      x-ms-client-request-id: [fb659d06-e472-11e8-9ac5-acde48001122]
      x-ms-date: ['Fri, 09 Nov 2018 22:58:32 GMT']
      x-ms-version: ['2018-03-28']
    method: PUT
    uri: https://storagename.blob.core.windows.net/utcontaineraf8e1f1f/blob1
  response:
    body: {string: ''}
    headers:
      Content-MD5: [XrY7u+Ae7tCTyyK7j1rNww==]
      Date: ['Fri, 09 Nov 2018 22:58:32 GMT']
      ETag: ['"0x8D64696DF9B6DDF"']
      Last-Modified: ['Fri, 09 Nov 2018 22:58:33 GMT']
      Server: [Windows-Azure-Blob/1.0 Microsoft-HTTPAPI/2.0]
      Transfer-Encoding: [chunked]
      x-ms-request-id: [1db74d4a-001e-0043-777f-78e5c2000000]
      x-ms-request-server-encrypted: ['true']
      x-ms-version: ['2018-03-28']
    status: {code: 201, message: Created}
- request:
    body: null
    headers:
      Connection: [keep-alive]
      User-Agent: [Azure-Storage/1.4.0-1.4.0 (Python CPython 3.7.0; Darwin 18.2.0)]
      x-ms-client-request-id: [fb6c81c0-e472-11e8-9ac5-acde48001122]
      x-ms-date: ['Fri, 09 Nov 2018 22:58:33 GMT']
      x-ms-version: ['2018-03-28']
    method: HEAD
    uri: https://storagename.blob.core.windows.net/utcontaineraf8e1f1f/blob1
  response:
    body: {string: ''}
    headers:
      Accept-Ranges: [bytes]
      Content-Length: ['11']
      Content-MD5: [XrY7u+Ae7tCTyyK7j1rNww==]
      Content-Type: [application/octet-stream]
      Date: ['Fri, 09 Nov 2018 22:58:32 GMT']
      ETag: ['"0x8D64696DF9B6DDF"']
      Last-Modified: ['Fri, 09 Nov 2018 22:58:33 GMT']
      Server: [Windows-Azure-Blob/1.0 Microsoft-HTTPAPI/2.0]
      Vary: [Origin]
      x-ms-access-tier: [Hot]
      x-ms-access-tier-inferred: ['true']
      x-ms-blob-type: [BlockBlob]
      x-ms-creation-time: ['Fri, 09 Nov 2018 22:58:33 GMT']
      x-ms-lease-state: [available]
      x-ms-lease-status: [unlocked]
      x-ms-request-id: [1db74d59-001e-0043-057f-78e5c2000000]
      x-ms-server-encrypted: ['true']
      x-ms-version: ['2018-03-28']
    status: {code: 200, message: OK}
- request:
    body: null
    headers:
      Connection: [keep-alive]
      If-None-Match: ['"0x8D64696DF9B6DDF"']
      User-Agent: [Azure-Storage/1.4.0-1.4.0 (Python CPython 3.7.0; Darwin 18.2.0)]
      x-ms-client-request-id: [fb73ab62-e472-11e8-9ac5-acde48001122]
      x-ms-date: ['Fri, 09 Nov 2018 22:58:33 GMT']
      x-ms-version: ['2018-03-28']
    method: HEAD
    uri: https://storagename.blob.core.windows.net/utcontaineraf8e1f1f/blob1
  response:
    body: {string: ''}
    headers:
      Date: ['Fri, 09 Nov 2018 22:58:32 GMT']
      Server: [Windows-Azure-Blob/1.0 Microsoft-HTTPAPI/2.0]
      Vary: [Origin]
      x-ms-error-code: [ConditionNotMet]
      x-ms-request-id: [1db74d7b-001e-0043-217f-78e5c2000000]
      x-ms-version: ['2018-03-28']
    status: {code: 304, message: The condition specified using HTTP conditional header(s)
        is not met.}
version: 1
