interactions:
- request:
    body: null
    headers:
      Connection: [keep-alive]
      Content-Length: ['0']
      User-Agent: [Azure-Storage/1.4.0-2.0.0 (Python CPython 3.7.0; Darwin 18.5.0)]
      x-ms-client-request-id: [7ac33adc-71f8-11e9-b82c-acde48001122]
      x-ms-date: ['Thu, 09 May 2019 01:19:23 GMT']
      x-ms-version: ['2018-11-09']
    method: PUT
    uri: https://storagename.file.core.windows.net/utsharebfa81301/dir1?restype=directory
  response:
    body: {string: ''}
    headers:
      Content-Length: ['0']
      Date: ['Thu, 09 May 2019 01:19:23 GMT']
      ETag: ['"0x8D6D41C5F04BB70"']
      Last-Modified: ['Thu, 09 May 2019 01:19:23 GMT']
      Server: [Windows-Azure-File/1.0 Microsoft-HTTPAPI/2.0]
      x-ms-request-id: [77aec7c0-601a-003e-0805-06790a000000]
      x-ms-request-server-encrypted: ['true']
      x-ms-version: ['2018-11-09']
    status: {code: 201, message: Created}
- request:
    body: null
    headers:
      Connection: [keep-alive]
      Content-Length: ['0']
      User-Agent: [Azure-Storage/1.4.0-2.0.0 (Python CPython 3.7.0; Darwin 18.5.0)]
      x-ms-client-request-id: [7ad6a2d4-71f8-11e9-b82c-acde48001122]
      x-ms-date: ['Thu, 09 May 2019 01:19:23 GMT']
      x-ms-meta-hello: [world]
      x-ms-meta-number: ['43']
      x-ms-version: ['2018-11-09']
    method: PUT
    uri: https://storagename.file.core.windows.net/utsharebfa81301/dir1?restype=directory&comp=metadata
  response:
    body: {string: ''}
    headers:
      Content-Length: ['0']
      Date: ['Thu, 09 May 2019 01:19:23 GMT']
      ETag: ['"0x8D6D41C5F09ECD2"']
      Last-Modified: ['Thu, 09 May 2019 01:19:23 GMT']
      Server: [Windows-Azure-File/1.0 Microsoft-HTTPAPI/2.0]
      x-ms-request-id: [77aec7c2-601a-003e-0905-06790a000000]
      x-ms-request-server-encrypted: ['true']
      x-ms-version: ['2018-11-09']
    status: {code: 200, message: OK}
- request:
    body: null
    headers:
      Connection: [keep-alive]
      User-Agent: [Azure-Storage/1.4.0-2.0.0 (Python CPython 3.7.0; Darwin 18.5.0)]
      x-ms-client-request-id: [7adbb0c6-71f8-11e9-b82c-acde48001122]
      x-ms-date: ['Thu, 09 May 2019 01:19:23 GMT']
      x-ms-version: ['2018-11-09']
    method: GET
    uri: https://storagename.file.core.windows.net/utsharebfa81301/dir1?restype=directory&comp=metadata
  response:
    body: {string: ''}
    headers:
      Content-Length: ['0']
      Date: ['Thu, 09 May 2019 01:19:23 GMT']
      ETag: ['"0x8D6D41C5F09ECD2"']
      Last-Modified: ['Thu, 09 May 2019 01:19:23 GMT']
      Server: [Windows-Azure-File/1.0 Microsoft-HTTPAPI/2.0]
      x-ms-meta-hello: [world]
      x-ms-meta-number: ['43']
      x-ms-request-id: [77aec7c3-601a-003e-0a05-06790a000000]
      x-ms-version: ['2018-11-09']
    status: {code: 200, message: OK}
version: 1
