interactions:
- request:
    body: null
    headers:
      Connection: [keep-alive]
      Content-Length: ['0']
      User-Agent: [Azure-Storage/0.33.0 (Python CPython 3.4.4rc1; Windows 10)]
      x-ms-client-request-id: [dd7b9a62-5f26-11e6-8c75-0050b66b38e2]
      x-ms-date: ['Wed, 10 Aug 2016 18:18:41 GMT']
      x-ms-version: ['2015-07-08']
    method: PUT
    uri: https://storagename.blob.core.windows.net/container1ea014b6?restype=container
  response:
    body: {string: ''}
    headers:
      Date: ['Wed, 10 Aug 2016 18:18:39 GMT']
      ETag: ['"0x8D3C14AC0C2CC2D"']
      Last-Modified: ['Wed, 10 Aug 2016 18:18:39 GMT']
      Server: [Windows-Azure-Blob/1.0 Microsoft-HTTPAPI/2.0]
      Transfer-Encoding: [chunked]
      x-ms-request-id: [a8ada38e-0001-003e-2e33-f3492b000000]
      x-ms-version: ['2015-07-08']
    status: {code: 201, message: Created}
- request:
    body: null
    headers:
      Connection: [keep-alive]
      Content-Length: ['0']
      User-Agent: [Azure-Storage/0.33.0 (Python CPython 3.4.4rc1; Windows 10)]
      x-ms-client-request-id: [ddc7e610-5f26-11e6-a96e-0050b66b38e2]
      x-ms-date: ['Wed, 10 Aug 2016 18:18:41 GMT']
      x-ms-lease-action: [acquire]
      x-ms-lease-duration: ['-1']
      x-ms-version: ['2015-07-08']
    method: PUT
    uri: https://storagename.blob.core.windows.net/container1ea014b6?comp=lease&restype=container
  response:
    body: {string: ''}
    headers:
      Date: ['Wed, 10 Aug 2016 18:18:39 GMT']
      ETag: ['"0x8D3C14AC0C2CC2D"']
      Last-Modified: ['Wed, 10 Aug 2016 18:18:39 GMT']
      Server: [Windows-Azure-Blob/1.0 Microsoft-HTTPAPI/2.0]
      Transfer-Encoding: [chunked]
      x-ms-lease-id: [52525ec3-ae10-4a85-955e-9cbd63842d9b]
      x-ms-request-id: [a8ada3be-0001-003e-5733-f3492b000000]
      x-ms-version: ['2015-07-08']
    status: {code: 201, message: Created}
- request:
    body: null
    headers:
      Connection: [keep-alive]
      Content-Length: ['0']
      User-Agent: [Azure-Storage/0.33.0 (Python CPython 3.4.4rc1; Windows 10)]
      x-ms-client-request-id: [ddccaab0-5f26-11e6-b116-0050b66b38e2]
      x-ms-date: ['Wed, 10 Aug 2016 18:18:41 GMT']
      x-ms-lease-action: [change]
      x-ms-lease-id: [52525ec3-ae10-4a85-955e-9cbd63842d9b]
      x-ms-proposed-lease-id: [29e0b239-ecda-4f69-bfa3-95f6af91464c]
      x-ms-version: ['2015-07-08']
    method: PUT
    uri: https://storagename.blob.core.windows.net/container1ea014b6?comp=lease&restype=container
  response:
    body: {string: ''}
    headers:
      Date: ['Wed, 10 Aug 2016 18:18:39 GMT']
      ETag: ['"0x8D3C14AC0C2CC2D"']
      Last-Modified: ['Wed, 10 Aug 2016 18:18:39 GMT']
      Server: [Windows-Azure-Blob/1.0 Microsoft-HTTPAPI/2.0]
      Transfer-Encoding: [chunked]
      x-ms-lease-id: [29e0b239-ecda-4f69-bfa3-95f6af91464c]
      x-ms-request-id: [a8ada3d4-0001-003e-6d33-f3492b000000]
      x-ms-version: ['2015-07-08']
    status: {code: 200, message: OK}
- request:
    body: null
    headers:
      Connection: [keep-alive]
      Content-Length: ['0']
      User-Agent: [Azure-Storage/0.33.0 (Python CPython 3.4.4rc1; Windows 10)]
      x-ms-client-request-id: [ddd6341a-5f26-11e6-a0b4-0050b66b38e2]
      x-ms-date: ['Wed, 10 Aug 2016 18:18:41 GMT']
      x-ms-lease-action: [renew]
      x-ms-lease-id: [29e0b239-ecda-4f69-bfa3-95f6af91464c]
      x-ms-version: ['2015-07-08']
    method: PUT
    uri: https://storagename.blob.core.windows.net/container1ea014b6?comp=lease&restype=container
  response:
    body: {string: ''}
    headers:
      Date: ['Wed, 10 Aug 2016 18:18:39 GMT']
      ETag: ['"0x8D3C14AC0C2CC2D"']
      Last-Modified: ['Wed, 10 Aug 2016 18:18:39 GMT']
      Server: [Windows-Azure-Blob/1.0 Microsoft-HTTPAPI/2.0]
      Transfer-Encoding: [chunked]
      x-ms-lease-id: [29e0b239-ecda-4f69-bfa3-95f6af91464c]
      x-ms-request-id: [a8ada3fa-0001-003e-0e33-f3492b000000]
      x-ms-version: ['2015-07-08']
    status: {code: 200, message: OK}
version: 1
