interactions:
- request:
    body: null
    headers:
      Connection: [keep-alive]
      Content-Length: ['0']
      User-Agent: [Azure-Storage/0.36.0 (Python CPython 2.7.10; Darwin 16.7.0)]
      x-ms-blob-public-access: [blob]
      x-ms-client-request-id: [9d9dac8a-8469-11e7-95d1-b8e8564491f6]
      x-ms-date: ['Fri, 18 Aug 2017 23:04:40 GMT']
      x-ms-version: ['2017-04-17']
    method: PUT
    uri: https://storagename.blob.core.windows.net/container508f1053?restype=container
  response:
    body: {string: "\uFEFF<?xml version=\"1.0\" encoding=\"utf-8\"?><Error><Code>ContainerAlreadyExists</Code><Message>The\
        \ specified container already exists.\nRequestId:69262626-0001-00ff-2e76-18694c000000\n\
        Time:2017-08-18T23:04:41.0591061Z</Message></Error>"}
    headers:
      content-length: ['230']
      content-type: [application/xml]
      date: ['Fri, 18 Aug 2017 23:04:40 GMT']
      server: [Windows-Azure-Blob/1.0 Microsoft-HTTPAPI/2.0]
      x-ms-request-id: [69262626-0001-00ff-2e76-18694c000000]
      x-ms-version: ['2017-04-17']
    status: {code: 409, message: The specified container already exists.}
- request:
    body: !!python/unicode 'a public blob can be read without a shared access signature'
    headers:
      Connection: [keep-alive]
      Content-Length: ['59']
      User-Agent: [Azure-Storage/0.36.0 (Python CPython 2.7.10; Darwin 16.7.0)]
      x-ms-blob-type: [BlockBlob]
      x-ms-client-request-id: [9dbbb799-8469-11e7-9396-b8e8564491f6]
      x-ms-date: ['Fri, 18 Aug 2017 23:04:41 GMT']
      x-ms-version: ['2017-04-17']
    method: PUT
    uri: https://storagename.blob.core.windows.net/container508f1053/blob1.txt
  response:
    body: {string: !!python/unicode ''}
    headers:
      content-md5: [j6l0UPTGPwk/3tcnDpRzcQ==]
      date: ['Fri, 18 Aug 2017 23:04:40 GMT']
      etag: ['"0x8D4E68D81D19BA7"']
      last-modified: ['Fri, 18 Aug 2017 23:04:40 GMT']
      server: [Windows-Azure-Blob/1.0 Microsoft-HTTPAPI/2.0]
      transfer-encoding: [chunked]
      x-ms-request-id: [69262667-0001-00ff-6776-18694c000000]
      x-ms-request-server-encrypted: ['true']
      x-ms-version: ['2017-04-17']
    status: {code: 201, message: Created}
- request:
    body: null
    headers:
      Accept: ['*/*']
      Accept-Encoding: ['gzip, deflate']
      Connection: [keep-alive]
      User-Agent: [python-requests/2.18.3]
    method: GET
    uri: https://storagename.blob.core.windows.net/container508f1053/blob1.txt
  response:
    body: {string: !!python/unicode 'a public blob can be read without a shared access
        signature'}
    headers:
      accept-ranges: [bytes]
      content-length: ['59']
      content-md5: [j6l0UPTGPwk/3tcnDpRzcQ==]
      content-type: [application/octet-stream]
      date: ['Fri, 18 Aug 2017 23:04:40 GMT']
      etag: ['"0x8D4E68D81D19BA7"']
      last-modified: ['Fri, 18 Aug 2017 23:04:40 GMT']
      server: [Windows-Azure-Blob/1.0 Microsoft-HTTPAPI/2.0]
      vary: [Origin]
      x-ms-blob-type: [BlockBlob]
      x-ms-lease-state: [available]
      x-ms-lease-status: [unlocked]
      x-ms-request-id: [877112e0-0001-00d1-0a76-18e98b000000]
      x-ms-version: ['2014-02-14']
    status: {code: 200, message: OK}
version: 1
