interactions:
- request:
    body: null
    headers:
      Connection: [keep-alive]
      Content-Length: ['0']
      User-Agent: [Azure-Storage/1.4.0-1.4.0 (Python CPython 3.7.0; Darwin 18.2.0)]
      x-ms-client-request-id: [fdd6e162-e472-11e8-9ac5-acde48001122]
      x-ms-date: ['Fri, 09 Nov 2018 22:58:37 GMT']
      x-ms-version: ['2018-03-28']
    method: PUT
    uri: https://storagename.blob.core.windows.net/utcontainer6c641a7b?restype=container
  response:
    body: {string: ''}
    headers:
      Date: ['Fri, 09 Nov 2018 22:58:36 GMT']
      ETag: ['"0x8D64696E21F5DC4"']
      Last-Modified: ['Fri, 09 Nov 2018 22:58:37 GMT']
      Server: [Windows-Azure-Blob/1.0 Microsoft-HTTPAPI/2.0]
      Transfer-Encoding: [chunked]
      x-ms-request-id: [f99d06b0-201e-005f-567f-783dd5000000]
      x-ms-version: ['2018-03-28']
    status: {code: 201, message: Created}
- request:
    body: hello world
    headers:
      Connection: [keep-alive]
      Content-Length: ['11']
      User-Agent: [Azure-Storage/1.4.0-1.4.0 (Python CPython 3.7.0; Darwin 18.2.0)]
      x-ms-blob-type: [BlockBlob]
      x-ms-client-request-id: [fded852a-e472-11e8-9ac5-acde48001122]
      x-ms-date: ['Fri, 09 Nov 2018 22:58:37 GMT']
      x-ms-version: ['2018-03-28']
    method: PUT
    uri: https://storagename.blob.core.windows.net/utcontainer6c641a7b/blob1
  response:
    body: {string: ''}
    headers:
      Content-MD5: [XrY7u+Ae7tCTyyK7j1rNww==]
      Date: ['Fri, 09 Nov 2018 22:58:36 GMT']
      ETag: ['"0x8D64696E22370C8"']
      Last-Modified: ['Fri, 09 Nov 2018 22:58:37 GMT']
      Server: [Windows-Azure-Blob/1.0 Microsoft-HTTPAPI/2.0]
      Transfer-Encoding: [chunked]
      x-ms-request-id: [f99d06c7-201e-005f-6a7f-783dd5000000]
      x-ms-request-server-encrypted: ['true']
      x-ms-version: ['2018-03-28']
    status: {code: 201, message: Created}
- request:
    body: null
    headers:
      Connection: [keep-alive]
      If-Unmodified-Since: ['Fri, 09 Nov 2018 22:43:37 GMT']
      User-Agent: [Azure-Storage/1.4.0-1.4.0 (Python CPython 3.7.0; Darwin 18.2.0)]
      x-ms-client-request-id: [fdf48c58-e472-11e8-9ac5-acde48001122]
      x-ms-date: ['Fri, 09 Nov 2018 22:58:37 GMT']
      x-ms-range: [bytes=0-33554431]
      x-ms-version: ['2018-03-28']
    method: GET
    uri: https://storagename.blob.core.windows.net/utcontainer6c641a7b/blob1
  response:
    body: {string: "\uFEFF<?xml version=\"1.0\" encoding=\"utf-8\"?><Error><Code>ConditionNotMet</Code><Message>The\
        \ condition specified using HTTP conditional header(s) is not met.\nRequestId:f99d06d9-201e-005f-7a7f-783dd5000000\n\
        Time:2018-11-09T22:58:37.3149887Z</Message></Error>"}
    headers:
      Content-Length: ['252']
      Content-Type: [application/xml]
      Date: ['Fri, 09 Nov 2018 22:58:36 GMT']
      Server: [Windows-Azure-Blob/1.0 Microsoft-HTTPAPI/2.0]
      Vary: [Origin]
      x-ms-error-code: [ConditionNotMet]
      x-ms-request-id: [f99d06d9-201e-005f-7a7f-783dd5000000]
      x-ms-version: ['2018-03-28']
    status: {code: 412, message: The condition specified using HTTP conditional header(s)
        is not met.}
version: 1
