interactions:
- request:
    body: !!python/unicode '{"binary": "YmluYXJ5", "age@odata.type": "Edm.Int64",
      "PartitionKey": "pk61d51ac3", "ratio": 3.1, "large@odata.type": "Edm.Int64",
      "age": "39", "married": true, "Birthday@odata.type": "Edm.DateTime", "sex":
      "male", "large": "933311100", "birthday@odata.type": "Edm.DateTime", "birthday":
      "1970-10-04T00:00:00Z", "evenratio": 3.0, "RowKey": "rk61d51ac3", "clsid": "c9da6455-213d-42c9-9a79-3e9149a57833",
      "binary@odata.type": "Edm.Binary", "Birthday": "1973-10-04T00:00:00Z", "other":
      20, "optional": null, "clsid@odata.type": "Edm.Guid", "deceased": false}'
    headers:
      Accept: [application/json;odata=minimalmetadata]
      Connection: [keep-alive]
      Content-Length: ['555']
      Content-Type: [application/json]
      DataServiceVersion: [3.0;NetFx]
      MaxDataServiceVersion: ['3.0']
      Prefer: [return-no-content]
      User-Agent: [Azure-Storage/0.36.0 (Python CPython 2.7.10; Darwin 16.7.0)]
      x-ms-client-request-id: [d10c32cc-846a-11e7-8c1c-b8e8564491f6]
      x-ms-date: ['Fri, 18 Aug 2017 23:13:16 GMT']
      x-ms-version: ['2017-04-17']
    method: POST
    uri: https://storagename.table.core.windows.net/uttable61d51ac3
  response:
    body: {string: !!python/unicode ''}
    headers:
      cache-control: [no-cache]
      content-length: ['0']
      dataserviceid: ['https://storagename.table.core.windows.net/uttable61d51ac3(PartitionKey=''pk61d51ac3'',RowKey=''rk61d51ac3'')']
      date: ['Fri, 18 Aug 2017 23:13:16 GMT']
      etag: [W/"datetime'2017-08-18T23%3A13%3A16.6588792Z'"]
      location: ['https://storagename.table.core.windows.net/uttable61d51ac3(PartitionKey=''pk61d51ac3'',RowKey=''rk61d51ac3'')']
      preference-applied: [return-no-content]
      server: [Windows-Azure-Table/1.0 Microsoft-HTTPAPI/2.0]
      x-content-type-options: [nosniff]
      x-ms-request-id: [f8187a21-0002-012b-1a77-186639000000]
      x-ms-version: ['2017-04-17']
    status: {code: 204, message: No Content}
- request:
    body: null
    headers:
      Accept: [application/json;odata=minimalmetadata]
      Connection: [keep-alive]
      DataServiceVersion: [3.0;NetFx]
      MaxDataServiceVersion: ['3.0']
      User-Agent: [Azure-Storage/0.36.0 (Python CPython 2.7.10; Darwin 16.7.0)]
      x-ms-client-request-id: [d1208485-846a-11e7-b305-b8e8564491f6]
      x-ms-date: ['Fri, 18 Aug 2017 23:13:16 GMT']
      x-ms-version: ['2017-04-17']
    method: GET
    uri: https://storagename.table.core.windows.net/uttable61d51ac3(PartitionKey='pk61d51ac3',RowKey='rk61d51ac3')
  response:
    body: {string: !!python/unicode '{"odata.metadata":"https://storagename.table.core.windows.net/$metadata#uttable61d51ac3/@Element","odata.etag":"W/\"datetime''2017-08-18T23%3A13%3A16.6588792Z''\"","PartitionKey":"pk61d51ac3","RowKey":"rk61d51ac3","Timestamp":"2017-08-18T23:13:16.6588792Z","binary@odata.type":"Edm.Binary","binary":"YmluYXJ5","ratio":3.1,"age@odata.type":"Edm.Int64","age":"39","married":true,"sex":"male","large@odata.type":"Edm.Int64","large":"933311100","birthday@odata.type":"Edm.DateTime","birthday":"1970-10-04T00:00:00Z","evenratio":3.0,"clsid@odata.type":"Edm.Guid","clsid":"c9da6455-213d-42c9-9a79-3e9149a57833","Birthday@odata.type":"Edm.DateTime","Birthday":"1973-10-04T00:00:00Z","other":20,"deceased":false}'}
    headers:
      cache-control: [no-cache]
      content-type: [application/json;odata=minimalmetadata;streaming=true;charset=utf-8]
      date: ['Fri, 18 Aug 2017 23:13:16 GMT']
      etag: [W/"datetime'2017-08-18T23%3A13%3A16.6588792Z'"]
      server: [Windows-Azure-Table/1.0 Microsoft-HTTPAPI/2.0]
      transfer-encoding: [chunked]
      x-content-type-options: [nosniff]
      x-ms-request-id: [f8187a2a-0002-012b-1f77-186639000000]
      x-ms-version: ['2017-04-17']
    status: {code: 200, message: OK}
- request:
    body: null
    headers:
      Accept: [application/json;odata=minimalmetadata]
      Connection: [keep-alive]
      DataServiceVersion: [3.0;NetFx]
      MaxDataServiceVersion: ['3.0']
      User-Agent: [Azure-Storage/0.36.0 (Python CPython 2.7.10; Darwin 16.7.0)]
      x-ms-client-request-id: [d1208485-846a-11e7-b305-b8e8564491f6]
      x-ms-date: ['Fri, 18 Aug 2017 23:13:34 GMT']
      x-ms-version: ['2017-04-17']
    method: GET
    uri: https://storagename.table.core.windows.net/uttable61d51ac3(PartitionKey='pk61d51ac3',RowKey='rk61d51ac3')
  response:
    body: {string: !!python/unicode '{"odata.metadata":"https://storagename.table.core.windows.net/$metadata#uttable61d51ac3/@Element","odata.etag":"W/\"datetime''2017-08-18T23%3A13%3A16.6588792Z''\"","PartitionKey":"pk61d51ac3","RowKey":"rk61d51ac3","Timestamp":"2017-08-18T23:13:16.6588792Z","binary@odata.type":"Edm.Binary","binary":"YmluYXJ5","ratio":3.1,"age@odata.type":"Edm.Int64","age":"39","married":true,"sex":"male","large@odata.type":"Edm.Int64","large":"933311100","birthday@odata.type":"Edm.DateTime","birthday":"1970-10-04T00:00:00Z","evenratio":3.0,"clsid@odata.type":"Edm.Guid","clsid":"c9da6455-213d-42c9-9a79-3e9149a57833","Birthday@odata.type":"Edm.DateTime","Birthday":"1973-10-04T00:00:00Z","other":20,"deceased":false}'}
    headers:
      cache-control: [no-cache]
      content-type: [application/json;odata=minimalmetadata;streaming=true;charset=utf-8]
      date: ['Fri, 18 Aug 2017 23:13:34 GMT']
      etag: [W/"datetime'2017-08-18T23%3A13%3A16.6588792Z'"]
      server: [Windows-Azure-Table/1.0 Microsoft-HTTPAPI/2.0]
      transfer-encoding: [chunked]
      x-content-type-options: [nosniff]
      x-ms-request-id: [f818858b-0002-012b-0c77-186639000000]
      x-ms-version: ['2017-04-17']
    status: {code: 200, message: OK}
- request:
    body: null
    headers:
      Accept: [application/json;odata=minimalmetadata]
      Connection: [keep-alive]
      DataServiceVersion: [3.0;NetFx]
      MaxDataServiceVersion: ['3.0']
      User-Agent: [Azure-Storage/0.36.0 (Python CPython 2.7.10; Darwin 16.7.0)]
      x-ms-client-request-id: [d1208485-846a-11e7-b305-b8e8564491f6]
      x-ms-date: ['Fri, 18 Aug 2017 23:13:58 GMT']
      x-ms-version: ['2017-04-17']
    method: GET
    uri: https://storagename.table.core.windows.net/uttable61d51ac3(PartitionKey='pk61d51ac3',RowKey='rk61d51ac3')
  response:
    body: {string: !!python/unicode '{"odata.metadata":"https://storagename.table.core.windows.net/$metadata#uttable61d51ac3/@Element","odata.etag":"W/\"datetime''2017-08-18T23%3A13%3A16.6588792Z''\"","PartitionKey":"pk61d51ac3","RowKey":"rk61d51ac3","Timestamp":"2017-08-18T23:13:16.6588792Z","binary@odata.type":"Edm.Binary","binary":"YmluYXJ5","ratio":3.1,"age@odata.type":"Edm.Int64","age":"39","married":true,"sex":"male","large@odata.type":"Edm.Int64","large":"933311100","birthday@odata.type":"Edm.DateTime","birthday":"1970-10-04T00:00:00Z","evenratio":3.0,"clsid@odata.type":"Edm.Guid","clsid":"c9da6455-213d-42c9-9a79-3e9149a57833","Birthday@odata.type":"Edm.DateTime","Birthday":"1973-10-04T00:00:00Z","other":20,"deceased":false}'}
    headers:
      cache-control: [no-cache]
      content-type: [application/json;odata=minimalmetadata;streaming=true;charset=utf-8]
      date: ['Fri, 18 Aug 2017 23:13:58 GMT']
      etag: [W/"datetime'2017-08-18T23%3A13%3A16.6588792Z'"]
      server: [Windows-Azure-Table/1.0 Microsoft-HTTPAPI/2.0]
      transfer-encoding: [chunked]
      x-content-type-options: [nosniff]
      x-ms-request-id: [f818934f-0002-012b-5377-186639000000]
      x-ms-version: ['2017-04-17']
    status: {code: 200, message: OK}
- request:
    body: null
    headers:
      Accept: [application/json;odata=minimalmetadata]
      Connection: [keep-alive]
      DataServiceVersion: [3.0;NetFx]
      MaxDataServiceVersion: ['3.0']
      User-Agent: [Azure-Storage/0.36.0 (Python CPython 2.7.10; Darwin 16.7.0)]
      x-ms-client-request-id: [d1208485-846a-11e7-b305-b8e8564491f6]
      x-ms-date: ['Fri, 18 Aug 2017 23:14:40 GMT']
      x-ms-version: ['2017-04-17']
    method: GET
    uri: https://storagename.table.core.windows.net/uttable61d51ac3(PartitionKey='pk61d51ac3',RowKey='rk61d51ac3')
  response:
    body: {string: !!python/unicode '{"odata.metadata":"https://storagename.table.core.windows.net/$metadata#uttable61d51ac3/@Element","odata.etag":"W/\"datetime''2017-08-18T23%3A13%3A16.6588792Z''\"","PartitionKey":"pk61d51ac3","RowKey":"rk61d51ac3","Timestamp":"2017-08-18T23:13:16.6588792Z","binary@odata.type":"Edm.Binary","binary":"YmluYXJ5","ratio":3.1,"age@odata.type":"Edm.Int64","age":"39","married":true,"sex":"male","large@odata.type":"Edm.Int64","large":"933311100","birthday@odata.type":"Edm.DateTime","birthday":"1970-10-04T00:00:00Z","evenratio":3.0,"clsid@odata.type":"Edm.Guid","clsid":"c9da6455-213d-42c9-9a79-3e9149a57833","Birthday@odata.type":"Edm.DateTime","Birthday":"1973-10-04T00:00:00Z","other":20,"deceased":false}'}
    headers:
      cache-control: [no-cache]
      content-type: [application/json;odata=minimalmetadata;streaming=true;charset=utf-8]
      date: ['Fri, 18 Aug 2017 23:14:40 GMT']
      etag: [W/"datetime'2017-08-18T23%3A13%3A16.6588792Z'"]
      server: [Windows-Azure-Table/1.0 Microsoft-HTTPAPI/2.0]
      transfer-encoding: [chunked]
      x-content-type-options: [nosniff]
      x-ms-request-id: [f818ab38-0002-012b-6177-186639000000]
      x-ms-version: ['2017-04-17']
    status: {code: 200, message: OK}
version: 1
