interactions:
- request:
    body: null
    headers:
      Connection: [keep-alive]
      Content-Length: ['0']
      User-Agent: [Azure-Storage/1.4.0-2.0.0 (Python CPython 3.7.0; Darwin 18.5.0)]
      x-ms-client-request-id: [4fc9389a-71f3-11e9-b134-acde48001122]
      x-ms-date: ['Thu, 09 May 2019 00:42:24 GMT']
      x-ms-version: ['2018-11-09']
    method: PUT
    uri: https://storagename.blob.core.windows.net/utcontainer6f741a94?restype=container
  response:
    body: {string: ''}
    headers:
      Content-Length: ['0']
      Date: ['Thu, 09 May 2019 00:42:24 GMT']
      ETag: ['"0x8D6D417340CB3B7"']
      Last-Modified: ['Thu, 09 May 2019 00:42:24 GMT']
      Server: [Windows-Azure-Blob/1.0 Microsoft-HTTPAPI/2.0]
      x-ms-request-id: [2090472f-001e-0007-3a00-0639ae000000]
      x-ms-version: ['2018-11-09']
    status: {code: 201, message: Created}
- request:
    body: hello world
    headers:
      Connection: [keep-alive]
      Content-Length: ['11']
      User-Agent: [Azure-Storage/1.4.0-2.0.0 (Python CPython 3.7.0; Darwin 18.5.0)]
      x-ms-blob-type: [BlockBlob]
      x-ms-client-request-id: [4fde6b0c-71f3-11e9-b134-acde48001122]
      x-ms-date: ['Thu, 09 May 2019 00:42:24 GMT']
      x-ms-version: ['2018-11-09']
    method: PUT
    uri: https://storagename.blob.core.windows.net/utcontainer6f741a94/blob1
  response:
    body: {string: ''}
    headers:
      Content-Length: ['0']
      Content-MD5: [XrY7u+Ae7tCTyyK7j1rNww==]
      Date: ['Thu, 09 May 2019 00:42:24 GMT']
      ETag: ['"0x8D6D417341285F4"']
      Last-Modified: ['Thu, 09 May 2019 00:42:24 GMT']
      Server: [Windows-Azure-Blob/1.0 Microsoft-HTTPAPI/2.0]
      x-ms-request-id: [2090474a-001e-0007-5100-0639ae000000]
      x-ms-request-server-encrypted: ['true']
      x-ms-version: ['2018-11-09']
    status: {code: 201, message: Created}
- request:
    body: hello world
    headers:
      Connection: [keep-alive]
      Content-Length: ['11']
      If-Unmodified-Since: ['Thu, 09 May 2019 00:27:24 GMT']
      User-Agent: [Azure-Storage/1.4.0-2.0.0 (Python CPython 3.7.0; Darwin 18.5.0)]
      x-ms-blob-type: [BlockBlob]
      x-ms-client-request-id: [4fe4c902-71f3-11e9-b134-acde48001122]
      x-ms-date: ['Thu, 09 May 2019 00:42:24 GMT']
      x-ms-version: ['2018-11-09']
    method: PUT
    uri: https://storagename.blob.core.windows.net/utcontainer6f741a94/blob1
  response:
    body: {string: "\uFEFF<?xml version=\"1.0\" encoding=\"utf-8\"?><Error><Code>ConditionNotMet</Code><Message>The\
        \ condition specified using HTTP conditional header(s) is not met.\nRequestId:20904754-001e-0007-5b00-0639ae000000\n\
        Time:2019-05-09T00:42:24.2908646Z</Message></Error>"}
    headers:
      Content-Length: ['252']
      Content-Type: [application/xml]
      Date: ['Thu, 09 May 2019 00:42:24 GMT']
      Server: [Windows-Azure-Blob/1.0 Microsoft-HTTPAPI/2.0]
      x-ms-error-code: [ConditionNotMet]
      x-ms-request-id: [20904754-001e-0007-5b00-0639ae000000]
      x-ms-version: ['2018-11-09']
    status: {code: 412, message: The condition specified using HTTP conditional header(s)
        is not met.}
version: 1
