interactions:
- request:
    body: null
    headers:
      Connection: [keep-alive]
      Content-Length: ['0']
      User-Agent: [Azure-Storage/1.4.0-1.4.0 (Python CPython 3.7.0; Darwin 18.2.0)]
      x-ms-client-request-id: [1af6c050-e473-11e8-9ac5-acde48001122]
      x-ms-date: ['Fri, 09 Nov 2018 22:59:25 GMT']
      x-ms-version: ['2018-03-28']
    method: PUT
    uri: https://storagename.blob.core.windows.net/utcontainer70591aa8?restype=container
  response:
    body: {string: ''}
    headers:
      Date: ['Fri, 09 Nov 2018 22:59:25 GMT']
      ETag: ['"0x8D64696FF3FF1C5"']
      Last-Modified: ['Fri, 09 Nov 2018 22:59:26 GMT']
      Server: [Windows-Azure-Blob/1.0 Microsoft-HTTPAPI/2.0]
      Transfer-Encoding: [chunked]
      x-ms-request-id: [6712b3bb-b01e-0037-247f-786384000000]
      x-ms-version: ['2018-03-28']
    status: {code: 201, message: Created}
- request:
    body: hello world
    headers:
      Connection: [keep-alive]
      Content-Length: ['11']
      User-Agent: [Azure-Storage/1.4.0-1.4.0 (Python CPython 3.7.0; Darwin 18.2.0)]
      x-ms-blob-type: [BlockBlob]
      x-ms-client-request-id: [1b0ead5a-e473-11e8-9ac5-acde48001122]
      x-ms-date: ['Fri, 09 Nov 2018 22:59:26 GMT']
      x-ms-version: ['2018-03-28']
    method: PUT
    uri: https://storagename.blob.core.windows.net/utcontainer70591aa8/blob1
  response:
    body: {string: ''}
    headers:
      Content-MD5: [XrY7u+Ae7tCTyyK7j1rNww==]
      Date: ['Fri, 09 Nov 2018 22:59:26 GMT']
      ETag: ['"0x8D64696FF43A405"']
      Last-Modified: ['Fri, 09 Nov 2018 22:59:26 GMT']
      Server: [Windows-Azure-Blob/1.0 Microsoft-HTTPAPI/2.0]
      Transfer-Encoding: [chunked]
      x-ms-request-id: [6712b3f2-b01e-0037-527f-786384000000]
      x-ms-request-server-encrypted: ['true']
      x-ms-version: ['2018-03-28']
    status: {code: 201, message: Created}
- request:
    body: null
    headers:
      Connection: [keep-alive]
      Content-Length: ['0']
      If-None-Match: ['0x111111111111111']
      User-Agent: [Azure-Storage/1.4.0-1.4.0 (Python CPython 3.7.0; Darwin 18.2.0)]
      x-ms-client-request-id: [1b1536fc-e473-11e8-9ac5-acde48001122]
      x-ms-date: ['Fri, 09 Nov 2018 22:59:26 GMT']
      x-ms-version: ['2018-03-28']
    method: PUT
    uri: https://storagename.blob.core.windows.net/utcontainer70591aa8/blob1?comp=snapshot
  response:
    body: {string: ''}
    headers:
      Date: ['Fri, 09 Nov 2018 22:59:26 GMT']
      ETag: ['"0x8D64696FF43A405"']
      Last-Modified: ['Fri, 09 Nov 2018 22:59:26 GMT']
      Server: [Windows-Azure-Blob/1.0 Microsoft-HTTPAPI/2.0]
      Transfer-Encoding: [chunked]
      x-ms-request-id: [6712b410-b01e-0037-6f7f-786384000000]
      x-ms-snapshot: ['2018-11-09T22:59:26.1615980Z']
      x-ms-version: ['2018-03-28']
    status: {code: 201, message: Created}
version: 1
