interactions:
- request:
    body: null
    headers:
      Connection: [keep-alive]
      Content-Length: ['0']
      User-Agent: [Azure-Storage/0.36.0 (Python CPython 2.7.10; Darwin 16.7.0)]
      x-ms-client-request-id: [b1b0812e-981c-11e7-8a05-b8e8564491f6]
      x-ms-date: ['Wed, 13 Sep 2017 00:44:26 GMT']
      x-ms-version: ['2017-04-17']
    method: PUT
    uri: https://storagename.blob.core.windows.net/utcontainerdac91c1f?restype=container
  response:
    body: {string: !!python/unicode ''}
    headers:
      date: ['Wed, 13 Sep 2017 00:44:25 GMT']
      etag: ['"0x8D4FA4095E491E9"']
      last-modified: ['Wed, 13 Sep 2017 00:44:26 GMT']
      server: [Windows-Azure-Blob/1.0 Microsoft-HTTPAPI/2.0]
      transfer-encoding: [chunked]
      x-ms-request-id: [5febfbde-001e-0112-4a29-2c269d000000]
      x-ms-version: ['2017-04-17']
    status: {code: 201, message: Created}
- request:
    body: null
    headers:
      Connection: [keep-alive]
      Content-Length: ['0']
      User-Agent: [Azure-Storage/0.36.0 (Python CPython 2.7.10; Darwin 16.7.0)]
      x-ms-blob-type: [AppendBlob]
      x-ms-client-request-id: [b1d2b000-981c-11e7-b49f-b8e8564491f6]
      x-ms-date: ['Wed, 13 Sep 2017 00:44:26 GMT']
      x-ms-version: ['2017-04-17']
    method: PUT
    uri: https://storagename.blob.core.windows.net/utcontainerdac91c1f/blob1
  response:
    body: {string: !!python/unicode ''}
    headers:
      date: ['Wed, 13 Sep 2017 00:44:26 GMT']
      etag: ['"0x8D4FA4095FA0960"']
      last-modified: ['Wed, 13 Sep 2017 00:44:26 GMT']
      server: [Windows-Azure-Blob/1.0 Microsoft-HTTPAPI/2.0]
      transfer-encoding: [chunked]
      x-ms-request-id: [71acf6c9-001e-0134-4f29-2cbd29000000]
      x-ms-request-server-encrypted: ['true']
      x-ms-version: ['2017-04-17']
    status: {code: 201, message: Created}
- request:
    body: !!python/unicode 'block 0'
    headers:
      Connection: [keep-alive]
      Content-Length: ['7']
      If-Unmodified-Since: ['Wed, 13 Sep 2017 00:29:26 GMT']
      User-Agent: [Azure-Storage/0.36.0 (Python CPython 2.7.10; Darwin 16.7.0)]
      x-ms-client-request-id: [b1ecbba6-981c-11e7-9acf-b8e8564491f6]
      x-ms-date: ['Wed, 13 Sep 2017 00:44:26 GMT']
      x-ms-version: ['2017-04-17']
    method: PUT
    uri: https://storagename.blob.core.windows.net/utcontainerdac91c1f/blob1?comp=appendblock
  response:
    body: {string: "\uFEFF<?xml version=\"1.0\" encoding=\"utf-8\"?><Error><Code>ConditionNotMet</Code><Message>The\
        \ condition specified using HTTP conditional header(s) is not met.\nRequestId:71acf6e4-001e-0134-6629-2cbd29000000\n\
        Time:2017-09-13T00:44:26.7942696Z</Message></Error>"}
    headers:
      content-length: ['252']
      content-type: [application/xml]
      date: ['Wed, 13 Sep 2017 00:44:26 GMT']
      server: [Windows-Azure-Blob/1.0 Microsoft-HTTPAPI/2.0]
      x-ms-request-id: [71acf6e4-001e-0134-6629-2cbd29000000]
      x-ms-version: ['2017-04-17']
    status: {code: 412, message: The condition specified using HTTP conditional header(s)
        is not met.}
version: 1
